Component: ARM Compiler 5.06 update 6 (build 750) Tool: armlink [4d35ed]

==============================================================================

Section Cross References

    stm32_delay_asm.o(i._delay_ms) refers to dflt_clz.o(x$fpl$dflt) for __aeabi_i2d
    stm32_delay_asm.o(i._delay_ms) refers to dmul.o(x$fpl$dmul) for __aeabi_dmul
    stm32_delay_asm.o(i._delay_ms) refers to dfixu.o(x$fpl$dfixu) for __aeabi_d2uiz
    stm32_delay_asm.o(i._delay_ms) refers to stm32_delay_asm.o(.emb_text) for _delay_loop
    stm32_delay_asm.o(i._delay_ms) refers to stm32_delay_asm.o(.data) for sys_clk_var
    stm32_delay_asm.o(i._delay_us) refers to stm32_delay_asm.o(.emb_text) for _delay_loop
    stm32_delay_asm.o(i._delay_us) refers to stm32_delay_asm.o(.data) for sys_clk_var
    stm32_delay_asm.o(i.delay_init) refers to system_stm32f10x.o(i.SystemCoreClockUpdate) for SystemCoreClockUpdate
    stm32_delay_asm.o(i.delay_init) refers to dflt_clz.o(x$fpl$dfltu) for __aeabi_ui2d
    stm32_delay_asm.o(i.delay_init) refers to ddiv.o(x$fpl$ddiv) for __aeabi_ddiv
    stm32_delay_asm.o(i.delay_init) refers to dfixu.o(x$fpl$dfixu) for __aeabi_d2uiz
    stm32_delay_asm.o(i.delay_init) refers to system_stm32f10x.o(.data) for SystemCoreClock
    stm32_delay_asm.o(i.delay_init) refers to stm32_delay_asm.o(.data) for sys_clk_var
    tft_spi.o(i.Switch) refers to tft_spi.o(.data) for zero
    tft_spi.o(i.Switch) refers to tft_spi.o(.bss) for num_arr
    tft_spi.o(i.gpio_all_outOD) refers to stm32f10x_rcc.o(i.RCC_APB2PeriphClockCmd) for RCC_APB2PeriphClockCmd
    tft_spi.o(i.gpio_all_outOD) refers to tft_spi.o(i.gpio_config) for gpio_config
    tft_spi.o(i.gpio_all_outPP) refers to stm32f10x_rcc.o(i.RCC_APB2PeriphClockCmd) for RCC_APB2PeriphClockCmd
    tft_spi.o(i.gpio_all_outPP) refers to tft_spi.o(i.gpio_config) for gpio_config
    tft_spi.o(i.gpio_config) refers to stm32f10x_gpio.o(i.GPIO_Init) for GPIO_Init
    tft_spi.o(i.tft_7x8) refers to tft_spi.o(i.Switch) for Switch
    tft_spi.o(i.tft_7x8) refers to tft_spi.o(i.tft_spi_command) for tft_spi_command
    tft_spi.o(i.tft_7x8) refers to tft_spi.o(i.tft_spi_data) for tft_spi_data
    tft_spi.o(i.tft_7x8) refers to tft_spi.o(.bss) for num_arr
    tft_spi.o(i.tft_7x8) refers to tft_spi.o(.data) for bgR
    tft_spi.o(i.tft_adr) refers to tft_spi.o(.data) for crdX
    tft_spi.o(i.tft_bgr) refers to tft_spi.o(i.tft_spi_command) for tft_spi_command
    tft_spi.o(i.tft_bgr) refers to tft_spi.o(i.tft_spi_data) for tft_spi_data
    tft_spi.o(i.tft_bgr) refers to tft_spi.o(.data) for bgR
    tft_spi.o(i.tft_bksps) refers to tft_spi.o(i.tft_7x8) for tft_7x8
    tft_spi.o(i.tft_bksps) refers to tft_spi.o(.data) for crdX
    tft_spi.o(i.tft_clear) refers to tft_spi.o(i.tft_bgr) for tft_bgr
    tft_spi.o(i.tft_clear) refers to tft_spi.o(i.tft_adr) for tft_adr
    tft_spi.o(i.tft_clear) refers to tft_spi.o(.data) for bgB
    tft_spi.o(i.tft_dec) refers to lludivv7m.o(.text) for __aeabi_uldivmod
    tft_spi.o(i.tft_dec) refers to tft_spi.o(i.tft_7x8) for tft_7x8
    tft_spi.o(i.tft_dec) refers to tft_spi.o(.data) for crdX
    tft_spi.o(i.tft_dec_value) refers to tft_spi.o(i.tft_w) for tft_w
    tft_spi.o(i.tft_dec_value) refers to tft_spi.o(i.tft_dec) for tft_dec
    tft_spi.o(i.tft_float_dec) refers to dleqf.o(x$fpl$dleqf) for __aeabi_cdcmple
    tft_spi.o(i.tft_float_dec) refers to tft_spi.o(i.tft_w) for tft_w
    tft_spi.o(i.tft_float_dec) refers to ddiv.o(x$fpl$ddiv) for __aeabi_ddiv
    tft_spi.o(i.tft_float_dec) refers to dfixull.o(x$fpl$llufromd) for __aeabi_d2ulz
    tft_spi.o(i.tft_float_dec) refers to dmul.o(x$fpl$dmul) for __aeabi_dmul
    tft_spi.o(i.tft_float_dec) refers to tft_spi.o(i.tft_dec) for tft_dec
    tft_spi.o(i.tft_float_dec) refers to dfltll_clz.o(x$fpl$dfltull) for __aeabi_ul2d
    tft_spi.o(i.tft_float_dec) refers to daddsub_clz.o(x$fpl$drsb) for __aeabi_drsub
    tft_spi.o(i.tft_float_dec_value) refers to tft_spi.o(i.tft_w) for tft_w
    tft_spi.o(i.tft_float_dec_value) refers to tft_spi.o(i.tft_float_dec) for tft_float_dec
    tft_spi.o(i.tft_hex) refers to lludivv7m.o(.text) for __aeabi_uldivmod
    tft_spi.o(i.tft_hex) refers to tft_spi.o(i.tft_7x8) for tft_7x8
    tft_spi.o(i.tft_hex) refers to tft_spi.o(.data) for crdX
    tft_spi.o(i.tft_hex_value) refers to tft_spi.o(i.tft_w) for tft_w
    tft_spi.o(i.tft_hex_value) refers to tft_spi.o(i.tft_hex) for tft_hex
    tft_spi.o(i.tft_init) refers to stm32_delay_asm.o(i._delay_ms) for _delay_ms
    tft_spi.o(i.tft_init) refers to tft_spi.o(i.tft_spi_command) for tft_spi_command
    tft_spi.o(i.tft_init) refers to tft_spi.o(i.tft_spi_data) for tft_spi_data
    tft_spi.o(i.tft_init) refers to tft_spi.o(i.tft_bgr) for tft_bgr
    tft_spi.o(i.tft_init_defaults) refers to tft_spi.o(i.tft_spi_init) for tft_spi_init
    tft_spi.o(i.tft_init_defaults) refers to tft_spi.o(i.tft_init) for tft_init
    tft_spi.o(i.tft_newl) refers to tft_spi.o(.data) for crdX
[...]
    ../clib/signal.c                         0x00000000   Number         0  defsig_pvfn_inner.o ABSOLUTE
    ../clib/signal.c                         0x00000000   Number         0  defsig_fpe_inner.o ABSOLUTE
    ../clib/signal.c                         0x00000000   Number         0  defsig_exit.o ABSOLUTE
    ../clib/signal.c                         0x00000000   Number         0  __raise.o ABSOLUTE
    ../clib/signal.c                         0x00000000   Number         0  defsig_general.o ABSOLUTE
    ../clib/signal.c                         0x00000000   Number         0  defsig_fpe_outer.o ABSOLUTE
    ../clib/signal.c                         0x00000000   Number         0  defsig_rtmem_inner.o ABSOLUTE
    ../clib/signal.s                         0x00000000   Number         0  defsig.o ABSOLUTE
    ../clib/stdlib.c                         0x00000000   Number         0  exit.o ABSOLUTE
    ../clib/string.c                         0x00000000   Number         0  strlen.o ABSOLUTE
    ../fplib/daddsub.s                       0x00000000   Number         0  daddsub_clz.o ABSOLUTE
    ../fplib/dcmpi.s                         0x00000000   Number         0  dcmpi.o ABSOLUTE
    ../fplib/ddiv.s                          0x00000000   Number         0  ddiv.o ABSOLUTE
    ../fplib/dfixu.s                         0x00000000   Number         0  dfixu.o ABSOLUTE
    ../fplib/dfixull.s                       0x00000000   Number         0  dfixull.o ABSOLUTE
    ../fplib/dflt.s                          0x00000000   Number         0  dflt_clz.o ABSOLUTE
    ../fplib/dfltll.s                        0x00000000   Number         0  dfltll_clz.o ABSOLUTE
    ../fplib/dleqf.s                         0x00000000   Number         0  dleqf.o ABSOLUTE
    ../fplib/dmul.s                          0x00000000   Number         0  dmul.o ABSOLUTE
    ../fplib/dnaninf.s                       0x00000000   Number         0  dnaninf.o ABSOLUTE
    ../fplib/dretinf.s                       0x00000000   Number         0  dretinf.o ABSOLUTE
    ../fplib/fpinit.s                        0x00000000   Number         0  fpinit.o ABSOLUTE
    ../fplib/usenofp.s                       0x00000000   Number         0  usenofp.o ABSOLUTE
    ..\0src\TFT_SPI.c                        0x00000000   Number         0  tft_spi.o ABSOLUTE
    ..\0src\src\stm32_it.c                   0x00000000   Number         0  stm32_it.o ABSOLUTE
    ..\0src\stm32_delay_asm.c                0x00000000   Number         0  stm32_delay_asm.o ABSOLUTE
    ..\STM32_USB_CDC_libs\hw_config.c        0x00000000   Number         0  hw_config.o ABSOLUTE
    ..\STM32_USB_CDC_libs\usb_core.c         0x00000000   Number         0  usb_core.o ABSOLUTE
    ..\STM32_USB_CDC_libs\usb_desc.c         0x00000000   Number         0  usb_desc.o ABSOLUTE
    ..\STM32_USB_CDC_libs\usb_endp.c         0x00000000   Number         0  usb_endp.o ABSOLUTE
    ..\STM32_USB_CDC_libs\usb_init.c         0x00000000   Number         0  usb_init.o ABSOLUTE
    ..\STM32_USB_CDC_libs\usb_int.c          0x00000000   Number         0  usb_int.o ABSOLUTE
    ..\STM32_USB_CDC_libs\usb_istr.c         0x00000000   Number         0  usb_istr.o ABSOLUTE
    ..\STM32_USB_CDC_libs\usb_mem.c          0x00000000   Number         0  usb_mem.o ABSOLUTE
    ..\STM32_USB_CDC_libs\usb_prop.c         0x00000000   Number         0  usb_prop.o ABSOLUTE
    ..\STM32_USB_CDC_libs\usb_pwr.c          0x00000000   Number         0  usb_pwr.o ABSOLUTE
    ..\STM32_USB_CDC_libs\usb_regs.c         0x00000000   Number         0  usb_regs.o ABSOLUTE
    ..\STM32_USB_CDC_libs\usb_sil.c          0x00000000   Number         0  usb_sil.o ABSOLUTE
    ..\\0src\\TFT_SPI.c                      0x00000000   Number         0  tft_spi.o ABSOLUTE
    ..\\0src\\src\\stm32_it.c                0x00000000   Number         0  stm32_it.o ABSOLUTE
    ..\\0src\\stm32_delay_asm.c              0x00000000   Number         0  stm32_delay_asm.o ABSOLUTE
    ..\\STM32_USB_CDC_libs\\hw_config.c      0x00000000   Number         0  hw_config.o ABSOLUTE
    ..\\STM32_USB_CDC_libs\\usb_core.c       0x00000000   Number         0  usb_core.o ABSOLUTE
    ..\\STM32_USB_CDC_libs\\usb_desc.c       0x00000000   Number         0  usb_desc.o ABSOLUTE
    ..\\STM32_USB_CDC_libs\\usb_endp.c       0x00000000   Number         0  usb_endp.o ABSOLUTE
    ..\\STM32_USB_CDC_libs\\usb_init.c       0x00000000   Number         0  usb_init.o ABSOLUTE
    ..\\STM32_USB_CDC_libs\\usb_int.c        0x00000000   Number         0  usb_int.o ABSOLUTE
    ..\\STM32_USB_CDC_libs\\usb_istr.c       0x00000000   Number         0  usb_istr.o ABSOLUTE
    ..\\STM32_USB_CDC_libs\\usb_mem.c        0x00000000   Number         0  usb_mem.o ABSOLUTE
    ..\\STM32_USB_CDC_libs\\usb_prop.c       0x00000000   Number         0  usb_prop.o ABSOLUTE
    ..\\STM32_USB_CDC_libs\\usb_pwr.c        0x00000000   Number         0  usb_pwr.o ABSOLUTE
    ..\\STM32_USB_CDC_libs\\usb_regs.c       0x00000000   Number         0  usb_regs.o ABSOLUTE
    ..\\STM32_USB_CDC_libs\\usb_sil.c        0x00000000   Number         0  usb_sil.o ABSOLUTE
    C:\Keil_v5\ARM\PACK\Keil\STM32F1xx_DFP\2.2.0\Device\StdPeriph_Driver\src\misc.c 0x00000000   Number         0  misc.o ABSOLUTE
    C:\Keil_v5\ARM\PACK\Keil\STM32F1xx_DFP\2.2.0\Device\StdPeriph_Driver\src\stm32f10x_exti.c 0x00000000   Number         0  stm32f10x_exti.o ABSOLUTE
    C:\Keil_v5\ARM\PACK\Keil\STM32F1xx_DFP\2.2.0\Device\StdPeriph_Driver\src\stm32f10x_gpio.c 0x00000000   Number         0  stm32f10x_gpio.o ABSOLUTE
    C:\Keil_v5\ARM\PACK\Keil\STM32F1xx_DFP\2.2.0\Device\StdPeriph_Driver\src\stm32f10x_rcc.c 0x00000000   Number         0  stm32f10x_rcc.o ABSOLUTE
    C:\Keil_v5\ARM\PACK\Keil\STM32F1xx_DFP\2.2.0\Device\StdPeriph_Driver\src\stm32f10x_spi.c 0x00000000   Number         0  stm32f10x_spi.o ABSOLUTE
    C:\\Keil_v5\\ARM\\PACK\\Keil\\STM32F1xx_DFP\\2.2.0\\Device\\StdPeriph_Driver\\src\\misc.c 0x00000000   Number         0  misc.o ABSOLUTE
    C:\\Keil_v5\\ARM\\PACK\\Keil\\STM32F1xx_DFP\\2.2.0\\Device\\StdPeriph_Driver\\src\\stm32f10x_exti.c 0x00000000   Number         0  stm32f10x_exti.o ABSOLUTE
    C:\\Keil_v5\\ARM\\PACK\\Keil\\STM32F1xx_DFP\\2.2.0\\Device\\StdPeriph_Driver\\src\\stm32f10x_gpio.c 0x00000000   Number         0  stm32f10x_gpio.o ABSOLUTE
    C:\\Keil_v5\\ARM\\PACK\\Keil\\STM32F1xx_DFP\\2.2.0\\Device\\StdPeriph_Driver\\src\\stm32f10x_rcc.c 0x00000000   Number         0  stm32f10x_rcc.o ABSOLUTE
    C:\\Keil_v5\\ARM\\PACK\\Keil\\STM32F1xx_DFP\\2.2.0\\Device\\StdPeriph_Driver\\src\\stm32f10x_spi.c 0x00000000   Number         0  stm32f10x_spi.o ABSOLUTE
    RTE\Device\STM32F103C8\startup_stm32f10x_md.s 0x00000000   Number         0  startup_stm32f10x_md.o ABSOLUTE
    RTE\Device\STM32F103C8\system_stm32f10x.c 0x00000000   Number         0  system_stm32f10x.o ABSOLUTE
    RTE\\Device\\STM32F103C8\\system_stm32f10x.c 0x00000000   Number         0  system_stm32f10x.o ABSOLUTE
    dc.s                                     0x00000000   Number         0  dc.o ABSOLUTE
    test_main.c                              0x00000000   Number         0  test_main.o ABSOLUTE
    test_main.c                              0x00000000   Number         0  test_main.o ABSOLUTE
    RESET                                    0x08000000   Section      236  startup_stm32f10x_md.o(RESET)
    !!!main                                  0x080000ec   Section        8  __main.o(!!!main)
    !!!scatter                               0x080000f4   Section       52  __scatter.o(!!!scatter)
    !!dczerorl2                              0x08000128   Section       90  __dczerorl2.o(!!dczerorl2)
    !!handler_zi                             0x08000184   Section       28  __scatter_zi.o(!!handler_zi)
    .ARM.Collect$$libinit$$00000000          0x080001a0   Section        2  libinit.o(.ARM.Collect$$libinit$$00000000)
    .ARM.Collect$$libinit$$00000002          0x080001a2   Section        0  libinit2.o(.ARM.Collect$$libinit$$00000002)
    .ARM.Collect$$libinit$$00000004          0x080001a2   Section        0  libinit2.o(.ARM.Collect$$libinit$$00000004)
    .ARM.Collect$$libinit$$0000000A          0x080001a2   Section        0  libinit2.o(.ARM.Collect$$libinit$$0000000A)
    .ARM.Collect$$libinit$$0000000C          0x080001a2   Section        0  libinit2.o(.ARM.Collect$$libinit$$0000000C)
    .ARM.Collect$$libinit$$0000000E          0x080001a2   Section        0  libinit2.o(.ARM.Collect$$libinit$$0000000E)
    .ARM.Collect$$libinit$$00000011          0x080001a2   Section        0  libinit2.o(.ARM.Collect$$libinit$$00000011)
    .ARM.Collect$$libinit$$00000013          0x080001a2   Section        0  libinit2.o(.ARM.Collect$$libinit$$00000013)
    .ARM.Collect$$libinit$$00000015          0x080001a2   Section        0  libinit2.o(.ARM.Collect$$libinit$$00000015)
    .ARM.Collect$$libinit$$00000017          0x080001a2   Section        0  libinit2.o(.ARM.Collect$$libinit$$00000017)
    .ARM.Collect$$libinit$$00000019          0x080001a2   Section        0  libinit2.o(.ARM.Collect$$libinit$$00000019)
    .ARM.Collect$$libinit$$0000001B          0x080001a2   Section        0  libinit2.o(.ARM.Collect$$libinit$$0000001B)
    .ARM.Collect$$libinit$$0000001D          0x080001a2   Section        0  libinit2.o(.ARM.Collect$$libinit$$0000001D)
    .ARM.Collect$$libinit$$0000001F          0x080001a2   Section        0  libinit2.o(.ARM.Collect$$libinit$$0000001F)
    .ARM.Collect$$libinit$$00000021          0x080001a2   Section        0  libinit2.o(.ARM.Collect$$libinit$$00000021)
    .ARM.Collect$$libinit$$00000023          0x080001a2   Section        0  libinit2.o(.ARM.Collect$$libinit$$00000023)
    .ARM.Collect$$libinit$$00000025          0x080001a2   Section        0  libinit2.o(.ARM.Collect$$libinit$$00000025)
    .ARM.Collect$$libinit$$0000002C          0x080001a2   Section        0  libinit2.o(.ARM.Collect$$libinit$$0000002C)
    .ARM.Collect$$libinit$$0000002E          0x080001a2   Section        0  libinit2.o(.ARM.Collect$$libinit$$0000002E)
    .ARM.Collect$$libinit$$00000030          0x080001a2   Section        0  libinit2.o(.ARM.Collect$$libinit$$00000030)
    .ARM.Collect$$libinit$$00000032          0x080001a2   Section        0  libinit2.o(.ARM.Collect$$libinit$$00000032)
    .ARM.Collect$$libinit$$00000033          0x080001a2   Section        2  libinit2.o(.ARM.Collect$$libinit$$00000033)
    .ARM.Collect$$libshutdown$$00000000      0x080001a4   Section        2  libshutdown.o(.ARM.Collect$$libshutdown$$00000000)
    .ARM.Collect$$libshutdown$$00000002      0x080001a6   Section        0  libshutdown2.o(.ARM.Collect$$libshutdown$$00000002)
    .ARM.Collect$$libshutdown$$00000004      0x080001a6   Section        0  libshutdown2.o(.ARM.Collect$$libshutdown$$00000004)
    .ARM.Collect$$libshutdown$$00000007      0x080001a6   Section        0  libshutdown2.o(.ARM.Collect$$libshutdown$$00000007)
    .ARM.Collect$$libshutdown$$0000000A      0x080001a6   Section        0  libshutdown2.o(.ARM.Collect$$libshutdown$$0000000A)
    .ARM.Collect$$libshutdown$$0000000C      0x080001a6   Section        0  libshutdown2.o(.ARM.Collect$$libshutdown$$0000000C)
    .ARM.Collect$$libshutdown$$0000000F      0x080001a6   Section        0  libshutdown2.o(.ARM.Collect$$libshutdown$$0000000F)
    .ARM.Collect$$libshutdown$$00000010      0x080001a6   Section        2  libshutdown2.o(.ARM.Collect$$libshutdown$$00000010)
    .ARM.Collect$$rtentry$$00000000          0x080001a8   Section        0  __rtentry.o(.ARM.Collect$$rtentry$$00000000)
    .ARM.Collect$$rtentry$$00000002          0x080001a8   Section        0  __rtentry2.o(.ARM.Collect$$rtentry$$00000002)
    .ARM.Collect$$rtentry$$00000004          0x080001a8   Section        6  __rtentry4.o(.ARM.Collect$$rtentry$$00000004)
    .ARM.Collect$$rtentry$$00000009          0x080001ae   Section        0  __rtentry2.o(.ARM.Collect$$rtentry$$00000009)
    .ARM.Collect$$rtentry$$0000000A          0x080001ae   Section        4  __rtentry2.o(.ARM.Collect$$rtentry$$0000000A)
    .ARM.Collect$$rtentry$$0000000C          0x080001b2   Section        0  __rtentry2.o(.ARM.Collect$$rtentry$$0000000C)
    .ARM.Collect$$rtentry$$0000000D          0x080001b2   Section        8  __rtentry2.o(.ARM.Collect$$rtentry$$0000000D)
    .ARM.Collect$$rtexit$$00000000           0x080001ba   Section        2  rtexit.o(.ARM.Collect$$rtexit$$00000000)
    .ARM.Collect$$rtexit$$00000002           0x080001bc   Section        0  rtexit2.o(.ARM.Collect$$rtexit$$00000002)
    .ARM.Collect$$rtexit$$00000003           0x080001bc   Section        4  rtexit2.o(.ARM.Collect$$rtexit$$00000003)
    .ARM.Collect$$rtexit$$00000004           0x080001c0   Section        6  rtexit2.o(.ARM.Collect$$rtexit$$00000004)
    .emb_text                                0x080001c8   Section        6  stm32_delay_asm.o(.emb_text)
    .text                                    0x080001d0   Section       64  startup_stm32f10x_md.o(.text)
    .text                                    0x08000210   Section      238  lludivv7m.o(.text)
    .text                                    0x080002fe   Section        0  strlen.o(.text)
    .text                                    0x0800033c   Section        0  heapauxi.o(.text)
    .text                                    0x08000342   Section       74  sys_stackheap_outer.o(.text)
    .text                                    0x0800038c   Section        0  exit.o(.text)
    .text                                    0x080003a0   Section        8  libspace.o(.text)
    .text                                    0x080003a8   Section        0  sys_exit.o(.text)
    .text                                    0x080003b4   Section        2  use_no_semi.o(.text)
    .text                                    0x080003b6   Section        0  indicate_semi.o(.text)
    i.BusFault_Handler                       0x080003b6   Section        0  stm32_it.o(i.BusFault_Handler)
    i.ByteSwap                               0x080003ba   Section        0  usb_regs.o(i.ByteSwap)
    i.CTR_LP                                 0x080003c8   Section        0  usb_int.o(i.CTR_LP)
    i.ClearDTOG_RX                           0x08000650   Section        0  usb_regs.o(i.ClearDTOG_RX)
    i.ClearDTOG_TX                           0x08000684   Section        0  usb_regs.o(i.ClearDTOG_TX)
    i.Clear_Status_Out                       0x080006b8   Section        0  usb_regs.o(i.Clear_Status_Out)
    i.DataStageIn                            0x080006e0   Section        0  usb_core.o(i.DataStageIn)
    DataStageIn                              0x080006e1   Thumb Code   166  usb_core.o(i.DataStageIn)
    i.DataStageOut                           0x080007a0   Section        0  usb_core.o(i.DataStageOut)
    DataStageOut                             0x080007a1   Thumb Code   166  usb_core.o(i.DataStageOut)
    i.Data_Setup0                            0x0800085c   Section        0  usb_core.o(i.Data_Setup0)
    Data_Setup0                              0x0800085d   Thumb Code   628  usb_core.o(i.Data_Setup0)
    i.DebugMon_Handler                       0x08000af4   Section        0  stm32_it.o(i.DebugMon_Handler)
    i.EP1_IN_Callback                        0x08000af8   Section        0  usb_endp.o(i.EP1_IN_Callback)
    i.EP3_OUT_Callback                       0x08000b04   Section        0  usb_endp.o(i.EP3_OUT_Callback)
    i.EXTI_ClearITPendingBit                 0x08000b34   Section        0  stm32f10x_exti.o(i.EXTI_ClearITPendingBit)
    i.EXTI_Init                              0x08000b40   Section        0  stm32f10x_exti.o(i.EXTI_Init)
    i.GPIO_Init                              0x08000bd4   Section        0  stm32f10x_gpio.o(i.GPIO_Init)
    i.GPIO_ResetBits                         0x08000cea   Section        0  stm32f10x_gpio.o(i.GPIO_ResetBits)
    i.GPIO_SetBits                           0x08000cee   Section        0  stm32f10x_gpio.o(i.GPIO_SetBits)
    i.GetEPRxAddr                            0x08000cf4   Section        0  usb_regs.o(i.GetEPRxAddr)
    i.GetEPRxCount                           0x08000d14   Section        0  usb_regs.o(i.GetEPRxCount)
    i.GetEPTxAddr                            0x08000d38   Section        0  usb_regs.o(i.GetEPTxAddr)
    i.Get_SerialNum                          0x08000d58   Section        0  hw_config.o(i.Get_SerialNum)
    i.HardFault_Handler                      0x08000d8c   Section        0  stm32_it.o(i.HardFault_Handler)
    i.In0_Process                            0x08000d90   Section        0  usb_core.o(i.In0_Process)
    i.IntToUnicode                           0x08000e00   Section        0  hw_config.o(i.IntToUnicode)
    IntToUnicode                             0x08000e01   Thumb Code    62  hw_config.o(i.IntToUnicode)
    i.Leave_LowPowerMode                     0x08000e40   Section        0  hw_config.o(i.Leave_LowPowerMode)
    i.MemManage_Handler                      0x08000e64   Section        0  stm32_it.o(i.MemManage_Handler)
    i.NMI_Handler                            0x08000e68   Section        0  stm32_it.o(i.NMI_Handler)
    i.NOP_Process                            0x08000e6a   Section        0  usb_core.o(i.NOP_Process)
    i.NoData_Setup0                          0x08000e6c   Section        0  usb_core.o(i.NoData_Setup0)
    NoData_Setup0                            0x08000e6d   Thumb Code   290  usb_core.o(i.NoData_Setup0)
    i.Out0_Process                           0x08000fa4   Section        0  usb_core.o(i.Out0_Process)
    i.PMAToUserBufferCopy                    0x08000ff4   Section        0  usb_mem.o(i.PMAToUserBufferCopy)
    i.PendSV_Handler                         0x0800101c   Section        0  stm32_it.o(i.PendSV_Handler)
    i.Post0_Process                          0x08001020   Section        0  usb_core.o(i.Post0_Process)
    i.PowerOn                                0x08001068   Section        0  usb_pwr.o(i.PowerOn)
    i.RCC_APB1PeriphClockCmd                 0x080010a8   Section        0  stm32f10x_rcc.o(i.RCC_APB1PeriphClockCmd)
    i.RCC_APB2PeriphClockCmd                 0x080010c8   Section        0  stm32f10x_rcc.o(i.RCC_APB2PeriphClockCmd)
    i.Resume                                 0x080010e8   Section        0  usb_pwr.o(i.Resume)
    i.Resume_Init                            0x080011b8   Section        0  usb_pwr.o(i.Resume_Init)
    i.SPI_Cmd                                0x080011dc   Section        0  stm32f10x_spi.o(i.SPI_Cmd)
    i.SPI_Init                               0x080011f4   Section        0  stm32f10x_spi.o(i.SPI_Init)
    i.SVC_Handler                            0x08001230   Section        0  stm32_it.o(i.SVC_Handler)
    i.SetBTABLE                              0x08001234   Section        0  usb_regs.o(i.SetBTABLE)
    i.SetDeviceAddress                       0x08001244   Section        0  usb_core.o(i.SetDeviceAddress)
    i.SetEPRxAddr                            0x08001294   Section        0  usb_regs.o(i.SetEPRxAddr)
    i.SetEPRxCount                           0x080012b8   Section        0  usb_regs.o(i.SetEPRxCount)
    i.SetEPRxStatus                          0x08001304   Section        0  usb_regs.o(i.SetEPRxStatus)
    i.SetEPRxValid                           0x08001344   Section        0  usb_regs.o(i.SetEPRxValid)
    i.SetEPTxAddr                            0x08001378   Section        0  usb_regs.o(i.SetEPTxAddr)
    i.SetEPTxCount                           0x08001398   Section        0  usb_regs.o(i.SetEPTxCount)
    i.SetEPTxStatus                          0x080013b4   Section        0  usb_regs.o(i.SetEPTxStatus)
    i.SetEPType                              0x080013f4   Section        0  usb_regs.o(i.SetEPType)
    i.SetSysClock                            0x08001418   Section        0  system_stm32f10x.o(i.SetSysClock)
    SetSysClock                              0x08001419   Thumb Code     8  system_stm32f10x.o(i.SetSysClock)
    i.SetSysClockTo72                        0x08001420   Section        0  system_stm32f10x.o(i.SetSysClockTo72)
    SetSysClockTo72                          0x08001421   Thumb Code   214  system_stm32f10x.o(i.SetSysClockTo72)
    i.Set_System                             0x08001500   Section        0  hw_config.o(i.Set_System)
    i.Setup0_Process                         0x08001550   Section        0  usb_core.o(i.Setup0_Process)
    i.Standard_ClearFeature                  0x08001608   Section        0  usb_core.o(i.Standard_ClearFeature)
    i.Standard_GetConfiguration              0x08001774   Section        0  usb_core.o(i.Standard_GetConfiguration)
    i.Standard_GetDescriptorData             0x080017a0   Section        0  usb_core.o(i.Standard_GetDescriptorData)
    i.Standard_GetInterface                  0x080017c4   Section        0  usb_core.o(i.Standard_GetInterface)
    i.Standard_GetStatus                     0x080017f0   Section        0  usb_core.o(i.Standard_GetStatus)
    i.Standard_SetConfiguration              0x080018f0   Section        0  usb_core.o(i.Standard_SetConfiguration)
    i.Standard_SetDeviceFeature              0x08001938   Section        0  usb_core.o(i.Standard_SetDeviceFeature)
    i.Standard_SetEndPointFeature            0x08001960   Section        0  usb_core.o(i.Standard_SetEndPointFeature)
    i.Standard_SetInterface                  0x08001a30   Section        0  usb_core.o(i.Standard_SetInterface)
    i.Suspend                                0x08001a9c   Section        0  usb_pwr.o(i.Suspend)
    i.Switch                                 0x08001ba0   Section        0  tft_spi.o(i.Switch)
    i.SysTick_Handler                        0x080021f4   Section        0  stm32_it.o(i.SysTick_Handler)
    i.SystemCoreClockUpdate                  0x080021f8   Section        0  system_stm32f10x.o(i.SystemCoreClockUpdate)
    i.SystemInit                             0x0800229c   Section        0  system_stm32f10x.o(i.SystemInit)
    i.USBWakeUp_IRQHandler                   0x080022fc   Section        0  stm32_it.o(i.USBWakeUp_IRQHandler)
    i.USB_Cable_Config                       0x08002308   Section        0  hw_config.o(i.USB_Cable_Config)
    i.USB_Istr                               0x0800232c   Section        0  usb_istr.o(i.USB_Istr)
    i.USB_LP_CAN1_RX0_IRQHandler             0x080024f8   Section        0  stm32_it.o(i.USB_LP_CAN1_RX0_IRQHandler)
    i.USB_SIL_Init                           0x08002500   Section        0  usb_sil.o(i.USB_SIL_Init)
    i.UsageFault_Handler                     0x08002524   Section        0  stm32_it.o(i.UsageFault_Handler)
    i.UserToPMABufferCopy                    0x08002528   Section        0  usb_mem.o(i.UserToPMABufferCopy)
    i.Virtual_Com_Port_Data_Setup            0x08002560   Section        0  usb_prop.o(i.Virtual_Com_Port_Data_Setup)
    i.Virtual_Com_Port_GetConfigDescriptor   0x080025c4   Section        0  usb_prop.o(i.Virtual_Com_Port_GetConfigDescriptor)
    i.Virtual_Com_Port_GetDeviceDescriptor   0x080025d8   Section        0  usb_prop.o(i.Virtual_Com_Port_GetDeviceDescriptor)
    i.Virtual_Com_Port_GetLineCoding         0x080025ec   Section        0  usb_prop.o(i.Virtual_Com_Port_GetLineCoding)
    i.Virtual_Com_Port_GetStringDescriptor   0x08002608   Section        0  usb_prop.o(i.Virtual_Com_Port_GetStringDescriptor)
    i.Virtual_Com_Port_Get_Interface_Setting 0x08002630   Section        0  usb_prop.o(i.Virtual_Com_Port_Get_Interface_Setting)
    i.Virtual_Com_Port_NoData_Setup          0x08002648   Section        0  usb_prop.o(i.Virtual_Com_Port_NoData_Setup)
    i.Virtual_Com_Port_Reset                 0x08002670   Section        0  usb_prop.o(i.Virtual_Com_Port_Reset)
    i.Virtual_Com_Port_SetConfiguration      0x08002758   Section        0  usb_prop.o(i.Virtual_Com_Port_SetConfiguration)
    i.Virtual_Com_Port_SetDeviceAddress      0x08002770   Section        0  usb_prop.o(i.Virtual_Com_Port_SetDeviceAddress)
    i.Virtual_Com_Port_SetLineCoding         0x0800277c   Section        0  usb_prop.o(i.Virtual_Com_Port_SetLineCoding)
    i.Virtual_Com_Port_Status_In             0x08002798   Section        0  usb_prop.o(i.Virtual_Com_Port_Status_In)
    i.Virtual_Com_Port_Status_Out            0x080027ac   Section        0  usb_prop.o(i.Virtual_Com_Port_Status_Out)
    i.Virtual_Com_Port_init                  0x080027b0   Section        0  usb_prop.o(i.Virtual_Com_Port_init)
    i._delay_ms                              0x080027d8   Section        0  stm32_delay_asm.o(i._delay_ms)
    i.boot_jump                              0x08002820   Section        0  test_main.o(i.boot_jump)
    i.delay_init                             0x0800288c   Section        0  stm32_delay_asm.o(i.delay_init)
    i.gpio_all_outPP                         0x080028c0   Section        0  tft_spi.o(i.gpio_all_outPP)
    i.gpio_config                            0x08002900   Section        0  tft_spi.o(i.gpio_config)
    i.main                                   0x0800291c   Section        0  test_main.o(i.main)
    i.tft_7x8                                0x08002960   Section        0  tft_spi.o(i.tft_7x8)
    i.tft_adr                                0x08002a48   Section        0  tft_spi.o(i.tft_adr)
    i.tft_bgr                                0x08002a5c   Section        0  tft_spi.o(i.tft_bgr)
    i.tft_bksps                              0x08002ae4   Section        0  tft_spi.o(i.tft_bksps)
    i.tft_clear                              0x08002b20   Section        0  tft_spi.o(i.tft_clear)
    i.tft_hex                                0x08002b48   Section        0  tft_spi.o(i.tft_hex)
    i.tft_init                               0x08002c20   Section        0  tft_spi.o(i.tft_init)
    i.tft_init_defaults                      0x08002ca0   Section        0  tft_spi.o(i.tft_init_defaults)
    i.tft_newl                               0x08002cb8   Section        0  tft_spi.o(i.tft_newl)
    i.tft_spi_command                        0x08002ce4   Section        0  tft_spi.o(i.tft_spi_command)
    i.tft_spi_data                           0x08002d58   Section        0  tft_spi.o(i.tft_spi_data)
    i.tft_spi_init                           0x08002dcc   Section        0  tft_spi.o(i.tft_spi_init)
    i.tft_w                                  0x08002e74   Section        0  tft_spi.o(i.tft_w)
    x$fpl$ddiv                               0x08002f30   Section      688  ddiv.o(x$fpl$ddiv)
    ddiv_entry                               0x08002f37   Thumb Code     0  ddiv.o(x$fpl$ddiv)
    x$fpl$dfixu                              0x080031e0   Section       90  dfixu.o(x$fpl$dfixu)
    x$fpl$dflt                               0x0800323a   Section       46  dflt_clz.o(x$fpl$dflt)
    x$fpl$dfltu                              0x08003268   Section       38  dflt_clz.o(x$fpl$dfltu)
    x$fpl$dmul                               0x08003290   Section      340  dmul.o(x$fpl$dmul)
    x$fpl$dnaninf                            0x080033e4   Section      156  dnaninf.o(x$fpl$dnaninf)
    x$fpl$dretinf                            0x08003480   Section       12  dretinf.o(x$fpl$dretinf)
    .constdata                               0x0800348c   Section      177  usb_desc.o(.constdata)
    x$fpl$usenofp                            0x0800348c   Section        0  usenofp.o(x$fpl$usenofp)
    .data                                    0x20000000   Section        8  stm32_delay_asm.o(.data)
    .data                                    0x20000008   Section      865  tft_spi.o(.data)
    .data                                    0x2000036c   Section       16  hw_config.o(.data)
    .data                                    0x2000037c   Section        3  usb_core.o(.data)
    .data                                    0x2000037f   Section       26  usb_desc.o(.data)
    .data                                    0x2000039c   Section        4  usb_endp.o(.data)
    .data                                    0x200003a0   Section       20  usb_init.o(.data)
    .data                                    0x200003b4   Section        4  usb_int.o(.data)
    .data                                    0x200003b8   Section       68  usb_istr.o(.data)
    .data                                    0x200003fc   Section      148  usb_prop.o(.data)
    .data                                    0x20000490   Section       12  usb_pwr.o(.data)
    .data                                    0x2000049c   Section       12  test_main.o(.data)
    jumpto                                   0x2000049c   Data           4  test_main.o(.data)
    .data                                    0x200004a8   Section       20  system_stm32f10x.o(.data)
    .bss                                     0x200004bc   Section       20  tft_spi.o(.bss)
    .bss                                     0x200004d0   Section       64  hw_config.o(.bss)
    .bss                                     0x20000510   Section       28  usb_init.o(.bss)
    .bss                                     0x2000052c   Section       32  usb_pwr.o(.bss)
    .bss                                     0x2000054c   Section       96  libspace.o(.bss)
    HEAP                                     0x200005b0   Section      512  startup_stm32f10x_md.o(HEAP)
    Heap_Mem                                 0x200005b0   Data         512  startup_stm32f10x_md.o(HEAP)
    STACK                                    0x200007b0   Section     1024  startup_stm32f10x_md.o(STACK)
    Stack_Mem                                0x200007b0   Data        1024  startup_stm32f10x_md.o(STACK)
    __initial_sp                             0x20000bb0   Data           0  startup_stm32f10x_md.o(STACK)

    Global Symbols

    Symbol Name                              Value     Ov Type        Size  Object(Section)

    BuildAttributes$$THM_ISAv4$P$D$K$B$S$PE$A:L22UL41UL21$X:L11$S22US41US21$IEEE1$IW$USESV6$~STKCKD$USESV7$~SHL$OSPACE$ROPI$EBA8$UX$STANDARDLIB$REQ8$PRES8$EABIv2 0x00000000   Number         0  anon$$obj.o ABSOLUTE
    __ARM_use_no_argv                        0x00000000   Number         0  test_main.o ABSOLUTE
    __ARM_exceptions_init                     - Undefined Weak Reference
    __alloca_initialize                       - Undefined Weak Reference
    __arm_preinit_                            - Undefined Weak Reference
    __cpp_initialize__aeabi_                  - Undefined Weak Reference
    __cxa_finalize                            - Undefined Weak Reference
    __rt_locale                               - Undefined Weak Reference
    __sigvec_lookup                           - Undefined Weak Reference
    _atexit_init                              - Undefined Weak Reference
    _call_atexit_fns                          - Undefined Weak Reference
    _clock_init                               - Undefined Weak Reference
    _fp_trap_init                             - Undefined Weak Reference
    _fp_trap_shutdown                         - Undefined Weak Reference
    _get_lc_collate                           - Undefined Weak Reference
    _get_lc_ctype                             - Undefined Weak Reference
    _get_lc_monetary                          - Undefined Weak Reference
    _get_lc_numeric                           - Undefined Weak Reference
    _get_lc_time                              - Undefined Weak Reference
    _getenv_init                              - Undefined Weak Reference
    _handle_redirection                       - Undefined Weak Reference
    _init_alloc                               - Undefined Weak Reference
    _init_user_alloc                          - Undefined Weak Reference
    _initio                                   - Undefined Weak Reference
    _rand_init                                - Undefined Weak Reference
    _signal_finish                            - Undefined Weak Reference
    _signal_init                              - Undefined Weak Reference
    _terminate_alloc                          - Undefined Weak Reference
    _terminate_user_alloc                     - Undefined Weak Reference
    _terminateio                              - Undefined Weak Reference
    __Vectors_Size                           0x000000ec   Number         0  startup_stm32f10x_md.o ABSOLUTE
    __Vectors                                0x08000000   Data           4  startup_stm32f10x_md.o(RESET)
    __Vectors_End                            0x080000ec   Data           0  startup_stm32f10x_md.o(RESET)
    __main                                   0x080000ed   Thumb Code     8  __main.o(!!!main)
    __scatterload                            0x080000f5   Thumb Code     0  __scatter.o(!!!scatter)
    __scatterload_rt2                        0x080000f5   Thumb Code    44  __scatter.o(!!!scatter)
    __scatterload_rt2_thumb_only             0x080000f5   Thumb Code     0  __scatter.o(!!!scatter)
    __scatterload_null                       0x08000103   Thumb Code     0  __scatter.o(!!!scatter)
    __decompress                             0x08000129   Thumb Code    90  __dczerorl2.o(!!dczerorl2)
    __decompress1                            0x08000129   Thumb Code     0  __dczerorl2.o(!!dczerorl2)
    __scatterload_zeroinit                   0x08000185   Thumb Code    28  __scatter_zi.o(!!handler_zi)
    __rt_lib_init                            0x080001a1   Thumb Code     0  libinit.o(.ARM.Collect$$libinit$$00000000)
    __rt_lib_init_alloca_1                   0x080001a3   Thumb Code     0  libinit2.o(.ARM.Collect$$libinit$$0000002E)
    __rt_lib_init_argv_1                     0x080001a3   Thumb Code     0  libinit2.o(.ARM.Collect$$libinit$$0000002C)
    __rt_lib_init_atexit_1                   0x080001a3   Thumb Code     0  libinit2.o(.ARM.Collect$$libinit$$0000001B)
    __rt_lib_init_clock_1                    0x080001a3   Thumb Code     0  libinit2.o(.ARM.Collect$$libinit$$00000021)
    __rt_lib_init_cpp_1                      0x080001a3   Thumb Code     0  libinit2.o(.ARM.Collect$$libinit$$00000032)
    __rt_lib_init_exceptions_1               0x080001a3   Thumb Code     0  libinit2.o(.ARM.Collect$$libinit$$00000030)
    __rt_lib_init_fp_1                       0x080001a3   Thumb Code     0  libinit2.o(.ARM.Collect$$libinit$$00000002)
    __rt_lib_init_fp_trap_1                  0x080001a3   Thumb Code     0  libinit2.o(.ARM.Collect$$libinit$$0000001F)
    __rt_lib_init_getenv_1                   0x080001a3   Thumb Code     0  libinit2.o(.ARM.Collect$$libinit$$00000023)
    __rt_lib_init_heap_1                     0x080001a3   Thumb Code     0  libinit2.o(.ARM.Collect$$libinit$$0000000A)
    __rt_lib_init_lc_collate_1               0x080001a3   Thumb Code     0  libinit2.o(.ARM.Collect$$libinit$$00000011)
    __rt_lib_init_lc_ctype_1                 0x080001a3   Thumb Code     0  libinit2.o(.ARM.Collect$$libinit$$00000013)
    __rt_lib_init_lc_monetary_1              0x080001a3   Thumb Code     0  libinit2.o(.ARM.Collect$$libinit$$00000015)
    __rt_lib_init_lc_numeric_1               0x080001a3   Thumb Code     0  libinit2.o(.ARM.Collect$$libinit$$00000017)
    __rt_lib_init_lc_time_1                  0x080001a3   Thumb Code     0  libinit2.o(.ARM.Collect$$libinit$$00000019)
    __rt_lib_init_preinit_1                  0x080001a3   Thumb Code     0  libinit2.o(.ARM.Collect$$libinit$$00000004)
    __rt_lib_init_rand_1                     0x080001a3   Thumb Code     0  libinit2.o(.ARM.Collect$$libinit$$0000000E)
    __rt_lib_init_return                     0x080001a3   Thumb Code     0  libinit2.o(.ARM.Collect$$libinit$$00000033)
    __rt_lib_init_signal_1                   0x080001a3   Thumb Code     0  libinit2.o(.ARM.Collect$$libinit$$0000001D)
    __rt_lib_init_stdio_1                    0x080001a3   Thumb Code     0  libinit2.o(.ARM.Collect$$libinit$$00000025)
    __rt_lib_init_user_alloc_1               0x080001a3   Thumb Code     0  libinit2.o(.ARM.Collect$$libinit$$0000000C)
    __rt_lib_shutdown                        0x080001a5   Thumb Code     0  libshutdown.o(.ARM.Collect$$libshutdown$$00000000)
    __rt_lib_shutdown_cpp_1                  0x080001a7   Thumb Code     0  libshutdown2.o(.ARM.Collect$$libshutdown$$00000002)
    __rt_lib_shutdown_fp_trap_1              0x080001a7   Thumb Code     0  libshutdown2.o(.ARM.Collect$$libshutdown$$00000007)
    __rt_lib_shutdown_heap_1                 0x080001a7   Thumb Code     0  libshutdown2.o(.ARM.Collect$$libshutdown$$0000000F)
    __rt_lib_shutdown_return                 0x080001a7   Thumb Code     0  libshutdown2.o(.ARM.Collect$$libshutdown$$00000010)
    __rt_lib_shutdown_signal_1               0x080001a7   Thumb Code     0  libshutdown2.o(.ARM.Collect$$libshutdown$$0000000A)
    __rt_lib_shutdown_stdio_1                0x080001a7   Thumb Code     0  libshutdown2.o(.ARM.Collect$$libshutdown$$00000004)
    __rt_lib_shutdown_user_alloc_1           0x080001a7   Thumb Code     0  libshutdown2.o(.ARM.Collect$$libshutdown$$0000000C)
    __rt_entry                               0x080001a9   Thumb Code     0  __rtentry.o(.ARM.Collect$$rtentry$$00000000)
    __rt_entry_presh_1                       0x080001a9   Thumb Code     0  __rtentry2.o(.ARM.Collect$$rtentry$$00000002)
    __rt_entry_sh                            0x080001a9   Thumb Code     0  __rtentry4.o(.ARM.Collect$$rtentry$$00000004)
    __rt_entry_li                            0x080001af   Thumb Code     0  __rtentry2.o(.ARM.Collect$$rtentry$$0000000A)
    __rt_entry_postsh_1                      0x080001af   Thumb Code     0  __rtentry2.o(.ARM.Collect$$rtentry$$00000009)
    __rt_entry_main                          0x080001b3   Thumb Code     0  __rtentry2.o(.ARM.Collect$$rtentry$$0000000D)
    __rt_entry_postli_1                      0x080001b3   Thumb Code     0  __rtentry2.o(.ARM.Collect$$rtentry$$0000000C)
    __rt_exit                                0x080001bb   Thumb Code     0  rtexit.o(.ARM.Collect$$rtexit$$00000000)
    __rt_exit_ls                             0x080001bd   Thumb Code     0  rtexit2.o(.ARM.Collect$$rtexit$$00000003)
    __rt_exit_prels_1                        0x080001bd   Thumb Code     0  rtexit2.o(.ARM.Collect$$rtexit$$00000002)
    __rt_exit_exit                           0x080001c1   Thumb Code     0  rtexit2.o(.ARM.Collect$$rtexit$$00000004)
    _delay_loop                              0x080001c9   Thumb Code     6  stm32_delay_asm.o(.emb_text)
    Reset_Handler                            0x080001d1   Thumb Code     8  startup_stm32f10x_md.o(.text)
    ADC1_2_IRQHandler                        0x080001eb   Thumb Code     0  startup_stm32f10x_md.o(.text)
    CAN1_RX1_IRQHandler                      0x080001eb   Thumb Code     0  startup_stm32f10x_md.o(.text)
    CAN1_SCE_IRQHandler                      0x080001eb   Thumb Code     0  startup_stm32f10x_md.o(.text)
    DMA1_Channel1_IRQHandler                 0x080001eb   Thumb Code     0  startup_stm32f10x_md.o(.text)
    DMA1_Channel2_IRQHandler                 0x080001eb   Thumb Code     0  startup_stm32f10x_md.o(.text)
    DMA1_Channel3_IRQHandler                 0x080001eb   Thumb Code     0  startup_stm32f10x_md.o(.text)
    DMA1_Channel4_IRQHandler                 0x080001eb   Thumb Code     0  startup_stm32f10x_md.o(.text)
    DMA1_Channel5_IRQHandler                 0x080001eb   Thumb Code     0  startup_stm32f10x_md.o(.text)
    DMA1_Channel6_IRQHandler                 0x080001eb   Thumb Code     0  startup_stm32f10x_md.o(.text)
    DMA1_Channel7_IRQHandler                 0x080001eb   Thumb Code     0  startup_stm32f10x_md.o(.text)
    EXTI0_IRQHandler                         0x080001eb   Thumb Code     0  startup_stm32f10x_md.o(.text)
    EXTI15_10_IRQHandler                     0x080001eb   Thumb Code     0  startup_stm32f10x_md.o(.text)
    EXTI1_IRQHandler                         0x080001eb   Thumb Code     0  startup_stm32f10x_md.o(.text)
    EXTI2_IRQHandler                         0x080001eb   Thumb Code     0  startup_stm32f10x_md.o(.text)
    EXTI3_IRQHandler                         0x080001eb   Thumb Code     0  startup_stm32f10x_md.o(.text)
    EXTI4_IRQHandler                         0x080001eb   Thumb Code     0  startup_stm32f10x_md.o(.text)
    EXTI9_5_IRQHandler                       0x080001eb   Thumb Code     0  startup_stm32f10x_md.o(.text)
    FLASH_IRQHandler                         0x080001eb   Thumb Code     0  startup_stm32f10x_md.o(.text)
    I2C1_ER_IRQHandler                       0x080001eb   Thumb Code     0  startup_stm32f10x_md.o(.text)
    I2C1_EV_IRQHandler                       0x080001eb   Thumb Code     0  startup_stm32f10x_md.o(.text)
    I2C2_ER_IRQHandler                       0x080001eb   Thumb Code     0  startup_stm32f10x_md.o(.text)
    I2C2_EV_IRQHandler                       0x080001eb   Thumb Code     0  startup_stm32f10x_md.o(.text)
    PVD_IRQHandler                           0x080001eb   Thumb Code     0  startup_stm32f10x_md.o(.text)
    RCC_IRQHandler                           0x080001eb   Thumb Code     0  startup_stm32f10x_md.o(.text)
    RTCAlarm_IRQHandler                      0x080001eb   Thumb Code     0  startup_stm32f10x_md.o(.text)
    RTC_IRQHandler                           0x080001eb   Thumb Code     0  startup_stm32f10x_md.o(.text)
    SPI1_IRQHandler                          0x080001eb   Thumb Code     0  startup_stm32f10x_md.o(.text)
    SPI2_IRQHandler                          0x080001eb   Thumb Code     0  startup_stm32f10x_md.o(.text)
    TAMPER_IRQHandler                        0x080001eb   Thumb Code     0  startup_stm32f10x_md.o(.text)
    TIM1_BRK_IRQHandler                      0x080001eb   Thumb Code     0  startup_stm32f10x_md.o(.text)
    TIM1_CC_IRQHandler                       0x080001eb   Thumb Code     0  startup_stm32f10x_md.o(.text)
    TIM1_TRG_COM_IRQHandler                  0x080001eb   Thumb Code     0  startup_stm32f10x_md.o(.text)
    TIM1_UP_IRQHandler                       0x080001eb   Thumb Code     0  startup_stm32f10x_md.o(.text)
    TIM2_IRQHandler                          0x080001eb   Thumb Code     0  startup_stm32f10x_md.o(.text)
    TIM3_IRQHandler                          0x080001eb   Thumb Code     0  startup_stm32f10x_md.o(.text)
    TIM4_IRQHandler                          0x080001eb   Thumb Code     0  startup_stm32f10x_md.o(.text)
    USART1_IRQHandler                        0x080001eb   Thumb Code     0  startup_stm32f10x_md.o(.text)
    USART2_IRQHandler                        0x080001eb   Thumb Code     0  startup_stm32f10x_md.o(.text)
    USART3_IRQHandler                        0x080001eb   Thumb Code     0  startup_stm32f10x_md.o(.text)
    USB_HP_CAN1_TX_IRQHandler                0x080001eb   Thumb Code     0  startup_stm32f10x_md.o(.text)
    WWDG_IRQHandler                          0x080001eb   Thumb Code     0  startup_stm32f10x_md.o(.text)
    __user_initial_stackheap                 0x080001ed   Thumb Code     0  startup_stm32f10x_md.o(.text)
    __aeabi_uldivmod                         0x08000211   Thumb Code     0  lludivv7m.o(.text)
    _ll_udiv                                 0x08000211   Thumb Code   238  lludivv7m.o(.text)
    strlen                                   0x080002ff   Thumb Code    62  strlen.o(.text)
    __use_two_region_memory                  0x0800033d   Thumb Code     2  heapauxi.o(.text)
    __rt_heap_escrow$2region                 0x0800033f   Thumb Code     2  heapauxi.o(.text)
    __rt_heap_expand$2region                 0x08000341   Thumb Code     2  heapauxi.o(.text)
    __user_setup_stackheap                   0x08000343   Thumb Code    74  sys_stackheap_outer.o(.text)
    exit                                     0x0800038d   Thumb Code    18  exit.o(.text)
    __user_libspace                          0x080003a1   Thumb Code     8  libspace.o(.text)
    __user_perproc_libspace                  0x080003a1   Thumb Code     0  libspace.o(.text)
    __user_perthread_libspace                0x080003a1   Thumb Code     0  libspace.o(.text)
    _sys_exit                                0x080003a9   Thumb Code     8  sys_exit.o(.text)
    __I$use$semihosting                      0x080003b5   Thumb Code     0  use_no_semi.o(.text)
    __use_no_semihosting_swi                 0x080003b5   Thumb Code     2  use_no_semi.o(.text)
    BusFault_Handler                         0x080003b7   Thumb Code     4  stm32_it.o(i.BusFault_Handler)
    __semihosting_library_function           0x080003b7   Thumb Code     0  indicate_semi.o(.text)
    ByteSwap                                 0x080003bb   Thumb Code    12  usb_regs.o(i.ByteSwap)
    CTR_LP                                   0x080003c9   Thumb Code   616  usb_int.o(i.CTR_LP)
    ClearDTOG_RX                             0x08000651   Thumb Code    48  usb_regs.o(i.ClearDTOG_RX)
    ClearDTOG_TX                             0x08000685   Thumb Code    48  usb_regs.o(i.ClearDTOG_TX)
    Clear_Status_Out                         0x080006b9   Thumb Code    34  usb_regs.o(i.Clear_Status_Out)
    DebugMon_Handler                         0x08000af5   Thumb Code     2  stm32_it.o(i.DebugMon_Handler)
    EP1_IN_Callback                          0x08000af9   Thumb Code     8  usb_endp.o(i.EP1_IN_Callback)
    EP3_OUT_Callback                         0x08000b05   Thumb Code    36  usb_endp.o(i.EP3_OUT_Callback)
    EXTI_ClearITPendingBit                   0x08000b35   Thumb Code     6  stm32f10x_exti.o(i.EXTI_ClearITPendingBit)
    EXTI_Init                                0x08000b41   Thumb Code   142  stm32f10x_exti.o(i.EXTI_Init)
    GPIO_Init                                0x08000bd5   Thumb Code   278  stm32f10x_gpio.o(i.GPIO_Init)
    GPIO_ResetBits                           0x08000ceb   Thumb Code     4  stm32f10x_gpio.o(i.GPIO_ResetBits)
    GPIO_SetBits                             0x08000cef   Thumb Code     4  stm32f10x_gpio.o(i.GPIO_SetBits)
    GetEPRxAddr                              0x08000cf5   Thumb Code    24  usb_regs.o(i.GetEPRxAddr)
    GetEPRxCount                             0x08000d15   Thumb Code    26  usb_regs.o(i.GetEPRxCount)
    GetEPTxAddr                              0x08000d39   Thumb Code    22  usb_regs.o(i.GetEPTxAddr)
    Get_SerialNum                            0x08000d59   Thumb Code    42  hw_config.o(i.Get_SerialNum)
    HardFault_Handler                        0x08000d8d   Thumb Code     4  stm32_it.o(i.HardFault_Handler)
    In0_Process                              0x08000d91   Thumb Code    98  usb_core.o(i.In0_Process)
    Leave_LowPowerMode                       0x08000e41   Thumb Code    28  hw_config.o(i.Leave_LowPowerMode)
    MemManage_Handler                        0x08000e65   Thumb Code     4  stm32_it.o(i.MemManage_Handler)
    NMI_Handler                              0x08000e69   Thumb Code     2  stm32_it.o(i.NMI_Handler)
    NOP_Process                              0x08000e6b   Thumb Code     2  usb_core.o(i.NOP_Process)
    Out0_Process                             0x08000fa5   Thumb Code    70  usb_core.o(i.Out0_Process)
    PMAToUserBufferCopy                      0x08000ff5   Thumb Code    34  usb_mem.o(i.PMAToUserBufferCopy)
    PendSV_Handler                           0x0800101d   Thumb Code     2  stm32_it.o(i.PendSV_Handler)
    Post0_Process                            0x08001021   Thumb Code    54  usb_core.o(i.Post0_Process)
    PowerOn                                  0x08001069   Thumb Code    54  usb_pwr.o(i.PowerOn)
    RCC_APB1PeriphClockCmd                   0x080010a9   Thumb Code    26  stm32f10x_rcc.o(i.RCC_APB1PeriphClockCmd)
    RCC_APB2PeriphClockCmd                   0x080010c9   Thumb Code    26  stm32f10x_rcc.o(i.RCC_APB2PeriphClockCmd)
    Resume                                   0x080010e9   Thumb Code   194  usb_pwr.o(i.Resume)
    Resume_Init                              0x080011b9   Thumb Code    30  usb_pwr.o(i.Resume_Init)
    SPI_Cmd                                  0x080011dd   Thumb Code    24  stm32f10x_spi.o(i.SPI_Cmd)
    SPI_Init                                 0x080011f5   Thumb Code    60  stm32f10x_spi.o(i.SPI_Init)
    SVC_Handler                              0x08001231   Thumb Code     2  stm32_it.o(i.SVC_Handler)
    SetBTABLE                                0x08001235   Thumb Code    12  usb_regs.o(i.SetBTABLE)
    SetDeviceAddress                         0x08001245   Thumb Code    68  usb_core.o(i.SetDeviceAddress)
    SetEPRxAddr                              0x08001295   Thumb Code    26  usb_regs.o(i.SetEPRxAddr)
    SetEPRxCount                             0x080012b9   Thumb Code    68  usb_regs.o(i.SetEPRxCount)
    SetEPRxStatus                            0x08001305   Thumb Code    60  usb_regs.o(i.SetEPRxStatus)
    SetEPRxValid                             0x08001345   Thumb Code    48  usb_regs.o(i.SetEPRxValid)
    SetEPTxAddr                              0x08001379   Thumb Code    24  usb_regs.o(i.SetEPTxAddr)
    SetEPTxCount                             0x08001399   Thumb Code    20  usb_regs.o(i.SetEPTxCount)
    SetEPTxStatus                            0x080013b5   Thumb Code    60  usb_regs.o(i.SetEPTxStatus)
    SetEPType                                0x080013f5   Thumb Code    32  usb_regs.o(i.SetEPType)
    Set_System                               0x08001501   Thumb Code    70  hw_config.o(i.Set_System)
    Setup0_Process                           0x08001551   Thumb Code   170  usb_core.o(i.Setup0_Process)
    Standard_ClearFeature                    0x08001609   Thumb Code   342  usb_core.o(i.Standard_ClearFeature)
    Standard_GetConfiguration                0x08001775   Thumb Code    34  usb_core.o(i.Standard_GetConfiguration)
    Standard_GetDescriptorData               0x080017a1   Thumb Code    32  usb_core.o(i.Standard_GetDescriptorData)
    Standard_GetInterface                    0x080017c5   Thumb Code    34  usb_core.o(i.Standard_GetInterface)
    Standard_GetStatus                       0x080017f1   Thumb Code   238  usb_core.o(i.Standard_GetStatus)
    Standard_SetConfiguration                0x080018f1   Thumb Code    60  usb_core.o(i.Standard_SetConfiguration)
    Standard_SetDeviceFeature                0x08001939   Thumb Code    30  usb_core.o(i.Standard_SetDeviceFeature)
    Standard_SetEndPointFeature              0x08001961   Thumb Code   192  usb_core.o(i.Standard_SetEndPointFeature)
    Standard_SetInterface                    0x08001a31   Thumb Code    96  usb_core.o(i.Standard_SetInterface)
    Suspend                                  0x08001a9d   Thumb Code   240  usb_pwr.o(i.Suspend)
    Switch                                   0x08001ba1   Thumb Code  1588  tft_spi.o(i.Switch)
    SysTick_Handler                          0x080021f5   Thumb Code     2  stm32_it.o(i.SysTick_Handler)
    SystemCoreClockUpdate                    0x080021f9   Thumb Code   142  system_stm32f10x.o(i.SystemCoreClockUpdate)
    SystemInit                               0x0800229d   Thumb Code    78  system_stm32f10x.o(i.SystemInit)
    USBWakeUp_IRQHandler                     0x080022fd   Thumb Code    12  stm32_it.o(i.USBWakeUp_IRQHandler)
    USB_Cable_Config                         0x08002309   Thumb Code    30  hw_config.o(i.USB_Cable_Config)
    USB_Istr                                 0x0800232d   Thumb Code   422  usb_istr.o(i.USB_Istr)
    USB_LP_CAN1_RX0_IRQHandler               0x080024f9   Thumb Code     8  stm32_it.o(i.USB_LP_CAN1_RX0_IRQHandler)
    USB_SIL_Init                             0x08002501   Thumb Code    28  usb_sil.o(i.USB_SIL_Init)
    UsageFault_Handler                       0x08002525   Thumb Code     4  stm32_it.o(i.UsageFault_Handler)
    UserToPMABufferCopy                      0x08002529   Thumb Code    52  usb_mem.o(i.UserToPMABufferCopy)
    Virtual_Com_Port_Data_Setup              0x08002561   Thumb Code    82  usb_prop.o(i.Virtual_Com_Port_Data_Setup)
    Virtual_Com_Port_GetConfigDescriptor     0x080025c5   Thumb Code    14  usb_prop.o(i.Virtual_Com_Port_GetConfigDescriptor)
    Virtual_Com_Port_GetDeviceDescriptor     0x080025d9   Thumb Code    14  usb_prop.o(i.Virtual_Com_Port_GetDeviceDescriptor)
    Virtual_Com_Port_GetLineCoding           0x080025ed   Thumb Code    20  usb_prop.o(i.Virtual_Com_Port_GetLineCoding)
    Virtual_Com_Port_GetStringDescriptor     0x08002609   Thumb Code    32  usb_prop.o(i.Virtual_Com_Port_GetStringDescriptor)
    Virtual_Com_Port_Get_Interface_Setting   0x08002631   Thumb Code    22  usb_prop.o(i.Virtual_Com_Port_Get_Interface_Setting)
    Virtual_Com_Port_NoData_Setup            0x08002649   Thumb Code    36  usb_prop.o(i.Virtual_Com_Port_NoData_Setup)
    Virtual_Com_Port_Reset                   0x08002671   Thumb Code   216  usb_prop.o(i.Virtual_Com_Port_Reset)
    Virtual_Com_Port_SetConfiguration        0x08002759   Thumb Code    14  usb_prop.o(i.Virtual_Com_Port_SetConfiguration)
    Virtual_Com_Port_SetDeviceAddress        0x08002771   Thumb Code     8  usb_prop.o(i.Virtual_Com_Port_SetDeviceAddress)
    Virtual_Com_Port_SetLineCoding           0x0800277d   Thumb Code    20  usb_prop.o(i.Virtual_Com_Port_SetLineCoding)
    Virtual_Com_Port_Status_In               0x08002799   Thumb Code    16  usb_prop.o(i.Virtual_Com_Port_Status_In)
    Virtual_Com_Port_Status_Out              0x080027ad   Thumb Code     2  usb_prop.o(i.Virtual_Com_Port_Status_Out)
    Virtual_Com_Port_init                    0x080027b1   Thumb Code    30  usb_prop.o(i.Virtual_Com_Port_init)
    _delay_ms                                0x080027d9   Thumb Code    62  stm32_delay_asm.o(i._delay_ms)
    boot_jump                                0x08002821   Thumb Code    76  test_main.o(i.boot_jump)
    delay_init                               0x0800288d   Thumb Code    40  stm32_delay_asm.o(i.delay_init)
    gpio_all_outPP                           0x080028c1   Thumb Code    52  tft_spi.o(i.gpio_all_outPP)
    gpio_config                              0x08002901   Thumb Code    28  tft_spi.o(i.gpio_config)
    main                                     0x0800291d   Thumb Code    48  test_main.o(i.main)
    tft_7x8                                  0x08002961   Thumb Code   214  tft_spi.o(i.tft_7x8)
    tft_adr                                  0x08002a49   Thumb Code    10  tft_spi.o(i.tft_adr)
    tft_bgr                                  0x08002a5d   Thumb Code   124  tft_spi.o(i.tft_bgr)
    tft_bksps                                0x08002ae5   Thumb Code    52  tft_spi.o(i.tft_bksps)
    tft_clear                                0x08002b21   Thumb Code    28  tft_spi.o(i.tft_clear)
    tft_hex                                  0x08002b49   Thumb Code   206  tft_spi.o(i.tft_hex)
    tft_init                                 0x08002c21   Thumb Code   110  tft_spi.o(i.tft_init)
    tft_init_defaults                        0x08002ca1   Thumb Code    22  tft_spi.o(i.tft_init_defaults)
    tft_newl                                 0x08002cb9   Thumb Code    34  tft_spi.o(i.tft_newl)
    tft_spi_command                          0x08002ce5   Thumb Code   108  tft_spi.o(i.tft_spi_command)
    tft_spi_data                             0x08002d59   Thumb Code   108  tft_spi.o(i.tft_spi_data)
    tft_spi_init                             0x08002dcd   Thumb Code   160  tft_spi.o(i.tft_spi_init)
    tft_w                                    0x08002e75   Thumb Code   174  tft_spi.o(i.tft_w)
    __aeabi_ddiv                             0x08002f31   Thumb Code     0  ddiv.o(x$fpl$ddiv)
    _ddiv                                    0x08002f31   Thumb Code   552  ddiv.o(x$fpl$ddiv)
    __aeabi_d2uiz                            0x080031e1   Thumb Code     0  dfixu.o(x$fpl$dfixu)
    _dfixu                                   0x080031e1   Thumb Code    90  dfixu.o(x$fpl$dfixu)
    __aeabi_i2d                              0x0800323b   Thumb Code     0  dflt_clz.o(x$fpl$dflt)
    _dflt                                    0x0800323b   Thumb Code    46  dflt_clz.o(x$fpl$dflt)
    __aeabi_ui2d                             0x08003269   Thumb Code     0  dflt_clz.o(x$fpl$dfltu)
    _dfltu                                   0x08003269   Thumb Code    38  dflt_clz.o(x$fpl$dfltu)
    __aeabi_dmul                             0x08003291   Thumb Code     0  dmul.o(x$fpl$dmul)
    _dmul                                    0x08003291   Thumb Code   332  dmul.o(x$fpl$dmul)
    __fpl_dnaninf                            0x080033e5   Thumb Code   156  dnaninf.o(x$fpl$dnaninf)
    __fpl_dretinf                            0x08003481   Thumb Code    12  dretinf.o(x$fpl$dretinf)
    Virtual_Com_Port_DeviceDescriptor        0x0800348c   Data          18  usb_desc.o(.constdata)
    __I$use$fp                               0x0800348c   Number         0  usenofp.o(x$fpl$usenofp)
    Virtual_Com_Port_ConfigDescriptor        0x0800349e   Data          67  usb_desc.o(.constdata)
    Virtual_Com_Port_StringLangID            0x080034e1   Data           4  usb_desc.o(.constdata)
    Virtual_Com_Port_StringVendor            0x080034e5   Data          38  usb_desc.o(.constdata)
    Virtual_Com_Port_StringProduct           0x0800350b   Data          50  usb_desc.o(.constdata)
    Region$$Table$$Base                      0x08003540   Number         0  anon$$obj.o(Region$$Table)
    Region$$Table$$Limit                     0x08003560   Number         0  anon$$obj.o(Region$$Table)
    sys_clk_var                              0x20000000   Data           1  stm32_delay_asm.o(.data)
    __ticks                                  0x20000004   Data           4  stm32_delay_asm.o(.data)
    zero                                     0x20000008   Data          20  tft_spi.o(.data)
    uno                                      0x2000001c   Data          20  tft_spi.o(.data)
    two                                      0x20000030   Data          20  tft_spi.o(.data)
    three                                    0x20000044   Data          20  tft_spi.o(.data)
    four                                     0x20000058   Data          20  tft_spi.o(.data)
    five                                     0x2000006c   Data          20  tft_spi.o(.data)
    six                                      0x20000080   Data          20  tft_spi.o(.data)
    seven                                    0x20000094   Data          20  tft_spi.o(.data)
    eight                                    0x200000a8   Data          20  tft_spi.o(.data)
    nine                                     0x200000bc   Data          20  tft_spi.o(.data)
    point                                    0x200000d0   Data          20  tft_spi.o(.data)
    comma                                    0x200000e4   Data          20  tft_spi.o(.data)
    colon                                    0x200000f8   Data          20  tft_spi.o(.data)
    underscore                               0x2000010c   Data          20  tft_spi.o(.data)
    minus                                    0x20000120   Data          20  tft_spi.o(.data)
    plus                                     0x20000134   Data          20  tft_spi.o(.data)
    equals                                   0x20000148   Data          20  tft_spi.o(.data)
    A                                        0x2000015c   Data          20  tft_spi.o(.data)
    B                                        0x20000170   Data          20  tft_spi.o(.data)
    C                                        0x20000184   Data          20  tft_spi.o(.data)
    D                                        0x20000198   Data          20  tft_spi.o(.data)
    E                                        0x200001ac   Data          20  tft_spi.o(.data)
    F                                        0x200001c0   Data          20  tft_spi.o(.data)
    G                                        0x200001d4   Data          20  tft_spi.o(.data)
    H                                        0x200001e8   Data          20  tft_spi.o(.data)
    I                                        0x200001fc   Data          20  tft_spi.o(.data)
    J                                        0x20000210   Data          20  tft_spi.o(.data)
    K                                        0x20000224   Data          20  tft_spi.o(.data)
    L                                        0x20000238   Data          20  tft_spi.o(.data)
    M                                        0x2000024c   Data          20  tft_spi.o(.data)
    N                                        0x20000260   Data          20  tft_spi.o(.data)
    O                                        0x20000274   Data          20  tft_spi.o(.data)
    P                                        0x20000288   Data          20  tft_spi.o(.data)
    Q                                        0x2000029c   Data          20  tft_spi.o(.data)
    R                                        0x200002b0   Data          20  tft_spi.o(.data)
    S                                        0x200002c4   Data          20  tft_spi.o(.data)
    T                                        0x200002d8   Data          20  tft_spi.o(.data)
    U                                        0x200002ec   Data          20  tft_spi.o(.data)
    V                                        0x20000300   Data          20  tft_spi.o(.data)
    W                                        0x20000314   Data          20  tft_spi.o(.data)
    X                                        0x20000328   Data          20  tft_spi.o(.data)
    Y                                        0x2000033c   Data          20  tft_spi.o(.data)
    Z                                        0x20000350   Data          20  tft_spi.o(.data)
    bgR                                      0x20000364   Data           1  tft_spi.o(.data)
    bgG                                      0x20000365   Data           1  tft_spi.o(.data)
    bgB                                      0x20000366   Data           1  tft_spi.o(.data)
    crdX                                     0x20000367   Data           1  tft_spi.o(.data)
    crdY                                     0x20000368   Data           1  tft_spi.o(.data)
    HSEStartUpStatus                         0x2000036c   Data           1  hw_config.o(.data)
    EXTI_InitStructure                       0x20000370   Data           8  hw_config.o(.data)
    Send_length                              0x20000378   Data           4  hw_config.o(.data)
    StatusInfo                               0x2000037c   Data           2  usb_core.o(.data)
    Data_Mul_MaxPacketSize                   0x2000037e   Data           1  usb_core.o(.data)
    Virtual_Com_Port_StringSerial            0x2000037f   Data          26  usb_desc.o(.data)
    Receive_length                           0x2000039c   Data           4  usb_endp.o(.data)
    EPindex                                  0x200003a0   Data           1  usb_init.o(.data)
    pInformation                             0x200003a4   Data           4  usb_init.o(.data)
    pProperty                                0x200003a8   Data           4  usb_init.o(.data)
    SaveState                                0x200003ac   Data           2  usb_init.o(.data)
    wInterrupt_Mask                          0x200003ae   Data           2  usb_init.o(.data)
    pUser_Standard_Requests                  0x200003b0   Data           4  usb_init.o(.data)
    SaveRState                               0x200003b4   Data           2  usb_int.o(.data)
    SaveTState                               0x200003b6   Data           2  usb_int.o(.data)
    wIstr                                    0x200003b8   Data           2  usb_istr.o(.data)
    bIntPackSOF                              0x200003ba   Data           1  usb_istr.o(.data)
    esof_counter                             0x200003bc   Data           4  usb_istr.o(.data)
    wCNTR                                    0x200003c0   Data           4  usb_istr.o(.data)
    pEpInt_IN                                0x200003c4   Data          28  usb_istr.o(.data)
    pEpInt_OUT                               0x200003e0   Data          28  usb_istr.o(.data)
    Request                                  0x200003fc   Data           1  usb_prop.o(.data)
    linecoding                               0x20000400   Data           8  usb_prop.o(.data)
    Device_Table                             0x20000408   Data           2  usb_prop.o(.data)
    Device_Property                          0x2000040c   Data          48  usb_prop.o(.data)
    User_Standard_Requests                   0x2000043c   Data          36  usb_prop.o(.data)
    Device_Descriptor                        0x20000460   Data           8  usb_prop.o(.data)
    Config_Descriptor                        0x20000468   Data           8  usb_prop.o(.data)
    String_Descriptor                        0x20000470   Data          32  usb_prop.o(.data)
    bDeviceState                             0x20000490   Data           4  usb_pwr.o(.data)
    fSuspendEnabled                          0x20000494   Data           1  usb_pwr.o(.data)
    ResumeS                                  0x20000495   Data           2  usb_pwr.o(.data)
    remotewakeupon                           0x20000498   Data           4  usb_pwr.o(.data)
    packet_sent                              0x200004a0   Data           4  test_main.o(.data)
    packet_receive                           0x200004a4   Data           4  test_main.o(.data)
    SystemCoreClock                          0x200004a8   Data           4  system_stm32f10x.o(.data)
    AHBPrescTable                            0x200004ac   Data          16  system_stm32f10x.o(.data)
    num_arr                                  0x200004bc   Data          20  tft_spi.o(.bss)
    Receive_Buffer                           0x200004d0   Data          64  hw_config.o(.bss)
    Device_Info                              0x20000510   Data          28  usb_init.o(.bss)
    EP                                       0x2000052c   Data          32  usb_pwr.o(.bss)
    __libspace_start                         0x2000054c   Data          96  libspace.o(.bss)
    __temporary_stack_top$libspace           0x200005ac   Data           0  libspace.o(.bss)



==============================================================================

Memory Map of the image

  Image Entry point : 0x080000ed

  Load Region LR_IROM1 (Base: 0x08000000, Size: 0x00003a1c, Max: 0x00010000, ABSOLUTE, COMPRESSED[0x00003754])

    Execution Region ER_IROM1 (Exec base: 0x08000000, Load base: 0x08000000, Size: 0x00003560, Max: 0x00010000, ABSOLUTE)

    Exec Addr    Load Addr    Size         Type   Attr      Idx    E Section Name        Object

    0x08000000   0x08000000   0x000000ec   Data   RO         2064    RESET               startup_stm32f10x_md.o
    0x080000ec   0x080000ec   0x00000008   Code   RO         2123  * !!!main             c_w.l(__main.o)
    0x080000f4   0x080000f4   0x00000034   Code   RO         2331    !!!scatter          c_w.l(__scatter.o)
    0x08000128   0x08000128   0x0000005a   Code   RO         2329    !!dczerorl2         c_w.l(__dczerorl2.o)
    0x08000182   0x08000182   0x00000002   PAD
    0x08000184   0x08000184   0x0000001c   Code   RO         2333    !!handler_zi        c_w.l(__scatter_zi.o)
    0x080001a0   0x080001a0   0x00000002   Code   RO         2199    .ARM.Collect$$libinit$$00000000  c_w.l(libinit.o)
    0x080001a2   0x080001a2   0x00000000   Code   RO         2212    .ARM.Collect$$libinit$$00000002  c_w.l(libinit2.o)
    0x080001a2   0x080001a2   0x00000000   Code   RO         2214    .ARM.Collect$$libinit$$00000004  c_w.l(libinit2.o)
    0x080001a2   0x080001a2   0x00000000   Code   RO         2217    .ARM.Collect$$libinit$$0000000A  c_w.l(libinit2.o)
    0x080001a2   0x080001a2   0x00000000   Code   RO         2219    .ARM.Collect$$libinit$$0000000C  c_w.l(libinit2.o)
    0x080001a2   0x080001a2   0x00000000   Code   RO         2221    .ARM.Collect$$libinit$$0000000E  c_w.l(libinit2.o)
    0x080001a2   0x080001a2   0x00000000   Code   RO         2224    .ARM.Collect$$libinit$$00000011  c_w.l(libinit2.o)
    0x080001a2   0x080001a2   0x00000000   Code   RO         2226    .ARM.Collect$$libinit$$00000013  c_w.l(libinit2.o)
    0x080001a2   0x080001a2   0x00000000   Code   RO         2228    .ARM.Collect$$libinit$$00000015  c_w.l(libinit2.o)
    0x080001a2   0x080001a2   0x00000000   Code   RO         2230    .ARM.Collect$$libinit$$00000017  c_w.l(libinit2.o)
    0x080001a2   0x080001a2   0x00000000   Code   RO         2232    .ARM.Collect$$libinit$$00000019  c_w.l(libinit2.o)
    0x080001a2   0x080001a2   0x00000000   Code   RO         2234    .ARM.Collect$$libinit$$0000001B  c_w.l(libinit2.o)
    0x080001a2   0x080001a2   0x00000000   Code   RO         2236    .ARM.Collect$$libinit$$0000001D  c_w.l(libinit2.o)
    0x080001a2   0x080001a2   0x00000000   Code   RO         2238    .ARM.Collect$$libinit$$0000001F  c_w.l(libinit2.o)
    0x080001a2   0x080001a2   0x00000000   Code   RO         2240    .ARM.Collect$$libinit$$00000021  c_w.l(libinit2.o)
    0x080001a2   0x080001a2   0x00000000   Code   RO         2242    .ARM.Collect$$libinit$$00000023  c_w.l(libinit2.o)
    0x080001a2   0x080001a2   0x00000000   Code   RO         2244    .ARM.Collect$$libinit$$00000025  c_w.l(libinit2.o)
    0x080001a2   0x080001a2   0x00000000   Code   RO         2248    .ARM.Collect$$libinit$$0000002C  c_w.l(libinit2.o)
    0x080001a2   0x080001a2   0x00000000   Code   RO         2250    .ARM.Collect$$libinit$$0000002E  c_w.l(libinit2.o)
    0x080001a2   0x080001a2   0x00000000   Code   RO         2252    .ARM.Collect$$libinit$$00000030  c_w.l(libinit2.o)
    0x080001a2   0x080001a2   0x00000000   Code   RO         2254    .ARM.Collect$$libinit$$00000032  c_w.l(libinit2.o)
    0x080001a2   0x080001a2   0x00000002   Code   RO         2255    .ARM.Collect$$libinit$$00000033  c_w.l(libinit2.o)
    0x080001a4   0x080001a4   0x00000002   Code   RO         2286    .ARM.Collect$$libshutdown$$00000000  c_w.l(libshutdown.o)
    0x080001a6   0x080001a6   0x00000000   Code   RO         2312    .ARM.Collect$$libshutdown$$00000002  c_w.l(libshutdown2.o)
    0x080001a6   0x080001a6   0x00000000   Code   RO         2314    .ARM.Collect$$libshutdown$$00000004  c_w.l(libshutdown2.o)
    0x080001a6   0x080001a6   0x00000000   Code   RO         2317    .ARM.Collect$$libshutdown$$00000007  c_w.l(libshutdown2.o)
    0x080001a6   0x080001a6   0x00000000   Code   RO         2320    .ARM.Collect$$libshutdown$$0000000A  c_w.l(libshutdown2.o)
    0x080001a6   0x080001a6   0x00000000   Code   RO         2322    .ARM.Collect$$libshutdown$$0000000C  c_w.l(libshutdown2.o)
    0x080001a6   0x080001a6   0x00000000   Code   RO         2325    .ARM.Collect$$libshutdown$$0000000F  c_w.l(libshutdown2.o)
    0x080001a6   0x080001a6   0x00000002   Code   RO         2326    .ARM.Collect$$libshutdown$$00000010  c_w.l(libshutdown2.o)
    0x080001a8   0x080001a8   0x00000000   Code   RO         2157    .ARM.Collect$$rtentry$$00000000  c_w.l(__rtentry.o)
    0x080001a8   0x080001a8   0x00000000   Code   RO         2170    .ARM.Collect$$rtentry$$00000002  c_w.l(__rtentry2.o)
    0x080001a8   0x080001a8   0x00000006   Code   RO         2182    .ARM.Collect$$rtentry$$00000004  c_w.l(__rtentry4.o)
    0x080001ae   0x080001ae   0x00000000   Code   RO         2172    .ARM.Collect$$rtentry$$00000009  c_w.l(__rtentry2.o)
    0x080001ae   0x080001ae   0x00000004   Code   RO         2173    .ARM.Collect$$rtentry$$0000000A  c_w.l(__rtentry2.o)
    0x080001b2   0x080001b2   0x00000000   Code   RO         2175    .ARM.Collect$$rtentry$$0000000C  c_w.l(__rtentry2.o)
    0x080001b2   0x080001b2   0x00000008   Code   RO         2176    .ARM.Collect$$rtentry$$0000000D  c_w.l(__rtentry2.o)
    0x080001ba   0x080001ba   0x00000002   Code   RO         2203    .ARM.Collect$$rtexit$$00000000  c_w.l(rtexit.o)
    0x080001bc   0x080001bc   0x00000000   Code   RO         2259    .ARM.Collect$$rtexit$$00000002  c_w.l(rtexit2.o)
    0x080001bc   0x080001bc   0x00000004   Code   RO         2260    .ARM.Collect$$rtexit$$00000003  c_w.l(rtexit2.o)
    0x080001c0   0x080001c0   0x00000006   Code   RO         2261    .ARM.Collect$$rtexit$$00000004  c_w.l(rtexit2.o)
    0x080001c6   0x080001c6   0x00000002   PAD
    0x080001c8   0x080001c8   0x00000006   Code   RO            4    .emb_text           stm32_delay_asm.o
    0x080001ce   0x080001ce   0x00000002   PAD
    0x080001d0   0x080001d0   0x00000040   Code   RO         2065    .text               startup_stm32f10x_md.o
    0x08000210   0x08000210   0x000000ee   Code   RO         2117    .text               c_w.l(lludivv7m.o)
    0x080002fe   0x080002fe   0x0000003e   Code   RO         2119    .text               c_w.l(strlen.o)
    0x0800033c   0x0800033c   0x00000006   Code   RO         2121    .text               c_w.l(heapauxi.o)
    0x08000342   0x08000342   0x0000004a   Code   RO         2186    .text               c_w.l(sys_stackheap_outer.o)
    0x0800038c   0x0800038c   0x00000012   Code   RO         2188    .text               c_w.l(exit.o)
    0x0800039e   0x0800039e   0x00000002   PAD
    0x080003a0   0x080003a0   0x00000008   Code   RO         2200    .text               c_w.l(libspace.o)
    0x080003a8   0x080003a8   0x0000000c   Code   RO         2256    .text               c_w.l(sys_exit.o)
    0x080003b4   0x080003b4   0x00000002   Code   RO         2275    .text               c_w.l(use_no_semi.o)
    0x080003b6   0x080003b6   0x00000000   Code   RO         2277    .text               c_w.l(indicate_semi.o)
    0x080003b6   0x080003b6   0x00000004   Code   RO         1324    i.BusFault_Handler  stm32_it.o
    0x080003ba   0x080003ba   0x0000000c   Code   RO          916    i.ByteSwap          usb_regs.o
    0x080003c6   0x080003c6   0x00000002   PAD
    0x080003c8   0x080003c8   0x00000288   Code   RO          647    i.CTR_LP            usb_int.o
    0x08000650   0x08000650   0x00000034   Code   RO          917    i.ClearDTOG_RX      usb_regs.o
    0x08000684   0x08000684   0x00000034   Code   RO          918    i.ClearDTOG_TX      usb_regs.o
    0x080006b8   0x080006b8   0x00000028   Code   RO          923    i.Clear_Status_Out  usb_regs.o
    0x080006e0   0x080006e0   0x000000c0   Code   RO          418    i.DataStageIn       usb_core.o
    0x080007a0   0x080007a0   0x000000bc   Code   RO          419    i.DataStageOut      usb_core.o
    0x0800085c   0x0800085c   0x00000298   Code   RO          420    i.Data_Setup0       usb_core.o
    0x08000af4   0x08000af4   0x00000002   Code   RO         1325    i.DebugMon_Handler  stm32_it.o
    0x08000af6   0x08000af6   0x00000002   PAD
    0x08000af8   0x08000af8   0x0000000c   Code   RO          574    i.EP1_IN_Callback   usb_endp.o
    0x08000b04   0x08000b04   0x00000030   Code   RO          575    i.EP3_OUT_Callback  usb_endp.o
    0x08000b34   0x08000b34   0x0000000c   Code   RO         1506    i.EXTI_ClearITPendingBit  stm32f10x_exti.o
    0x08000b40   0x08000b40   0x00000094   Code   RO         1511    i.EXTI_Init         stm32f10x_exti.o
    0x08000bd4   0x08000bd4   0x00000116   Code   RO         1577    i.GPIO_Init         stm32f10x_gpio.o
    0x08000cea   0x08000cea   0x00000004   Code   RO         1584    i.GPIO_ResetBits    stm32f10x_gpio.o
    0x08000cee   0x08000cee   0x00000004   Code   RO         1585    i.GPIO_SetBits      stm32f10x_gpio.o
    0x08000cf2   0x08000cf2   0x00000002   PAD
    0x08000cf4   0x08000cf4   0x00000020   Code   RO          935    i.GetEPRxAddr       usb_regs.o
    0x08000d14   0x08000d14   0x00000024   Code   RO          936    i.GetEPRxCount      usb_regs.o
    0x08000d38   0x08000d38   0x00000020   Code   RO          938    i.GetEPTxAddr       usb_regs.o
    0x08000d58   0x08000d58   0x00000034   Code   RO          283    i.Get_SerialNum     hw_config.o
    0x08000d8c   0x08000d8c   0x00000004   Code   RO         1326    i.HardFault_Handler  stm32_it.o
    0x08000d90   0x08000d90   0x00000070   Code   RO          421    i.In0_Process       usb_core.o
    0x08000e00   0x08000e00   0x0000003e   Code   RO          284    i.IntToUnicode      hw_config.o
    0x08000e3e   0x08000e3e   0x00000002   PAD
    0x08000e40   0x08000e40   0x00000024   Code   RO          285    i.Leave_LowPowerMode  hw_config.o
    0x08000e64   0x08000e64   0x00000004   Code   RO         1327    i.MemManage_Handler  stm32_it.o
    0x08000e68   0x08000e68   0x00000002   Code   RO         1328    i.NMI_Handler       stm32_it.o
    0x08000e6a   0x08000e6a   0x00000002   Code   RO          422    i.NOP_Process       usb_core.o
    0x08000e6c   0x08000e6c   0x00000138   Code   RO          423    i.NoData_Setup0     usb_core.o
    0x08000fa4   0x08000fa4   0x00000050   Code   RO          424    i.Out0_Process      usb_core.o
    0x08000ff4   0x08000ff4   0x00000028   Code   RO          718    i.PMAToUserBufferCopy  usb_mem.o
    0x0800101c   0x0800101c   0x00000002   Code   RO         1329    i.PendSV_Handler    stm32_it.o
    0x0800101e   0x0800101e   0x00000002   PAD
    0x08001020   0x08001020   0x00000048   Code   RO          425    i.Post0_Process     usb_core.o
    0x08001068   0x08001068   0x00000040   Code   RO          862    i.PowerOn           usb_pwr.o
    0x080010a8   0x080010a8   0x00000020   Code   RO         1699    i.RCC_APB1PeriphClockCmd  stm32f10x_rcc.o
    0x080010c8   0x080010c8   0x00000020   Code   RO         1701    i.RCC_APB2PeriphClockCmd  stm32f10x_rcc.o
    0x080010e8   0x080010e8   0x000000d0   Code   RO          863    i.Resume            usb_pwr.o
    0x080011b8   0x080011b8   0x00000024   Code   RO          864    i.Resume_Init       usb_pwr.o
    0x080011dc   0x080011dc   0x00000018   Code   RO         1914    i.SPI_Cmd           stm32f10x_spi.o
    0x080011f4   0x080011f4   0x0000003c   Code   RO         1927    i.SPI_Init          stm32f10x_spi.o
    0x08001230   0x08001230   0x00000002   Code   RO         1330    i.SVC_Handler       stm32_it.o
    0x08001232   0x08001232   0x00000002   PAD
    0x08001234   0x08001234   0x00000010   Code   RO          946    i.SetBTABLE         usb_regs.o
    0x08001244   0x08001244   0x00000050   Code   RO          426    i.SetDeviceAddress  usb_core.o
    0x08001294   0x08001294   0x00000024   Code   RO          960    i.SetEPRxAddr       usb_regs.o
    0x080012b8   0x080012b8   0x0000004c   Code   RO          961    i.SetEPRxCount      usb_regs.o
    0x08001304   0x08001304   0x00000040   Code   RO          962    i.SetEPRxStatus     usb_regs.o
    0x08001344   0x08001344   0x00000034   Code   RO          963    i.SetEPRxValid      usb_regs.o
    0x08001378   0x08001378   0x00000020   Code   RO          964    i.SetEPTxAddr       usb_regs.o
    0x08001398   0x08001398   0x0000001c   Code   RO          965    i.SetEPTxCount      usb_regs.o
    0x080013b4   0x080013b4   0x00000040   Code   RO          966    i.SetEPTxStatus     usb_regs.o
    0x080013f4   0x080013f4   0x00000024   Code   RO          968    i.SetEPType         usb_regs.o
    0x08001418   0x08001418   0x00000008   Code   RO         2072    i.SetSysClock       system_stm32f10x.o
    0x08001420   0x08001420   0x000000e0   Code   RO         2073    i.SetSysClockTo72   system_stm32f10x.o
    0x08001500   0x08001500   0x00000050   Code   RO          286    i.Set_System        hw_config.o
    0x08001550   0x08001550   0x000000b8   Code   RO          427    i.Setup0_Process    usb_core.o
    0x08001608   0x08001608   0x0000016c   Code   RO          428    i.Standard_ClearFeature  usb_core.o
    0x08001774   0x08001774   0x0000002c   Code   RO          429    i.Standard_GetConfiguration  usb_core.o
    0x080017a0   0x080017a0   0x00000024   Code   RO          430    i.Standard_GetDescriptorData  usb_core.o
    0x080017c4   0x080017c4   0x0000002c   Code   RO          431    i.Standard_GetInterface  usb_core.o
    0x080017f0   0x080017f0   0x00000100   Code   RO          432    i.Standard_GetStatus  usb_core.o
    0x080018f0   0x080018f0   0x00000048   Code   RO          433    i.Standard_SetConfiguration  usb_core.o
    0x08001938   0x08001938   0x00000028   Code   RO          434    i.Standard_SetDeviceFeature  usb_core.o
    0x08001960   0x08001960   0x000000d0   Code   RO          435    i.Standard_SetEndPointFeature  usb_core.o
    0x08001a30   0x08001a30   0x0000006c   Code   RO          436    i.Standard_SetInterface  usb_core.o
    0x08001a9c   0x08001a9c   0x00000104   Code   RO          865    i.Suspend           usb_pwr.o
    0x08001ba0   0x08001ba0   0x00000654   Code   RO           97    i.Switch            tft_spi.o
    0x080021f4   0x080021f4   0x00000002   Code   RO         1331    i.SysTick_Handler   stm32_it.o
    0x080021f6   0x080021f6   0x00000002   PAD
    0x080021f8   0x080021f8   0x000000a4   Code   RO         2074    i.SystemCoreClockUpdate  system_stm32f10x.o
    0x0800229c   0x0800229c   0x00000060   Code   RO         2075    i.SystemInit        system_stm32f10x.o
    0x080022fc   0x080022fc   0x0000000c   Code   RO         1332    i.USBWakeUp_IRQHandler  stm32_it.o
    0x08002308   0x08002308   0x00000024   Code   RO          288    i.USB_Cable_Config  hw_config.o
    0x0800232c   0x0800232c   0x000001cc   Code   RO          688    i.USB_Istr          usb_istr.o
    0x080024f8   0x080024f8   0x00000008   Code   RO         1333    i.USB_LP_CAN1_RX0_IRQHandler  stm32_it.o
    0x08002500   0x08002500   0x00000024   Code   RO         1288    i.USB_SIL_Init      usb_sil.o
    0x08002524   0x08002524   0x00000004   Code   RO         1334    i.UsageFault_Handler  stm32_it.o
    0x08002528   0x08002528   0x00000038   Code   RO          719    i.UserToPMABufferCopy  usb_mem.o
    0x08002560   0x08002560   0x00000064   Code   RO          748    i.Virtual_Com_Port_Data_Setup  usb_prop.o
    0x080025c4   0x080025c4   0x00000014   Code   RO          749    i.Virtual_Com_Port_GetConfigDescriptor  usb_prop.o
    0x080025d8   0x080025d8   0x00000014   Code   RO          750    i.Virtual_Com_Port_GetDeviceDescriptor  usb_prop.o
    0x080025ec   0x080025ec   0x0000001c   Code   RO          751    i.Virtual_Com_Port_GetLineCoding  usb_prop.o
    0x08002608   0x08002608   0x00000028   Code   RO          752    i.Virtual_Com_Port_GetStringDescriptor  usb_prop.o
    0x08002630   0x08002630   0x00000016   Code   RO          753    i.Virtual_Com_Port_Get_Interface_Setting  usb_prop.o
    0x08002646   0x08002646   0x00000002   PAD
    0x08002648   0x08002648   0x00000028   Code   RO          754    i.Virtual_Com_Port_NoData_Setup  usb_prop.o
    0x08002670   0x08002670   0x000000e8   Code   RO          755    i.Virtual_Com_Port_Reset  usb_prop.o
    0x08002758   0x08002758   0x00000018   Code   RO          756    i.Virtual_Com_Port_SetConfiguration  usb_prop.o
    0x08002770   0x08002770   0x0000000c   Code   RO          757    i.Virtual_Com_Port_SetDeviceAddress  usb_prop.o
    0x0800277c   0x0800277c   0x0000001c   Code   RO          758    i.Virtual_Com_Port_SetLineCoding  usb_prop.o
    0x08002798   0x08002798   0x00000014   Code   RO          759    i.Virtual_Com_Port_Status_In  usb_prop.o
    0x080027ac   0x080027ac   0x00000002   Code   RO          760    i.Virtual_Com_Port_Status_Out  usb_prop.o
    0x080027ae   0x080027ae   0x00000002   PAD
    0x080027b0   0x080027b0   0x00000028   Code   RO          761    i.Virtual_Com_Port_init  usb_prop.o
    0x080027d8   0x080027d8   0x00000048   Code   RO            5    i._delay_ms         stm32_delay_asm.o
    0x08002820   0x08002820   0x0000006c   Code   RO         1408    i.boot_jump         test_main.o
    0x0800288c   0x0800288c   0x00000034   Code   RO            7    i.delay_init        stm32_delay_asm.o
    0x080028c0   0x080028c0   0x00000040   Code   RO           99    i.gpio_all_outPP    tft_spi.o
    0x08002900   0x08002900   0x0000001c   Code   RO          100    i.gpio_config       tft_spi.o
    0x0800291c   0x0800291c   0x00000044   Code   RO         1409    i.main              test_main.o
    0x08002960   0x08002960   0x000000e8   Code   RO          101    i.tft_7x8           tft_spi.o
    0x08002a48   0x08002a48   0x00000014   Code   RO          102    i.tft_adr           tft_spi.o
    0x08002a5c   0x08002a5c   0x00000088   Code   RO          103    i.tft_bgr           tft_spi.o
    0x08002ae4   0x08002ae4   0x0000003c   Code   RO          104    i.tft_bksps         tft_spi.o
    0x08002b20   0x08002b20   0x00000028   Code   RO          105    i.tft_clear         tft_spi.o
    0x08002b48   0x08002b48   0x000000d8   Code   RO          110    i.tft_hex           tft_spi.o
    0x08002c20   0x08002c20   0x00000080   Code   RO          112    i.tft_init          tft_spi.o
    0x08002ca0   0x08002ca0   0x00000016   Code   RO          113    i.tft_init_defaults  tft_spi.o
    0x08002cb6   0x08002cb6   0x00000002   PAD
    0x08002cb8   0x08002cb8   0x0000002c   Code   RO          114    i.tft_newl          tft_spi.o
    0x08002ce4   0x08002ce4   0x00000074   Code   RO          116    i.tft_spi_command   tft_spi.o
    0x08002d58   0x08002d58   0x00000074   Code   RO          117    i.tft_spi_data      tft_spi.o
    0x08002dcc   0x08002dcc   0x000000a8   Code   RO          118    i.tft_spi_init      tft_spi.o
    0x08002e74   0x08002e74   0x000000bc   Code   RO          119    i.tft_w             tft_spi.o
    0x08002f30   0x08002f30   0x000002b0   Code   RO         2132    x$fpl$ddiv          fz_ws.l(ddiv.o)
    0x080031e0   0x080031e0   0x0000005a   Code   RO         2135    x$fpl$dfixu         fz_ws.l(dfixu.o)
    0x0800323a   0x0800323a   0x0000002e   Code   RO         2144    x$fpl$dflt          fz_ws.l(dflt_clz.o)
    0x08003268   0x08003268   0x00000026   Code   RO         2143    x$fpl$dfltu         fz_ws.l(dflt_clz.o)
    0x0800328e   0x0800328e   0x00000002   PAD
    0x08003290   0x08003290   0x00000154   Code   RO         2155    x$fpl$dmul          fz_ws.l(dmul.o)
    0x080033e4   0x080033e4   0x0000009c   Code   RO         2164    x$fpl$dnaninf       fz_ws.l(dnaninf.o)
    0x08003480   0x08003480   0x0000000c   Code   RO         2166    x$fpl$dretinf       fz_ws.l(dretinf.o)
    0x0800348c   0x0800348c   0x00000000   Code   RO         2168    x$fpl$usenofp       fz_ws.l(usenofp.o)
    0x0800348c   0x0800348c   0x000000b1   Data   RO          549    .constdata          usb_desc.o
    0x0800353d   0x0800353d   0x00000003   PAD
    0x08003540   0x08003540   0x00000020   Data   RO         2327    Region$$Table       anon$$obj.o


    Execution Region RW_IRAM1 (Exec base: 0x20000000, Load base: 0x08003560, Size: 0x00000bb0, Max: 0x00005000, ABSOLUTE, COMPRESSED[0x000001f4])

    Exec Addr    Load Addr    Size         Type   Attr      Idx    E Section Name        Object

    0x20000000   COMPRESSED   0x00000008   Data   RW            8    .data               stm32_delay_asm.o
    0x20000008   COMPRESSED   0x00000361   Data   RW          122    .data               tft_spi.o
    0x20000369   COMPRESSED   0x00000003   PAD
    0x2000036c   COMPRESSED   0x00000010   Data   RW          291    .data               hw_config.o
    0x2000037c   COMPRESSED   0x00000003   Data   RW          437    .data               usb_core.o
    0x2000037f   COMPRESSED   0x0000001a   Data   RW          550    .data               usb_desc.o
    0x20000399   COMPRESSED   0x00000003   PAD
    0x2000039c   COMPRESSED   0x00000004   Data   RW          576    .data               usb_endp.o
    0x200003a0   COMPRESSED   0x00000014   Data   RW          613    .data               usb_init.o
    0x200003b4   COMPRESSED   0x00000004   Data   RW          648    .data               usb_int.o
    0x200003b8   COMPRESSED   0x00000044   Data   RW          689    .data               usb_istr.o
    0x200003fc   COMPRESSED   0x00000094   Data   RW          762    .data               usb_prop.o
    0x20000490   COMPRESSED   0x0000000c   Data   RW          867    .data               usb_pwr.o
    0x2000049c   COMPRESSED   0x0000000c   Data   RW         1411    .data               test_main.o
    0x200004a8   COMPRESSED   0x00000014   Data   RW         2076    .data               system_stm32f10x.o
    0x200004bc        -       0x00000014   Zero   RW          121    .bss                tft_spi.o
    0x200004d0        -       0x00000040   Zero   RW          290    .bss                hw_config.o
    0x20000510        -       0x0000001c   Zero   RW          612    .bss                usb_init.o
    0x2000052c        -       0x00000020   Zero   RW          866    .bss                usb_pwr.o
    0x2000054c        -       0x00000060   Zero   RW         2201    .bss                c_w.l(libspace.o)
    0x200005ac   COMPRESSED   0x00000004   PAD
    0x200005b0        -       0x00000200   Zero   RW         2063    HEAP                startup_stm32f10x_md.o
    0x200007b0        -       0x00000400   Zero   RW         2062    STACK               startup_stm32f10x_md.o


==============================================================================

Image component sizes


      Code (inc. data)   RO Data    RW Data    ZI Data      Debug   Object Name

       266         34          0         16         64       8205   hw_config.o
        64         26        236          0       1536        844   startup_stm32f10x_md.o
       130         22          0          8          0     225703   stm32_delay_asm.o
        46          0          0          0          0       5046   stm32_it.o
       160         12          0          0          0       1589   stm32f10x_exti.o
       286          0          0          0          0       3156   stm32f10x_gpio.o
        64         12          0          0          0       1210   stm32f10x_rcc.o
        84          0          0          0          0       2301   stm32f10x_spi.o
       492         50          0         20          0       3117   system_stm32f10x.o
       176         52          0         12          0       2150   test_main.o
      3198        426          0        865         20      15939   tft_spi.o
      3058        288          0          3          0      14711   usb_core.o
         0          0        177         26          0       1123   usb_desc.o
        60         16          0          4          0       1254   usb_endp.o
         0          0          0         20         28       3651   usb_init.o
       648         32          0          4          0       1776   usb_int.o
       460         38          0         68          0       1699   usb_istr.o
        96         10          0          0          0       1796   usb_mem.o
       628        102          0        148          0      12165   usb_prop.o
       568         58          0         12         32       4024   usb_pwr.o
       660         96          0          0          0       9412   usb_regs.o
        36          8          0          0          0        499   usb_sil.o

    ----------------------------------------------------------------------
     11202       1282        448       1212       1680     321370   Object Totals
         0          0         32          0          0          0   (incl. Generated)
        22          0          3          6          0          0   (incl. Padding)

    ----------------------------------------------------------------------

      Code (inc. data)   RO Data    RW Data    ZI Data      Debug   Library Member Name

        90          0          0          0          0          0   __dczerorl2.o
         8          0          0          0          0         68   __main.o
         0          0          0          0          0          0   __rtentry.o
        12          0          0          0          0          0   __rtentry2.o
         6          0          0          0          0          0   __rtentry4.o
        52          8          0          0          0          0   __scatter.o
        28          0          0          0          0          0   __scatter_zi.o
        18          0          0          0          0         80   exit.o
         6          0          0          0          0        152   heapauxi.o
         0          0          0          0          0          0   indicate_semi.o
         2          0          0          0          0          0   libinit.o
         2          0          0          0          0          0   libinit2.o
         2          0          0          0          0          0   libshutdown.o
         2          0          0          0          0          0   libshutdown2.o
         8          4          0          0         96         68   libspace.o
       238          0          0          0          0        100   lludivv7m.o
         2          0          0          0          0          0   rtexit.o
        10          0          0          0          0          0   rtexit2.o
        62          0          0          0          0         76   strlen.o
        12          4          0          0          0         68   sys_exit.o
        74          0          0          0          0         80   sys_stackheap_outer.o
         2          0          0          0          0         68   use_no_semi.o
       688        140          0          0          0        208   ddiv.o
        90          4          0          0          0         92   dfixu.o
        84          0          0          0          0        136   dflt_clz.o
       340         12          0          0          0        104   dmul.o
       156          4          0          0          0         92   dnaninf.o
        12          0          0          0          0         68   dretinf.o
         0          0          0          0          0          0   usenofp.o

    ----------------------------------------------------------------------
      2014        176          0          0        100       1460   Library Totals
         8          0          0          0          4          0   (incl. Padding)

    ----------------------------------------------------------------------

      Code (inc. data)   RO Data    RW Data    ZI Data      Debug   Library Name

       636         16          0          0         96        760   c_w.l
      1370        160          0          0          0        700   fz_ws.l

    ----------------------------------------------------------------------
      2014        176          0          0        100       1460   Library Totals

    ----------------------------------------------------------------------

==============================================================================


      Code (inc. data)   RO Data    RW Data    ZI Data      Debug   

     13216       1458        448       1212       1780     316690   Grand Totals
     13216       1458        448        500       1780     316690   ELF Image Totals (compressed)
     13216       1458        448        500          0          0   ROM Totals

==============================================================================

    Total RO  Size (Code + RO Data)                13664 (  13.34kB)
    Total RW  Size (RW Data + ZI Data)              2992 (   2.92kB)
    Total ROM Size (Code + RO Data + RW Data)      14164 (  13.83kB)

==============================================================================

