Component: ARM Compiler 5.06 update 6 (build 750) Tool: armlink [4d35ed]

==============================================================================

Section Cross References

    stm32_delay_asm.o(i._delay_ms) refers to dflt_clz.o(x$fpl$dflt) for __aeabi_i2d
    stm32_delay_asm.o(i._delay_ms) refers to dmul.o(x$fpl$dmul) for __aeabi_dmul
    stm32_delay_asm.o(i._delay_ms) refers to dfixu.o(x$fpl$dfixu) for __aeabi_d2uiz
    stm32_delay_asm.o(i._delay_ms) refers to stm32_delay_asm.o(.emb_text) for _delay_loop
    stm32_delay_asm.o(i._delay_ms) refers to stm32_delay_asm.o(.data) for sys_clk_var
    stm32_delay_asm.o(i._delay_us) refers to stm32_delay_asm.o(.emb_text) for _delay_loop
    stm32_delay_asm.o(i._delay_us) refers to stm32_delay_asm.o(.data) for sys_clk_var
    stm32_delay_asm.o(i.delay_init) refers to system_stm32f10x.o(i.SystemCoreClockUpdate) for SystemCoreClockUpdate
    stm32_delay_asm.o(i.delay_init) refers to dflt_clz.o(x$fpl$dfltu) for __aeabi_ui2d
    stm32_delay_asm.o(i.delay_init) refers to ddiv.o(x$fpl$ddiv) for __aeabi_ddiv
    stm32_delay_asm.o(i.delay_init) refers to dfixu.o(x$fpl$dfixu) for __aeabi_d2uiz
    stm32_delay_asm.o(i.delay_init) refers to system_stm32f10x.o(.data) for SystemCoreClock
    stm32_delay_asm.o(i.delay_init) refers to stm32_delay_asm.o(.data) for sys_clk_var
    tft_spi.o(i.Switch) refers to tft_spi.o(.data) for zero
    tft_spi.o(i.Switch) refers to tft_spi.o(.bss) for num_arr
    tft_spi.o(i.gpio_all_outOD) refers to stm32f10x_rcc.o(i.RCC_APB2PeriphClockCmd) for RCC_APB2PeriphClockCmd
    tft_spi.o(i.gpio_all_outOD) refers to tft_spi.o(i.gpio_config) for gpio_config
    tft_spi.o(i.gpio_all_outPP) refers to stm32f10x_rcc.o(i.RCC_APB2PeriphClockCmd) for RCC_APB2PeriphClockCmd
    tft_spi.o(i.gpio_all_outPP) refers to tft_spi.o(i.gpio_config) for gpio_config
    tft_spi.o(i.gpio_config) refers to stm32f10x_gpio.o(i.GPIO_Init) for GPIO_Init
    tft_spi.o(i.tft_7x8) refers to tft_spi.o(i.Switch) for Switch
    tft_spi.o(i.tft_7x8) refers to tft_spi.o(i.tft_spi_command) for tft_spi_command
    tft_spi.o(i.tft_7x8) refers to tft_spi.o(i.tft_spi_data) for tft_spi_data
    tft_spi.o(i.tft_7x8) refers to tft_spi.o(.bss) for num_arr
    tft_spi.o(i.tft_7x8) refers to tft_spi.o(.data) for bgR
    tft_spi.o(i.tft_adr) refers to tft_spi.o(.data) for crdX
    tft_spi.o(i.tft_bgr) refers to tft_spi.o(i.tft_spi_command) for tft_spi_command
    tft_spi.o(i.tft_bgr) refers to tft_spi.o(i.tft_spi_data) for tft_spi_data
    tft_spi.o(i.tft_bgr) refers to tft_spi.o(.data) for bgR
    tft_spi.o(i.tft_bksps) refers to tft_spi.o(i.tft_7x8) for tft_7x8
    tft_spi.o(i.tft_bksps) refers to tft_spi.o(.data) for crdX
    tft_spi.o(i.tft_clear) refers to tft_spi.o(i.tft_bgr) for tft_bgr
    tft_spi.o(i.tft_clear) refers to tft_spi.o(i.tft_adr) for tft_adr
    tft_spi.o(i.tft_clear) refers to tft_spi.o(.data) for bgB
    tft_spi.o(i.tft_dec) refers to lludivv7m.o(.text) for __aeabi_uldivmod
    tft_spi.o(i.tft_dec) refers to tft_spi.o(i.tft_7x8) for tft_7x8
    tft_spi.o(i.tft_dec) refers to tft_spi.o(.data) for crdX
    tft_spi.o(i.tft_dec_value) refers to tft_spi.o(i.tft_w) for tft_w
    tft_spi.o(i.tft_dec_value) refers to tft_spi.o(i.tft_dec) for tft_dec
    tft_spi.o(i.tft_float_dec) refers to dleqf.o(x$fpl$dleqf) for __aeabi_cdcmple
    tft_spi.o(i.tft_float_dec) refers to tft_spi.o(i.tft_w) for tft_w
    tft_spi.o(i.tft_float_dec) refers to ddiv.o(x$fpl$ddiv) for __aeabi_ddiv
    tft_spi.o(i.tft_float_dec) refers to dfixull.o(x$fpl$llufromd) for __aeabi_d2ulz
    tft_spi.o(i.tft_float_dec) refers to dmul.o(x$fpl$dmul) for __aeabi_dmul
    tft_spi.o(i.tft_float_dec) refers to tft_spi.o(i.tft_dec) for tft_dec
    tft_spi.o(i.tft_float_dec) refers to dfltll_clz.o(x$fpl$dfltull) for __aeabi_ul2d
    tft_spi.o(i.tft_float_dec) refers to daddsub_clz.o(x$fpl$drsb) for __aeabi_drsub
    tft_spi.o(i.tft_float_dec_value) refers to tft_spi.o(i.tft_w) for tft_w
    tft_spi.o(i.tft_float_dec_value) refers to tft_spi.o(i.tft_float_dec) for tft_float_dec
    tft_spi.o(i.tft_hex) refers to lludivv7m.o(.text) for __aeabi_uldivmod
    tft_spi.o(i.tft_hex) refers to tft_spi.o(i.tft_7x8) for tft_7x8
    tft_spi.o(i.tft_hex) refers to tft_spi.o(.data) for crdX
    tft_spi.o(i.tft_hex_value) refers to tft_spi.o(i.tft_w) for tft_w
    tft_spi.o(i.tft_hex_value) refers to tft_spi.o(i.tft_hex) for tft_hex
    tft_spi.o(i.tft_init) refers to stm32_delay_asm.o(i._delay_ms) for _delay_ms
    tft_spi.o(i.tft_init) refers to tft_spi.o(i.tft_spi_command) for tft_spi_command
    tft_spi.o(i.tft_init) refers to tft_spi.o(i.tft_spi_data) for tft_spi_data
    tft_spi.o(i.tft_init) refers to tft_spi.o(i.tft_bgr) for tft_bgr
    tft_spi.o(i.tft_init_defaults) refers to tft_spi.o(i.tft_spi_init) for tft_spi_init
    tft_spi.o(i.tft_init_defaults) refers to tft_spi.o(i.tft_init) for tft_init
    tft_spi.o(i.tft_newl) refers to tft_spi.o(.data) for crdX
[...]
    ../clib/printf.c                         0x00000000   Number         0  __2sprintf.o ABSOLUTE
    ../clib/printf.c                         0x00000000   Number         0  __printf_ss_wp.o ABSOLUTE
    ../clib/printf.c                         0x00000000   Number         0  noretval__2sprintf.o ABSOLUTE
    ../clib/printf_percent.s                 0x00000000   Number         0  _printf_percent.o ABSOLUTE
    ../clib/printf_percent.s                 0x00000000   Number         0  _printf_percent_end.o ABSOLUTE
    ../clib/printf_percent.s                 0x00000000   Number         0  _printf_d.o ABSOLUTE
    ../clib/signal.c                         0x00000000   Number         0  defsig_pvfn_inner.o ABSOLUTE
    ../clib/signal.c                         0x00000000   Number         0  defsig_cppl_inner.o ABSOLUTE
    ../clib/signal.c                         0x00000000   Number         0  defsig_segv_inner.o ABSOLUTE
    ../clib/signal.c                         0x00000000   Number         0  defsig_other.o ABSOLUTE
    ../clib/signal.c                         0x00000000   Number         0  defsig_abrt_inner.o ABSOLUTE
    ../clib/signal.c                         0x00000000   Number         0  __raise.o ABSOLUTE
    ../clib/signal.c                         0x00000000   Number         0  defsig_general.o ABSOLUTE
    ../clib/signal.c                         0x00000000   Number         0  defsig_fpe_outer.o ABSOLUTE
    ../clib/signal.c                         0x00000000   Number         0  defsig_fpe_inner.o ABSOLUTE
    ../clib/signal.c                         0x00000000   Number         0  defsig_exit.o ABSOLUTE
    ../clib/signal.c                         0x00000000   Number         0  defsig_rtmem_outer.o ABSOLUTE
    ../clib/signal.c                         0x00000000   Number         0  defsig_fpe_formal.o ABSOLUTE
    ../clib/signal.c                         0x00000000   Number         0  defsig_rtred_inner.o ABSOLUTE
    ../clib/signal.c                         0x00000000   Number         0  defsig_rtmem_inner.o ABSOLUTE
    ../clib/signal.c                         0x00000000   Number         0  defsig_rtmem_formal.o ABSOLUTE
    ../clib/signal.c                         0x00000000   Number         0  defsig_stak_inner.o ABSOLUTE
    ../clib/signal.s                         0x00000000   Number         0  defsig.o ABSOLUTE
    ../clib/stdlib.c                         0x00000000   Number         0  exit.o ABSOLUTE
    ../clib/string.c                         0x00000000   Number         0  strlen.o ABSOLUTE
    ../fplib/daddsub.s                       0x00000000   Number         0  daddsub_clz.o ABSOLUTE
    ../fplib/dcmpi.s                         0x00000000   Number         0  dcmpi.o ABSOLUTE
    ../fplib/ddiv.s                          0x00000000   Number         0  ddiv.o ABSOLUTE
    ../fplib/dfixu.s                         0x00000000   Number         0  dfixu.o ABSOLUTE
    ../fplib/dfixull.s                       0x00000000   Number         0  dfixull.o ABSOLUTE
    ../fplib/dflt.s                          0x00000000   Number         0  dflt_clz.o ABSOLUTE
    ../fplib/dfltll.s                        0x00000000   Number         0  dfltll_clz.o ABSOLUTE
    ../fplib/dleqf.s                         0x00000000   Number         0  dleqf.o ABSOLUTE
    ../fplib/dmul.s                          0x00000000   Number         0  dmul.o ABSOLUTE
    ../fplib/dnaninf.s                       0x00000000   Number         0  dnaninf.o ABSOLUTE
    ../fplib/dretinf.s                       0x00000000   Number         0  dretinf.o ABSOLUTE
    ../fplib/fpinit.s                        0x00000000   Number         0  fpinit.o ABSOLUTE
    ../fplib/usenofp.s                       0x00000000   Number         0  usenofp.o ABSOLUTE
    ..\0src\TFT_SPI.c                        0x00000000   Number         0  tft_spi.o ABSOLUTE
    ..\0src\src\stm32_it.c                   0x00000000   Number         0  stm32_it.o ABSOLUTE
    ..\0src\stm32_delay_asm.c                0x00000000   Number         0  stm32_delay_asm.o ABSOLUTE
    ..\STM32_USB_CDC_libs\hw_config.c        0x00000000   Number         0  hw_config.o ABSOLUTE
    ..\STM32_USB_CDC_libs\usb_core.c         0x00000000   Number         0  usb_core.o ABSOLUTE
    ..\STM32_USB_CDC_libs\usb_desc.c         0x00000000   Number         0  usb_desc.o ABSOLUTE
    ..\STM32_USB_CDC_libs\usb_endp.c         0x00000000   Number         0  usb_endp.o ABSOLUTE
    ..\STM32_USB_CDC_libs\usb_init.c         0x00000000   Number         0  usb_init.o ABSOLUTE
    ..\STM32_USB_CDC_libs\usb_int.c          0x00000000   Number         0  usb_int.o ABSOLUTE
    ..\STM32_USB_CDC_libs\usb_istr.c         0x00000000   Number         0  usb_istr.o ABSOLUTE
    ..\STM32_USB_CDC_libs\usb_mem.c          0x00000000   Number         0  usb_mem.o ABSOLUTE
    ..\STM32_USB_CDC_libs\usb_prop.c         0x00000000   Number         0  usb_prop.o ABSOLUTE
    ..\STM32_USB_CDC_libs\usb_pwr.c          0x00000000   Number         0  usb_pwr.o ABSOLUTE
    ..\STM32_USB_CDC_libs\usb_regs.c         0x00000000   Number         0  usb_regs.o ABSOLUTE
    ..\STM32_USB_CDC_libs\usb_sil.c          0x00000000   Number         0  usb_sil.o ABSOLUTE
    ..\\0src\\TFT_SPI.c                      0x00000000   Number         0  tft_spi.o ABSOLUTE
    ..\\0src\\src\\stm32_it.c                0x00000000   Number         0  stm32_it.o ABSOLUTE
    ..\\0src\\stm32_delay_asm.c              0x00000000   Number         0  stm32_delay_asm.o ABSOLUTE
    ..\\STM32_USB_CDC_libs\\hw_config.c      0x00000000   Number         0  hw_config.o ABSOLUTE
    ..\\STM32_USB_CDC_libs\\usb_core.c       0x00000000   Number         0  usb_core.o ABSOLUTE
    ..\\STM32_USB_CDC_libs\\usb_desc.c       0x00000000   Number         0  usb_desc.o ABSOLUTE
    ..\\STM32_USB_CDC_libs\\usb_endp.c       0x00000000   Number         0  usb_endp.o ABSOLUTE
    ..\\STM32_USB_CDC_libs\\usb_init.c       0x00000000   Number         0  usb_init.o ABSOLUTE
    ..\\STM32_USB_CDC_libs\\usb_int.c        0x00000000   Number         0  usb_int.o ABSOLUTE
    ..\\STM32_USB_CDC_libs\\usb_istr.c       0x00000000   Number         0  usb_istr.o ABSOLUTE
    ..\\STM32_USB_CDC_libs\\usb_mem.c        0x00000000   Number         0  usb_mem.o ABSOLUTE
    ..\\STM32_USB_CDC_libs\\usb_prop.c       0x00000000   Number         0  usb_prop.o ABSOLUTE
    ..\\STM32_USB_CDC_libs\\usb_pwr.c        0x00000000   Number         0  usb_pwr.o ABSOLUTE
    ..\\STM32_USB_CDC_libs\\usb_regs.c       0x00000000   Number         0  usb_regs.o ABSOLUTE
    ..\\STM32_USB_CDC_libs\\usb_sil.c        0x00000000   Number         0  usb_sil.o ABSOLUTE
    C:\Keil_v5\ARM\PACK\Keil\STM32F1xx_DFP\2.2.0\Device\StdPeriph_Driver\src\misc.c 0x00000000   Number         0  misc_1.o ABSOLUTE
    C:\Keil_v5\ARM\PACK\Keil\STM32F1xx_DFP\2.2.0\Device\StdPeriph_Driver\src\stm32f10x_exti.c 0x00000000   Number         0  stm32f10x_exti.o ABSOLUTE
    C:\Keil_v5\ARM\PACK\Keil\STM32F1xx_DFP\2.2.0\Device\StdPeriph_Driver\src\stm32f10x_gpio.c 0x00000000   Number         0  stm32f10x_gpio.o ABSOLUTE
    C:\Keil_v5\ARM\PACK\Keil\STM32F1xx_DFP\2.2.0\Device\StdPeriph_Driver\src\stm32f10x_rcc.c 0x00000000   Number         0  stm32f10x_rcc.o ABSOLUTE
    C:\Keil_v5\ARM\PACK\Keil\STM32F1xx_DFP\2.2.0\Device\StdPeriph_Driver\src\stm32f10x_spi.c 0x00000000   Number         0  stm32f10x_spi.o ABSOLUTE
    C:\\Keil_v5\\ARM\\PACK\\Keil\\STM32F1xx_DFP\\2.2.0\\Device\\StdPeriph_Driver\\src\\misc.c 0x00000000   Number         0  misc_1.o ABSOLUTE
    C:\\Keil_v5\\ARM\\PACK\\Keil\\STM32F1xx_DFP\\2.2.0\\Device\\StdPeriph_Driver\\src\\stm32f10x_exti.c 0x00000000   Number         0  stm32f10x_exti.o ABSOLUTE
    C:\\Keil_v5\\ARM\\PACK\\Keil\\STM32F1xx_DFP\\2.2.0\\Device\\StdPeriph_Driver\\src\\stm32f10x_gpio.c 0x00000000   Number         0  stm32f10x_gpio.o ABSOLUTE
    C:\\Keil_v5\\ARM\\PACK\\Keil\\STM32F1xx_DFP\\2.2.0\\Device\\StdPeriph_Driver\\src\\stm32f10x_rcc.c 0x00000000   Number         0  stm32f10x_rcc.o ABSOLUTE
    C:\\Keil_v5\\ARM\\PACK\\Keil\\STM32F1xx_DFP\\2.2.0\\Device\\StdPeriph_Driver\\src\\stm32f10x_spi.c 0x00000000   Number         0  stm32f10x_spi.o ABSOLUTE
    RTE\Device\STM32F103C8\startup_stm32f10x_md.s 0x00000000   Number         0  startup_stm32f10x_md.o ABSOLUTE
    RTE\Device\STM32F103C8\system_stm32f10x.c 0x00000000   Number         0  system_stm32f10x.o ABSOLUTE
    RTE\\Device\\STM32F103C8\\system_stm32f10x.c 0x00000000   Number         0  system_stm32f10x.o ABSOLUTE
    dc.s                                     0x00000000   Number         0  dc.o ABSOLUTE
    hxdonor_main.c                           0x00000000   Number         0  hxdonor_main.o ABSOLUTE
    hxdonor_main.c                           0x00000000   Number         0  hxdonor_main.o ABSOLUTE
    RESET                                    0x08000000   Section      236  startup_stm32f10x_md.o(RESET)
    !!!main                                  0x080000ec   Section        8  __main.o(!!!main)
    !!!scatter                               0x080000f4   Section       52  __scatter.o(!!!scatter)
    !!dczerorl2                              0x08000128   Section       90  __dczerorl2.o(!!dczerorl2)
    !!handler_zi                             0x08000184   Section       28  __scatter_zi.o(!!handler_zi)
    .ARM.Collect$$_printf_percent$$00000000  0x080001a0   Section        0  _printf_percent.o(.ARM.Collect$$_printf_percent$$00000000)
    .ARM.Collect$$_printf_percent$$00000009  0x080001a0   Section        6  _printf_d.o(.ARM.Collect$$_printf_percent$$00000009)
    .ARM.Collect$$_printf_percent$$00000017  0x080001a6   Section        4  _printf_percent_end.o(.ARM.Collect$$_printf_percent$$00000017)
    .ARM.Collect$$libinit$$00000000          0x080001aa   Section        2  libinit.o(.ARM.Collect$$libinit$$00000000)
    .ARM.Collect$$libinit$$00000002          0x080001ac   Section        0  libinit2.o(.ARM.Collect$$libinit$$00000002)
    .ARM.Collect$$libinit$$00000004          0x080001ac   Section        0  libinit2.o(.ARM.Collect$$libinit$$00000004)
    .ARM.Collect$$libinit$$0000000A          0x080001ac   Section        0  libinit2.o(.ARM.Collect$$libinit$$0000000A)
    .ARM.Collect$$libinit$$0000000C          0x080001ac   Section        0  libinit2.o(.ARM.Collect$$libinit$$0000000C)
    .ARM.Collect$$libinit$$0000000E          0x080001ac   Section        0  libinit2.o(.ARM.Collect$$libinit$$0000000E)
    .ARM.Collect$$libinit$$00000011          0x080001ac   Section        0  libinit2.o(.ARM.Collect$$libinit$$00000011)
    .ARM.Collect$$libinit$$00000013          0x080001ac   Section        0  libinit2.o(.ARM.Collect$$libinit$$00000013)
    .ARM.Collect$$libinit$$00000015          0x080001ac   Section        0  libinit2.o(.ARM.Collect$$libinit$$00000015)
    .ARM.Collect$$libinit$$00000017          0x080001ac   Section        0  libinit2.o(.ARM.Collect$$libinit$$00000017)
    .ARM.Collect$$libinit$$00000019          0x080001ac   Section        0  libinit2.o(.ARM.Collect$$libinit$$00000019)
    .ARM.Collect$$libinit$$0000001B          0x080001ac   Section        0  libinit2.o(.ARM.Collect$$libinit$$0000001B)
    .ARM.Collect$$libinit$$0000001D          0x080001ac   Section        0  libinit2.o(.ARM.Collect$$libinit$$0000001D)
    .ARM.Collect$$libinit$$0000001F          0x080001ac   Section        0  libinit2.o(.ARM.Collect$$libinit$$0000001F)
    .ARM.Collect$$libinit$$00000021          0x080001ac   Section        0  libinit2.o(.ARM.Collect$$libinit$$00000021)
    .ARM.Collect$$libinit$$00000023          0x080001ac   Section        0  libinit2.o(.ARM.Collect$$libinit$$00000023)
    .ARM.Collect$$libinit$$00000025          0x080001ac   Section        0  libinit2.o(.ARM.Collect$$libinit$$00000025)
    .ARM.Collect$$libinit$$0000002C          0x080001ac   Section        0  libinit2.o(.ARM.Collect$$libinit$$0000002C)
    .ARM.Collect$$libinit$$0000002E          0x080001ac   Section        0  libinit2.o(.ARM.Collect$$libinit$$0000002E)
    .ARM.Collect$$libinit$$00000030          0x080001ac   Section        0  libinit2.o(.ARM.Collect$$libinit$$00000030)
    .ARM.Collect$$libinit$$00000032          0x080001ac   Section        0  libinit2.o(.ARM.Collect$$libinit$$00000032)
    .ARM.Collect$$libinit$$00000033          0x080001ac   Section        2  libinit2.o(.ARM.Collect$$libinit$$00000033)
    .ARM.Collect$$libshutdown$$00000000      0x080001ae   Section        2  libshutdown.o(.ARM.Collect$$libshutdown$$00000000)
    .ARM.Collect$$libshutdown$$00000002      0x080001b0   Section        0  libshutdown2.o(.ARM.Collect$$libshutdown$$00000002)
    .ARM.Collect$$libshutdown$$00000004      0x080001b0   Section        0  libshutdown2.o(.ARM.Collect$$libshutdown$$00000004)
    .ARM.Collect$$libshutdown$$00000007      0x080001b0   Section        0  libshutdown2.o(.ARM.Collect$$libshutdown$$00000007)
    .ARM.Collect$$libshutdown$$0000000A      0x080001b0   Section        0  libshutdown2.o(.ARM.Collect$$libshutdown$$0000000A)
    .ARM.Collect$$libshutdown$$0000000C      0x080001b0   Section        0  libshutdown2.o(.ARM.Collect$$libshutdown$$0000000C)
    .ARM.Collect$$libshutdown$$0000000F      0x080001b0   Section        0  libshutdown2.o(.ARM.Collect$$libshutdown$$0000000F)
    .ARM.Collect$$libshutdown$$00000010      0x080001b0   Section        2  libshutdown2.o(.ARM.Collect$$libshutdown$$00000010)
    .ARM.Collect$$rtentry$$00000000          0x080001b2   Section        0  __rtentry.o(.ARM.Collect$$rtentry$$00000000)
    .ARM.Collect$$rtentry$$00000002          0x080001b2   Section        0  __rtentry2.o(.ARM.Collect$$rtentry$$00000002)
    .ARM.Collect$$rtentry$$00000004          0x080001b2   Section        6  __rtentry4.o(.ARM.Collect$$rtentry$$00000004)
    .ARM.Collect$$rtentry$$00000009          0x080001b8   Section        0  __rtentry2.o(.ARM.Collect$$rtentry$$00000009)
    .ARM.Collect$$rtentry$$0000000A          0x080001b8   Section        4  __rtentry2.o(.ARM.Collect$$rtentry$$0000000A)
    .ARM.Collect$$rtentry$$0000000C          0x080001bc   Section        0  __rtentry2.o(.ARM.Collect$$rtentry$$0000000C)
    .ARM.Collect$$rtentry$$0000000D          0x080001bc   Section        8  __rtentry2.o(.ARM.Collect$$rtentry$$0000000D)
    .ARM.Collect$$rtexit$$00000000           0x080001c4   Section        2  rtexit.o(.ARM.Collect$$rtexit$$00000000)
    .ARM.Collect$$rtexit$$00000002           0x080001c6   Section        0  rtexit2.o(.ARM.Collect$$rtexit$$00000002)
    .ARM.Collect$$rtexit$$00000003           0x080001c6   Section        4  rtexit2.o(.ARM.Collect$$rtexit$$00000003)
    .ARM.Collect$$rtexit$$00000004           0x080001ca   Section        6  rtexit2.o(.ARM.Collect$$rtexit$$00000004)
    .text                                    0x080001d0   Section       64  startup_stm32f10x_md.o(.text)
    .text                                    0x08000210   Section        0  noretval__2sprintf.o(.text)
    .text                                    0x08000238   Section        0  __printf.o(.text)
    .text                                    0x080002a0   Section        0  _printf_dec.o(.text)
    .text                                    0x08000318   Section        0  strlen.o(.text)
    .text                                    0x08000356   Section        0  heapauxi.o(.text)
    .text                                    0x0800035c   Section        0  _printf_intcommon.o(.text)
    .text                                    0x08000410   Section        0  _printf_char_common.o(.text)
    _printf_input_char                       0x08000411   Thumb Code    10  _printf_char_common.o(.text)
    .text                                    0x08000440   Section        0  _sputc.o(.text)
    .text                                    0x0800044a   Section       74  sys_stackheap_outer.o(.text)
    .text                                    0x08000494   Section        0  exit.o(.text)
    .text                                    0x080004a8   Section        8  libspace.o(.text)
    .text                                    0x080004b0   Section        0  sys_exit.o(.text)
    .text                                    0x080004bc   Section        2  use_no_semi.o(.text)
    .text                                    0x080004be   Section        0  indicate_semi.o(.text)
    i.BusFault_Handler                       0x080004be   Section        0  stm32_it.o(i.BusFault_Handler)
    i.ByteSwap                               0x080004c2   Section        0  usb_regs.o(i.ByteSwap)
    i.CDC_Receive_DATA                       0x080004d0   Section        0  hw_config.o(i.CDC_Receive_DATA)
    i.CDC_Send_DATA                          0x080004e8   Section        0  hw_config.o(i.CDC_Send_DATA)
    i.CTR_LP                                 0x08000520   Section        0  usb_int.o(i.CTR_LP)
    i.ClearDTOG_RX                           0x080007a8   Section        0  usb_regs.o(i.ClearDTOG_RX)
    i.ClearDTOG_TX                           0x080007dc   Section        0  usb_regs.o(i.ClearDTOG_TX)
    i.Clear_Status_Out                       0x08000810   Section        0  usb_regs.o(i.Clear_Status_Out)
    i.DOVR_Callback                          0x08000838   Section        0  hxdonor_main.o(i.DOVR_Callback)
    i.DataStageIn                            0x080008a4   Section        0  usb_core.o(i.DataStageIn)
    DataStageIn                              0x080008a5   Thumb Code   166  usb_core.o(i.DataStageIn)
    i.DataStageOut                           0x08000964   Section        0  usb_core.o(i.DataStageOut)
    DataStageOut                             0x08000965   Thumb Code   166  usb_core.o(i.DataStageOut)
    i.Data_Setup0                            0x08000a20   Section        0  usb_core.o(i.Data_Setup0)
    Data_Setup0                              0x08000a21   Thumb Code   628  usb_core.o(i.Data_Setup0)
    i.DebugMon_Handler                       0x08000cb8   Section        0  stm32_it.o(i.DebugMon_Handler)
    i.EP1_IN_Callback                        0x08000cbc   Section        0  usb_endp.o(i.EP1_IN_Callback)
    i.EP3_OUT_Callback                       0x08000cc8   Section        0  usb_endp.o(i.EP3_OUT_Callback)
    i.ERR_Callback                           0x08000d18   Section        0  hxdonor_main.o(i.ERR_Callback)
    i.EXTI_ClearITPendingBit                 0x08000d24   Section        0  stm32f10x_exti.o(i.EXTI_ClearITPendingBit)
    i.EXTI_Init                              0x08000d30   Section        0  stm32f10x_exti.o(i.EXTI_Init)
    i.GPIO_Init                              0x08000dc4   Section        0  stm32f10x_gpio.o(i.GPIO_Init)
    i.GPIO_ResetBits                         0x08000eda   Section        0  stm32f10x_gpio.o(i.GPIO_ResetBits)
    i.GPIO_SetBits                           0x08000ede   Section        0  stm32f10x_gpio.o(i.GPIO_SetBits)
    i.GetEPRxAddr                            0x08000ee4   Section        0  usb_regs.o(i.GetEPRxAddr)
    i.GetEPRxCount                           0x08000f04   Section        0  usb_regs.o(i.GetEPRxCount)
    i.GetEPRxStatus                          0x08000f28   Section        0  usb_regs.o(i.GetEPRxStatus)
    i.GetEPTxAddr                            0x08000f40   Section        0  usb_regs.o(i.GetEPTxAddr)
    i.Get_SerialNum                          0x08000f60   Section        0  hw_config.o(i.Get_SerialNum)
    i.HardFault_Handler                      0x08000f94   Section        0  stm32_it.o(i.HardFault_Handler)
    i.In0_Process                            0x08000f98   Section        0  usb_core.o(i.In0_Process)
    i.IntToUnicode                           0x08001008   Section        0  hw_config.o(i.IntToUnicode)
    IntToUnicode                             0x08001009   Thumb Code    62  hw_config.o(i.IntToUnicode)
    i.Leave_LowPowerMode                     0x08001048   Section        0  hw_config.o(i.Leave_LowPowerMode)
    i.MemManage_Handler                      0x0800106c   Section        0  stm32_it.o(i.MemManage_Handler)
    i.NMI_Handler                            0x08001070   Section        0  stm32_it.o(i.NMI_Handler)
    i.NOP_Process                            0x08001072   Section        0  usb_core.o(i.NOP_Process)
    i.NVIC_Init                              0x08001074   Section        0  misc_1.o(i.NVIC_Init)
    i.NVIC_PriorityGroupConfig               0x080010e4   Section        0  misc_1.o(i.NVIC_PriorityGroupConfig)
    i.NoData_Setup0                          0x080010f8   Section        0  usb_core.o(i.NoData_Setup0)
    NoData_Setup0                            0x080010f9   Thumb Code   290  usb_core.o(i.NoData_Setup0)
    i.Out0_Process                           0x08001230   Section        0  usb_core.o(i.Out0_Process)
    i.PMAToUserBufferCopy                    0x08001280   Section        0  usb_mem.o(i.PMAToUserBufferCopy)
    i.PendSV_Handler                         0x080012a8   Section        0  stm32_it.o(i.PendSV_Handler)
    i.Post0_Process                          0x080012ac   Section        0  usb_core.o(i.Post0_Process)
    i.PowerOn                                0x080012f4   Section        0  usb_pwr.o(i.PowerOn)
    i.RCC_APB1PeriphClockCmd                 0x08001334   Section        0  stm32f10x_rcc.o(i.RCC_APB1PeriphClockCmd)
    i.RCC_APB2PeriphClockCmd                 0x08001354   Section        0  stm32f10x_rcc.o(i.RCC_APB2PeriphClockCmd)
    i.RCC_USBCLKConfig                       0x08001374   Section        0  stm32f10x_rcc.o(i.RCC_USBCLKConfig)
    i.Resume                                 0x08001380   Section        0  usb_pwr.o(i.Resume)
    i.Resume_Init                            0x08001450   Section        0  usb_pwr.o(i.Resume_Init)
    i.SOF_Callback                           0x08001474   Section        0  hxdonor_main.o(i.SOF_Callback)
    i.SPI_CalculateCRC                       0x08001494   Section        0  stm32f10x_spi.o(i.SPI_CalculateCRC)
    i.SPI_Cmd                                0x080014ac   Section        0  stm32f10x_spi.o(i.SPI_Cmd)
    i.SPI_Init                               0x080014c4   Section        0  stm32f10x_spi.o(i.SPI_Init)
    i.SVC_Handler                            0x08001500   Section        0  stm32_it.o(i.SVC_Handler)
    i.SetBTABLE                              0x08001504   Section        0  usb_regs.o(i.SetBTABLE)
    i.SetDeviceAddress                       0x08001514   Section        0  usb_core.o(i.SetDeviceAddress)
    i.SetEPRxAddr                            0x08001564   Section        0  usb_regs.o(i.SetEPRxAddr)
    i.SetEPRxCount                           0x08001588   Section        0  usb_regs.o(i.SetEPRxCount)
    i.SetEPRxStatus                          0x080015d4   Section        0  usb_regs.o(i.SetEPRxStatus)
    i.SetEPRxValid                           0x08001614   Section        0  usb_regs.o(i.SetEPRxValid)
    i.SetEPTxAddr                            0x08001648   Section        0  usb_regs.o(i.SetEPTxAddr)
    i.SetEPTxCount                           0x08001668   Section        0  usb_regs.o(i.SetEPTxCount)
    i.SetEPTxStatus                          0x08001684   Section        0  usb_regs.o(i.SetEPTxStatus)
    i.SetEPTxValid                           0x080016c4   Section        0  usb_regs.o(i.SetEPTxValid)
    i.SetEPType                              0x080016f8   Section        0  usb_regs.o(i.SetEPType)
    i.SetSysClock                            0x0800171c   Section        0  system_stm32f10x.o(i.SetSysClock)
    SetSysClock                              0x0800171d   Thumb Code     8  system_stm32f10x.o(i.SetSysClock)
    i.SetSysClockTo72                        0x08001724   Section        0  system_stm32f10x.o(i.SetSysClockTo72)
    SetSysClockTo72                          0x08001725   Thumb Code   214  system_stm32f10x.o(i.SetSysClockTo72)
    i.Set_System                             0x08001804   Section        0  hw_config.o(i.Set_System)
    i.Set_USBClock                           0x08001854   Section        0  hw_config.o(i.Set_USBClock)
    i.Setup0_Process                         0x08001868   Section        0  usb_core.o(i.Setup0_Process)
    i.Standard_ClearFeature                  0x08001920   Section        0  usb_core.o(i.Standard_ClearFeature)
    i.Standard_GetConfiguration              0x08001a8c   Section        0  usb_core.o(i.Standard_GetConfiguration)
    i.Standard_GetDescriptorData             0x08001ab8   Section        0  usb_core.o(i.Standard_GetDescriptorData)
    i.Standard_GetInterface                  0x08001adc   Section        0  usb_core.o(i.Standard_GetInterface)
    i.Standard_GetStatus                     0x08001b08   Section        0  usb_core.o(i.Standard_GetStatus)
    i.Standard_SetConfiguration              0x08001c08   Section        0  usb_core.o(i.Standard_SetConfiguration)
    i.Standard_SetDeviceFeature              0x08001c50   Section        0  usb_core.o(i.Standard_SetDeviceFeature)
    i.Standard_SetEndPointFeature            0x08001c78   Section        0  usb_core.o(i.Standard_SetEndPointFeature)
    i.Standard_SetInterface                  0x08001d48   Section        0  usb_core.o(i.Standard_SetInterface)
    i.Suspend                                0x08001db4   Section        0  usb_pwr.o(i.Suspend)
    i.SysTick_Handler                        0x08001eb8   Section        0  stm32_it.o(i.SysTick_Handler)
    i.SystemCoreClockUpdate                  0x08001ebc   Section        0  system_stm32f10x.o(i.SystemCoreClockUpdate)
    i.SystemInit                             0x08001f60   Section        0  system_stm32f10x.o(i.SystemInit)
    i.USBWakeUp_IRQHandler                   0x08001fc0   Section        0  stm32_it.o(i.USBWakeUp_IRQHandler)
    i.USB_Cable_Config                       0x08001fcc   Section        0  hw_config.o(i.USB_Cable_Config)
    i.USB_Init                               0x08001ff0   Section        0  usb_init.o(i.USB_Init)
    i.USB_Interrupts_Config                  0x0800202c   Section        0  hw_config.o(i.USB_Interrupts_Config)
    i.USB_Istr                               0x08002068   Section        0  usb_istr.o(i.USB_Istr)
    i.USB_LP_CAN1_RX0_IRQHandler             0x08002258   Section        0  stm32_it.o(i.USB_LP_CAN1_RX0_IRQHandler)
    i.USB_SIL_Init                           0x08002260   Section        0  usb_sil.o(i.USB_SIL_Init)
    i.UsageFault_Handler                     0x08002284   Section        0  stm32_it.o(i.UsageFault_Handler)
    i.UserToPMABufferCopy                    0x08002288   Section        0  usb_mem.o(i.UserToPMABufferCopy)
    i.Virtual_Com_Port_Data_Setup            0x080022c0   Section        0  usb_prop.o(i.Virtual_Com_Port_Data_Setup)
    i.Virtual_Com_Port_GetConfigDescriptor   0x08002324   Section        0  usb_prop.o(i.Virtual_Com_Port_GetConfigDescriptor)
    i.Virtual_Com_Port_GetDeviceDescriptor   0x08002338   Section        0  usb_prop.o(i.Virtual_Com_Port_GetDeviceDescriptor)
    i.Virtual_Com_Port_GetLineCoding         0x0800234c   Section        0  usb_prop.o(i.Virtual_Com_Port_GetLineCoding)
    i.Virtual_Com_Port_GetStringDescriptor   0x08002368   Section        0  usb_prop.o(i.Virtual_Com_Port_GetStringDescriptor)
    i.Virtual_Com_Port_Get_Interface_Setting 0x08002390   Section        0  usb_prop.o(i.Virtual_Com_Port_Get_Interface_Setting)
    i.Virtual_Com_Port_NoData_Setup          0x080023a8   Section        0  usb_prop.o(i.Virtual_Com_Port_NoData_Setup)
    i.Virtual_Com_Port_Reset                 0x080023d0   Section        0  usb_prop.o(i.Virtual_Com_Port_Reset)
    i.Virtual_Com_Port_SetConfiguration      0x080024b8   Section        0  usb_prop.o(i.Virtual_Com_Port_SetConfiguration)
    i.Virtual_Com_Port_SetDeviceAddress      0x080024d0   Section        0  usb_prop.o(i.Virtual_Com_Port_SetDeviceAddress)
    i.Virtual_Com_Port_SetLineCoding         0x080024dc   Section        0  usb_prop.o(i.Virtual_Com_Port_SetLineCoding)
    i.Virtual_Com_Port_Status_In             0x080024f8   Section        0  usb_prop.o(i.Virtual_Com_Port_Status_In)
    i.Virtual_Com_Port_Status_Out            0x0800250c   Section        0  usb_prop.o(i.Virtual_Com_Port_Status_Out)
    i.Virtual_Com_Port_init                  0x08002510   Section        0  usb_prop.o(i.Virtual_Com_Port_init)
    i.delay_init                             0x08002538   Section        0  stm32_delay_asm.o(i.delay_init)
    i.main                                   0x0800256c   Section        0  hxdonor_main.o(i.main)
    i.search_string                          0x08002698   Section        0  hxdonor_main.o(i.search_string)
    i.spi1_master_init                       0x080026f4   Section        0  hxdonor_main.o(i.spi1_master_init)
    i.spi1_sendbyte                          0x080027d0   Section        0  hxdonor_main.o(i.spi1_sendbyte)
    x$fpl$ddiv                               0x0800280c   Section      688  ddiv.o(x$fpl$ddiv)
    ddiv_entry                               0x08002813   Thumb Code     0  ddiv.o(x$fpl$ddiv)
    x$fpl$dfixu                              0x08002abc   Section       90  dfixu.o(x$fpl$dfixu)
    x$fpl$dfltu                              0x08002b16   Section       38  dflt_clz.o(x$fpl$dfltu)
    x$fpl$dnaninf                            0x08002b3c   Section      156  dnaninf.o(x$fpl$dnaninf)
    x$fpl$dretinf                            0x08002bd8   Section       12  dretinf.o(x$fpl$dretinf)
    .constdata                               0x08002be4   Section      177  usb_desc.o(.constdata)
    x$fpl$usenofp                            0x08002be4   Section        0  usenofp.o(x$fpl$usenofp)
    .data                                    0x20000000   Section        8  stm32_delay_asm.o(.data)
    .data                                    0x20000008   Section       20  hxdonor_main.o(.data)
    .data                                    0x2000001c   Section       16  hw_config.o(.data)
    .data                                    0x2000002c   Section       26  usb_desc.o(.data)
    .data                                    0x20000048   Section        4  usb_endp.o(.data)
    .data                                    0x2000004c   Section       68  usb_istr.o(.data)
    .data                                    0x20000090   Section      148  usb_prop.o(.data)
    .data                                    0x20000124   Section       12  usb_pwr.o(.data)
    .data                                    0x20000130   Section        3  usb_core.o(.data)
    .data                                    0x20000134   Section        4  usb_int.o(.data)
    .data                                    0x20000138   Section       20  usb_init.o(.data)
    .data                                    0x2000014c   Section       20  system_stm32f10x.o(.data)
    .bss                                     0x20000160   Section      104  hxdonor_main.o(.bss)
    .bss                                     0x200001c8   Section       64  hw_config.o(.bss)
    .bss                                     0x20000208   Section       32  usb_pwr.o(.bss)
    .bss                                     0x20000228   Section       28  usb_init.o(.bss)
    .bss                                     0x20000244   Section       96  libspace.o(.bss)
    HEAP                                     0x200002a8   Section      512  startup_stm32f10x_md.o(HEAP)
    Heap_Mem                                 0x200002a8   Data         512  startup_stm32f10x_md.o(HEAP)
    STACK                                    0x200004a8   Section     1024  startup_stm32f10x_md.o(STACK)
    Stack_Mem                                0x200004a8   Data        1024  startup_stm32f10x_md.o(STACK)
    __initial_sp                             0x200008a8   Data           0  startup_stm32f10x_md.o(STACK)

    Global Symbols

    Symbol Name                              Value     Ov Type        Size  Object(Section)

    BuildAttributes$$THM_ISAv4$P$D$K$B$S$PE$A:L22UL41UL21$X:L11$S22US41US21$IEEE1$IW$USESV6$~STKCKD$USESV7$~SHL$OSPACE$ROPI$EBA8$UX$STANDARDLIB$REQ8$PRES8$EABIv2 0x00000000   Number         0  anon$$obj.o ABSOLUTE
    __ARM_use_no_argv                        0x00000000   Number         0  hxdonor_main.o ABSOLUTE
    __ARM_exceptions_init                     - Undefined Weak Reference
    __alloca_initialize                       - Undefined Weak Reference
    __arm_preinit_                            - Undefined Weak Reference
    __cpp_initialize__aeabi_                  - Undefined Weak Reference
    __cxa_finalize                            - Undefined Weak Reference
    __rt_locale                               - Undefined Weak Reference
    __sigvec_lookup                           - Undefined Weak Reference
    _atexit_init                              - Undefined Weak Reference
    _call_atexit_fns                          - Undefined Weak Reference
    _clock_init                               - Undefined Weak Reference
    _fp_trap_init                             - Undefined Weak Reference
    _fp_trap_shutdown                         - Undefined Weak Reference
    _get_lc_collate                           - Undefined Weak Reference
    _get_lc_ctype                             - Undefined Weak Reference
    _get_lc_monetary                          - Undefined Weak Reference
    _get_lc_numeric                           - Undefined Weak Reference
    _get_lc_time                              - Undefined Weak Reference
    _getenv_init                              - Undefined Weak Reference
    _handle_redirection                       - Undefined Weak Reference
    _init_alloc                               - Undefined Weak Reference
    _init_user_alloc                          - Undefined Weak Reference
    _initio                                   - Undefined Weak Reference
    _printf_post_padding                      - Undefined Weak Reference
    _printf_pre_padding                       - Undefined Weak Reference
    _printf_truncate_signed                   - Undefined Weak Reference
    _printf_truncate_unsigned                 - Undefined Weak Reference
    _rand_init                                - Undefined Weak Reference
    _signal_finish                            - Undefined Weak Reference
    _signal_init                              - Undefined Weak Reference
    _terminate_alloc                          - Undefined Weak Reference
    _terminate_user_alloc                     - Undefined Weak Reference
    _terminateio                              - Undefined Weak Reference
    __Vectors_Size                           0x000000ec   Number         0  startup_stm32f10x_md.o ABSOLUTE
    __Vectors                                0x08000000   Data           4  startup_stm32f10x_md.o(RESET)
    __Vectors_End                            0x080000ec   Data           0  startup_stm32f10x_md.o(RESET)
    __main                                   0x080000ed   Thumb Code     8  __main.o(!!!main)
    __scatterload                            0x080000f5   Thumb Code     0  __scatter.o(!!!scatter)
    __scatterload_rt2                        0x080000f5   Thumb Code    44  __scatter.o(!!!scatter)
    __scatterload_rt2_thumb_only             0x080000f5   Thumb Code     0  __scatter.o(!!!scatter)
    __scatterload_null                       0x08000103   Thumb Code     0  __scatter.o(!!!scatter)
    __decompress                             0x08000129   Thumb Code    90  __dczerorl2.o(!!dczerorl2)
    __decompress1                            0x08000129   Thumb Code     0  __dczerorl2.o(!!dczerorl2)
    __scatterload_zeroinit                   0x08000185   Thumb Code    28  __scatter_zi.o(!!handler_zi)
    _printf_d                                0x080001a1   Thumb Code     0  _printf_d.o(.ARM.Collect$$_printf_percent$$00000009)
    _printf_percent                          0x080001a1   Thumb Code     0  _printf_percent.o(.ARM.Collect$$_printf_percent$$00000000)
    _printf_percent_end                      0x080001a7   Thumb Code     0  _printf_percent_end.o(.ARM.Collect$$_printf_percent$$00000017)
    __rt_lib_init                            0x080001ab   Thumb Code     0  libinit.o(.ARM.Collect$$libinit$$00000000)
    __rt_lib_init_alloca_1                   0x080001ad   Thumb Code     0  libinit2.o(.ARM.Collect$$libinit$$0000002E)
    __rt_lib_init_argv_1                     0x080001ad   Thumb Code     0  libinit2.o(.ARM.Collect$$libinit$$0000002C)
    __rt_lib_init_atexit_1                   0x080001ad   Thumb Code     0  libinit2.o(.ARM.Collect$$libinit$$0000001B)
    __rt_lib_init_clock_1                    0x080001ad   Thumb Code     0  libinit2.o(.ARM.Collect$$libinit$$00000021)
    __rt_lib_init_cpp_1                      0x080001ad   Thumb Code     0  libinit2.o(.ARM.Collect$$libinit$$00000032)
    __rt_lib_init_exceptions_1               0x080001ad   Thumb Code     0  libinit2.o(.ARM.Collect$$libinit$$00000030)
    __rt_lib_init_fp_1                       0x080001ad   Thumb Code     0  libinit2.o(.ARM.Collect$$libinit$$00000002)
    __rt_lib_init_fp_trap_1                  0x080001ad   Thumb Code     0  libinit2.o(.ARM.Collect$$libinit$$0000001F)
    __rt_lib_init_getenv_1                   0x080001ad   Thumb Code     0  libinit2.o(.ARM.Collect$$libinit$$00000023)
    __rt_lib_init_heap_1                     0x080001ad   Thumb Code     0  libinit2.o(.ARM.Collect$$libinit$$0000000A)
    __rt_lib_init_lc_collate_1               0x080001ad   Thumb Code     0  libinit2.o(.ARM.Collect$$libinit$$00000011)
    __rt_lib_init_lc_ctype_1                 0x080001ad   Thumb Code     0  libinit2.o(.ARM.Collect$$libinit$$00000013)
    __rt_lib_init_lc_monetary_1              0x080001ad   Thumb Code     0  libinit2.o(.ARM.Collect$$libinit$$00000015)
    __rt_lib_init_lc_numeric_1               0x080001ad   Thumb Code     0  libinit2.o(.ARM.Collect$$libinit$$00000017)
    __rt_lib_init_lc_time_1                  0x080001ad   Thumb Code     0  libinit2.o(.ARM.Collect$$libinit$$00000019)
    __rt_lib_init_preinit_1                  0x080001ad   Thumb Code     0  libinit2.o(.ARM.Collect$$libinit$$00000004)
    __rt_lib_init_rand_1                     0x080001ad   Thumb Code     0  libinit2.o(.ARM.Collect$$libinit$$0000000E)
    __rt_lib_init_return                     0x080001ad   Thumb Code     0  libinit2.o(.ARM.Collect$$libinit$$00000033)
    __rt_lib_init_signal_1                   0x080001ad   Thumb Code     0  libinit2.o(.ARM.Collect$$libinit$$0000001D)
    __rt_lib_init_stdio_1                    0x080001ad   Thumb Code     0  libinit2.o(.ARM.Collect$$libinit$$00000025)
    __rt_lib_init_user_alloc_1               0x080001ad   Thumb Code     0  libinit2.o(.ARM.Collect$$libinit$$0000000C)
    __rt_lib_shutdown                        0x080001af   Thumb Code     0  libshutdown.o(.ARM.Collect$$libshutdown$$00000000)
    __rt_lib_shutdown_cpp_1                  0x080001b1   Thumb Code     0  libshutdown2.o(.ARM.Collect$$libshutdown$$00000002)
    __rt_lib_shutdown_fp_trap_1              0x080001b1   Thumb Code     0  libshutdown2.o(.ARM.Collect$$libshutdown$$00000007)
    __rt_lib_shutdown_heap_1                 0x080001b1   Thumb Code     0  libshutdown2.o(.ARM.Collect$$libshutdown$$0000000F)
    __rt_lib_shutdown_return                 0x080001b1   Thumb Code     0  libshutdown2.o(.ARM.Collect$$libshutdown$$00000010)
    __rt_lib_shutdown_signal_1               0x080001b1   Thumb Code     0  libshutdown2.o(.ARM.Collect$$libshutdown$$0000000A)
    __rt_lib_shutdown_stdio_1                0x080001b1   Thumb Code     0  libshutdown2.o(.ARM.Collect$$libshutdown$$00000004)
    __rt_lib_shutdown_user_alloc_1           0x080001b1   Thumb Code     0  libshutdown2.o(.ARM.Collect$$libshutdown$$0000000C)
    __rt_entry                               0x080001b3   Thumb Code     0  __rtentry.o(.ARM.Collect$$rtentry$$00000000)
    __rt_entry_presh_1                       0x080001b3   Thumb Code     0  __rtentry2.o(.ARM.Collect$$rtentry$$00000002)
    __rt_entry_sh                            0x080001b3   Thumb Code     0  __rtentry4.o(.ARM.Collect$$rtentry$$00000004)
    __rt_entry_li                            0x080001b9   Thumb Code     0  __rtentry2.o(.ARM.Collect$$rtentry$$0000000A)
    __rt_entry_postsh_1                      0x080001b9   Thumb Code     0  __rtentry2.o(.ARM.Collect$$rtentry$$00000009)
    __rt_entry_main                          0x080001bd   Thumb Code     0  __rtentry2.o(.ARM.Collect$$rtentry$$0000000D)
    __rt_entry_postli_1                      0x080001bd   Thumb Code     0  __rtentry2.o(.ARM.Collect$$rtentry$$0000000C)
    __rt_exit                                0x080001c5   Thumb Code     0  rtexit.o(.ARM.Collect$$rtexit$$00000000)
    __rt_exit_ls                             0x080001c7   Thumb Code     0  rtexit2.o(.ARM.Collect$$rtexit$$00000003)
    __rt_exit_prels_1                        0x080001c7   Thumb Code     0  rtexit2.o(.ARM.Collect$$rtexit$$00000002)
    __rt_exit_exit                           0x080001cb   Thumb Code     0  rtexit2.o(.ARM.Collect$$rtexit$$00000004)
    Reset_Handler                            0x080001d1   Thumb Code     8  startup_stm32f10x_md.o(.text)
    ADC1_2_IRQHandler                        0x080001eb   Thumb Code     0  startup_stm32f10x_md.o(.text)
    CAN1_RX1_IRQHandler                      0x080001eb   Thumb Code     0  startup_stm32f10x_md.o(.text)
    CAN1_SCE_IRQHandler                      0x080001eb   Thumb Code     0  startup_stm32f10x_md.o(.text)
    DMA1_Channel1_IRQHandler                 0x080001eb   Thumb Code     0  startup_stm32f10x_md.o(.text)
    DMA1_Channel2_IRQHandler                 0x080001eb   Thumb Code     0  startup_stm32f10x_md.o(.text)
    DMA1_Channel3_IRQHandler                 0x080001eb   Thumb Code     0  startup_stm32f10x_md.o(.text)
    DMA1_Channel4_IRQHandler                 0x080001eb   Thumb Code     0  startup_stm32f10x_md.o(.text)
    DMA1_Channel5_IRQHandler                 0x080001eb   Thumb Code     0  startup_stm32f10x_md.o(.text)
    DMA1_Channel6_IRQHandler                 0x080001eb   Thumb Code     0  startup_stm32f10x_md.o(.text)
    DMA1_Channel7_IRQHandler                 0x080001eb   Thumb Code     0  startup_stm32f10x_md.o(.text)
    EXTI0_IRQHandler                         0x080001eb   Thumb Code     0  startup_stm32f10x_md.o(.text)
    EXTI15_10_IRQHandler                     0x080001eb   Thumb Code     0  startup_stm32f10x_md.o(.text)
    EXTI1_IRQHandler                         0x080001eb   Thumb Code     0  startup_stm32f10x_md.o(.text)
    EXTI2_IRQHandler                         0x080001eb   Thumb Code     0  startup_stm32f10x_md.o(.text)
    EXTI3_IRQHandler                         0x080001eb   Thumb Code     0  startup_stm32f10x_md.o(.text)
    EXTI4_IRQHandler                         0x080001eb   Thumb Code     0  startup_stm32f10x_md.o(.text)
    EXTI9_5_IRQHandler                       0x080001eb   Thumb Code     0  startup_stm32f10x_md.o(.text)
    FLASH_IRQHandler                         0x080001eb   Thumb Code     0  startup_stm32f10x_md.o(.text)
    I2C1_ER_IRQHandler                       0x080001eb   Thumb Code     0  startup_stm32f10x_md.o(.text)
    I2C1_EV_IRQHandler                       0x080001eb   Thumb Code     0  startup_stm32f10x_md.o(.text)
    I2C2_ER_IRQHandler                       0x080001eb   Thumb Code     0  startup_stm32f10x_md.o(.text)
    I2C2_EV_IRQHandler                       0x080001eb   Thumb Code     0  startup_stm32f10x_md.o(.text)
    PVD_IRQHandler                           0x080001eb   Thumb Code     0  startup_stm32f10x_md.o(.text)
    RCC_IRQHandler                           0x080001eb   Thumb Code     0  startup_stm32f10x_md.o(.text)
    RTCAlarm_IRQHandler                      0x080001eb   Thumb Code     0  startup_stm32f10x_md.o(.text)
    RTC_IRQHandler                           0x080001eb   Thumb Code     0  startup_stm32f10x_md.o(.text)
    SPI1_IRQHandler                          0x080001eb   Thumb Code     0  startup_stm32f10x_md.o(.text)
    SPI2_IRQHandler                          0x080001eb   Thumb Code     0  startup_stm32f10x_md.o(.text)
    TAMPER_IRQHandler                        0x080001eb   Thumb Code     0  startup_stm32f10x_md.o(.text)
    TIM1_BRK_IRQHandler                      0x080001eb   Thumb Code     0  startup_stm32f10x_md.o(.text)
    TIM1_CC_IRQHandler                       0x080001eb   Thumb Code     0  startup_stm32f10x_md.o(.text)
    TIM1_TRG_COM_IRQHandler                  0x080001eb   Thumb Code     0  startup_stm32f10x_md.o(.text)
    TIM1_UP_IRQHandler                       0x080001eb   Thumb Code     0  startup_stm32f10x_md.o(.text)
    TIM2_IRQHandler                          0x080001eb   Thumb Code     0  startup_stm32f10x_md.o(.text)
    TIM3_IRQHandler                          0x080001eb   Thumb Code     0  startup_stm32f10x_md.o(.text)
    TIM4_IRQHandler                          0x080001eb   Thumb Code     0  startup_stm32f10x_md.o(.text)
    USART1_IRQHandler                        0x080001eb   Thumb Code     0  startup_stm32f10x_md.o(.text)
    USART2_IRQHandler                        0x080001eb   Thumb Code     0  startup_stm32f10x_md.o(.text)
    USART3_IRQHandler                        0x080001eb   Thumb Code     0  startup_stm32f10x_md.o(.text)
    USB_HP_CAN1_TX_IRQHandler                0x080001eb   Thumb Code     0  startup_stm32f10x_md.o(.text)
    WWDG_IRQHandler                          0x080001eb   Thumb Code     0  startup_stm32f10x_md.o(.text)
    __user_initial_stackheap                 0x080001ed   Thumb Code     0  startup_stm32f10x_md.o(.text)
    __2sprintf                               0x08000211   Thumb Code    34  noretval__2sprintf.o(.text)
    __printf                                 0x08000239   Thumb Code   104  __printf.o(.text)
    _printf_int_dec                          0x080002a1   Thumb Code   104  _printf_dec.o(.text)
    strlen                                   0x08000319   Thumb Code    62  strlen.o(.text)
    __use_two_region_memory                  0x08000357   Thumb Code     2  heapauxi.o(.text)
    __rt_heap_escrow$2region                 0x08000359   Thumb Code     2  heapauxi.o(.text)
    __rt_heap_expand$2region                 0x0800035b   Thumb Code     2  heapauxi.o(.text)
    _printf_int_common                       0x0800035d   Thumb Code   178  _printf_intcommon.o(.text)
    _printf_char_common                      0x0800041b   Thumb Code    32  _printf_char_common.o(.text)
    _sputc                                   0x08000441   Thumb Code    10  _sputc.o(.text)
    __user_setup_stackheap                   0x0800044b   Thumb Code    74  sys_stackheap_outer.o(.text)
    exit                                     0x08000495   Thumb Code    18  exit.o(.text)
    __user_libspace                          0x080004a9   Thumb Code     8  libspace.o(.text)
    __user_perproc_libspace                  0x080004a9   Thumb Code     0  libspace.o(.text)
    __user_perthread_libspace                0x080004a9   Thumb Code     0  libspace.o(.text)
    _sys_exit                                0x080004b1   Thumb Code     8  sys_exit.o(.text)
    __I$use$semihosting                      0x080004bd   Thumb Code     0  use_no_semi.o(.text)
    __use_no_semihosting_swi                 0x080004bd   Thumb Code     2  use_no_semi.o(.text)
    BusFault_Handler                         0x080004bf   Thumb Code     4  stm32_it.o(i.BusFault_Handler)
    __semihosting_library_function           0x080004bf   Thumb Code     0  indicate_semi.o(.text)
    ByteSwap                                 0x080004c3   Thumb Code    12  usb_regs.o(i.ByteSwap)
    CDC_Receive_DATA                         0x080004d1   Thumb Code    18  hw_config.o(i.CDC_Receive_DATA)
    CDC_Send_DATA                            0x080004e9   Thumb Code    50  hw_config.o(i.CDC_Send_DATA)
    CTR_LP                                   0x08000521   Thumb Code   616  usb_int.o(i.CTR_LP)
    ClearDTOG_RX                             0x080007a9   Thumb Code    48  usb_regs.o(i.ClearDTOG_RX)
    ClearDTOG_TX                             0x080007dd   Thumb Code    48  usb_regs.o(i.ClearDTOG_TX)
    Clear_Status_Out                         0x08000811   Thumb Code    34  usb_regs.o(i.Clear_Status_Out)
    DOVR_Callback                            0x08000839   Thumb Code    76  hxdonor_main.o(i.DOVR_Callback)
    DebugMon_Handler                         0x08000cb9   Thumb Code     2  stm32_it.o(i.DebugMon_Handler)
    EP1_IN_Callback                          0x08000cbd   Thumb Code     8  usb_endp.o(i.EP1_IN_Callback)
    EP3_OUT_Callback                         0x08000cc9   Thumb Code    62  usb_endp.o(i.EP3_OUT_Callback)
    ERR_Callback                             0x08000d19   Thumb Code     8  hxdonor_main.o(i.ERR_Callback)
    EXTI_ClearITPendingBit                   0x08000d25   Thumb Code     6  stm32f10x_exti.o(i.EXTI_ClearITPendingBit)
    EXTI_Init                                0x08000d31   Thumb Code   142  stm32f10x_exti.o(i.EXTI_Init)
    GPIO_Init                                0x08000dc5   Thumb Code   278  stm32f10x_gpio.o(i.GPIO_Init)
    GPIO_ResetBits                           0x08000edb   Thumb Code     4  stm32f10x_gpio.o(i.GPIO_ResetBits)
    GPIO_SetBits                             0x08000edf   Thumb Code     4  stm32f10x_gpio.o(i.GPIO_SetBits)
    GetEPRxAddr                              0x08000ee5   Thumb Code    24  usb_regs.o(i.GetEPRxAddr)
    GetEPRxCount                             0x08000f05   Thumb Code    26  usb_regs.o(i.GetEPRxCount)
    GetEPRxStatus                            0x08000f29   Thumb Code    18  usb_regs.o(i.GetEPRxStatus)
    GetEPTxAddr                              0x08000f41   Thumb Code    22  usb_regs.o(i.GetEPTxAddr)
    Get_SerialNum                            0x08000f61   Thumb Code    42  hw_config.o(i.Get_SerialNum)
    HardFault_Handler                        0x08000f95   Thumb Code     4  stm32_it.o(i.HardFault_Handler)
    In0_Process                              0x08000f99   Thumb Code    98  usb_core.o(i.In0_Process)
    Leave_LowPowerMode                       0x08001049   Thumb Code    28  hw_config.o(i.Leave_LowPowerMode)
    MemManage_Handler                        0x0800106d   Thumb Code     4  stm32_it.o(i.MemManage_Handler)
    NMI_Handler                              0x08001071   Thumb Code     2  stm32_it.o(i.NMI_Handler)
    NOP_Process                              0x08001073   Thumb Code     2  usb_core.o(i.NOP_Process)
    NVIC_Init                                0x08001075   Thumb Code   100  misc_1.o(i.NVIC_Init)
    NVIC_PriorityGroupConfig                 0x080010e5   Thumb Code    10  misc_1.o(i.NVIC_PriorityGroupConfig)
    Out0_Process                             0x08001231   Thumb Code    70  usb_core.o(i.Out0_Process)
    PMAToUserBufferCopy                      0x08001281   Thumb Code    34  usb_mem.o(i.PMAToUserBufferCopy)
    PendSV_Handler                           0x080012a9   Thumb Code     2  stm32_it.o(i.PendSV_Handler)
    Post0_Process                            0x080012ad   Thumb Code    54  usb_core.o(i.Post0_Process)
    PowerOn                                  0x080012f5   Thumb Code    54  usb_pwr.o(i.PowerOn)
    RCC_APB1PeriphClockCmd                   0x08001335   Thumb Code    26  stm32f10x_rcc.o(i.RCC_APB1PeriphClockCmd)
    RCC_APB2PeriphClockCmd                   0x08001355   Thumb Code    26  stm32f10x_rcc.o(i.RCC_APB2PeriphClockCmd)
    RCC_USBCLKConfig                         0x08001375   Thumb Code     6  stm32f10x_rcc.o(i.RCC_USBCLKConfig)
    Resume                                   0x08001381   Thumb Code   194  usb_pwr.o(i.Resume)
    Resume_Init                              0x08001451   Thumb Code    30  usb_pwr.o(i.Resume_Init)
    SOF_Callback                             0x08001475   Thumb Code    22  hxdonor_main.o(i.SOF_Callback)
    SPI_CalculateCRC                         0x08001495   Thumb Code    24  stm32f10x_spi.o(i.SPI_CalculateCRC)
    SPI_Cmd                                  0x080014ad   Thumb Code    24  stm32f10x_spi.o(i.SPI_Cmd)
    SPI_Init                                 0x080014c5   Thumb Code    60  stm32f10x_spi.o(i.SPI_Init)
    SVC_Handler                              0x08001501   Thumb Code     2  stm32_it.o(i.SVC_Handler)
    SetBTABLE                                0x08001505   Thumb Code    12  usb_regs.o(i.SetBTABLE)
    SetDeviceAddress                         0x08001515   Thumb Code    68  usb_core.o(i.SetDeviceAddress)
    SetEPRxAddr                              0x08001565   Thumb Code    26  usb_regs.o(i.SetEPRxAddr)
    SetEPRxCount                             0x08001589   Thumb Code    68  usb_regs.o(i.SetEPRxCount)
    SetEPRxStatus                            0x080015d5   Thumb Code    60  usb_regs.o(i.SetEPRxStatus)
    SetEPRxValid                             0x08001615   Thumb Code    48  usb_regs.o(i.SetEPRxValid)
    SetEPTxAddr                              0x08001649   Thumb Code    24  usb_regs.o(i.SetEPTxAddr)
    SetEPTxCount                             0x08001669   Thumb Code    20  usb_regs.o(i.SetEPTxCount)
    SetEPTxStatus                            0x08001685   Thumb Code    60  usb_regs.o(i.SetEPTxStatus)
    SetEPTxValid                             0x080016c5   Thumb Code    48  usb_regs.o(i.SetEPTxValid)
    SetEPType                                0x080016f9   Thumb Code    32  usb_regs.o(i.SetEPType)
    Set_System                               0x08001805   Thumb Code    70  hw_config.o(i.Set_System)
    Set_USBClock                             0x08001855   Thumb Code    18  hw_config.o(i.Set_USBClock)
    Setup0_Process                           0x08001869   Thumb Code   170  usb_core.o(i.Setup0_Process)
    Standard_ClearFeature                    0x08001921   Thumb Code   342  usb_core.o(i.Standard_ClearFeature)
    Standard_GetConfiguration                0x08001a8d   Thumb Code    34  usb_core.o(i.Standard_GetConfiguration)
    Standard_GetDescriptorData               0x08001ab9   Thumb Code    32  usb_core.o(i.Standard_GetDescriptorData)
    Standard_GetInterface                    0x08001add   Thumb Code    34  usb_core.o(i.Standard_GetInterface)
    Standard_GetStatus                       0x08001b09   Thumb Code   238  usb_core.o(i.Standard_GetStatus)
    Standard_SetConfiguration                0x08001c09   Thumb Code    60  usb_core.o(i.Standard_SetConfiguration)
    Standard_SetDeviceFeature                0x08001c51   Thumb Code    30  usb_core.o(i.Standard_SetDeviceFeature)
    Standard_SetEndPointFeature              0x08001c79   Thumb Code   192  usb_core.o(i.Standard_SetEndPointFeature)
    Standard_SetInterface                    0x08001d49   Thumb Code    96  usb_core.o(i.Standard_SetInterface)
    Suspend                                  0x08001db5   Thumb Code   240  usb_pwr.o(i.Suspend)
    SysTick_Handler                          0x08001eb9   Thumb Code     2  stm32_it.o(i.SysTick_Handler)
    SystemCoreClockUpdate                    0x08001ebd   Thumb Code   142  system_stm32f10x.o(i.SystemCoreClockUpdate)
    SystemInit                               0x08001f61   Thumb Code    78  system_stm32f10x.o(i.SystemInit)
    USBWakeUp_IRQHandler                     0x08001fc1   Thumb Code    12  stm32_it.o(i.USBWakeUp_IRQHandler)
    USB_Cable_Config                         0x08001fcd   Thumb Code    30  hw_config.o(i.USB_Cable_Config)
    USB_Init                                 0x08001ff1   Thumb Code    36  usb_init.o(i.USB_Init)
    USB_Interrupts_Config                    0x0800202d   Thumb Code    60  hw_config.o(i.USB_Interrupts_Config)
    USB_Istr                                 0x08002069   Thumb Code   458  usb_istr.o(i.USB_Istr)
    USB_LP_CAN1_RX0_IRQHandler               0x08002259   Thumb Code     8  stm32_it.o(i.USB_LP_CAN1_RX0_IRQHandler)
    USB_SIL_Init                             0x08002261   Thumb Code    28  usb_sil.o(i.USB_SIL_Init)
    UsageFault_Handler                       0x08002285   Thumb Code     4  stm32_it.o(i.UsageFault_Handler)
    UserToPMABufferCopy                      0x08002289   Thumb Code    52  usb_mem.o(i.UserToPMABufferCopy)
    Virtual_Com_Port_Data_Setup              0x080022c1   Thumb Code    82  usb_prop.o(i.Virtual_Com_Port_Data_Setup)
    Virtual_Com_Port_GetConfigDescriptor     0x08002325   Thumb Code    14  usb_prop.o(i.Virtual_Com_Port_GetConfigDescriptor)
    Virtual_Com_Port_GetDeviceDescriptor     0x08002339   Thumb Code    14  usb_prop.o(i.Virtual_Com_Port_GetDeviceDescriptor)
    Virtual_Com_Port_GetLineCoding           0x0800234d   Thumb Code    20  usb_prop.o(i.Virtual_Com_Port_GetLineCoding)
    Virtual_Com_Port_GetStringDescriptor     0x08002369   Thumb Code    32  usb_prop.o(i.Virtual_Com_Port_GetStringDescriptor)
    Virtual_Com_Port_Get_Interface_Setting   0x08002391   Thumb Code    22  usb_prop.o(i.Virtual_Com_Port_Get_Interface_Setting)
    Virtual_Com_Port_NoData_Setup            0x080023a9   Thumb Code    36  usb_prop.o(i.Virtual_Com_Port_NoData_Setup)
    Virtual_Com_Port_Reset                   0x080023d1   Thumb Code   216  usb_prop.o(i.Virtual_Com_Port_Reset)
    Virtual_Com_Port_SetConfiguration        0x080024b9   Thumb Code    14  usb_prop.o(i.Virtual_Com_Port_SetConfiguration)
    Virtual_Com_Port_SetDeviceAddress        0x080024d1   Thumb Code     8  usb_prop.o(i.Virtual_Com_Port_SetDeviceAddress)
    Virtual_Com_Port_SetLineCoding           0x080024dd   Thumb Code    20  usb_prop.o(i.Virtual_Com_Port_SetLineCoding)
    Virtual_Com_Port_Status_In               0x080024f9   Thumb Code    16  usb_prop.o(i.Virtual_Com_Port_Status_In)
    Virtual_Com_Port_Status_Out              0x0800250d   Thumb Code     2  usb_prop.o(i.Virtual_Com_Port_Status_Out)
    Virtual_Com_Port_init                    0x08002511   Thumb Code    30  usb_prop.o(i.Virtual_Com_Port_init)
    delay_init                               0x08002539   Thumb Code    40  stm32_delay_asm.o(i.delay_init)
    main                                     0x0800256d   Thumb Code   238  hxdonor_main.o(i.main)
    search_string                            0x08002699   Thumb Code    90  hxdonor_main.o(i.search_string)
    spi1_master_init                         0x080026f5   Thumb Code   206  hxdonor_main.o(i.spi1_master_init)
    spi1_sendbyte                            0x080027d1   Thumb Code    56  hxdonor_main.o(i.spi1_sendbyte)
    __aeabi_ddiv                             0x0800280d   Thumb Code     0  ddiv.o(x$fpl$ddiv)
    _ddiv                                    0x0800280d   Thumb Code   552  ddiv.o(x$fpl$ddiv)
    __aeabi_d2uiz                            0x08002abd   Thumb Code     0  dfixu.o(x$fpl$dfixu)
    _dfixu                                   0x08002abd   Thumb Code    90  dfixu.o(x$fpl$dfixu)
    __aeabi_ui2d                             0x08002b17   Thumb Code     0  dflt_clz.o(x$fpl$dfltu)
    _dfltu                                   0x08002b17   Thumb Code    38  dflt_clz.o(x$fpl$dfltu)
    __fpl_dnaninf                            0x08002b3d   Thumb Code   156  dnaninf.o(x$fpl$dnaninf)
    __fpl_dretinf                            0x08002bd9   Thumb Code    12  dretinf.o(x$fpl$dretinf)
    Virtual_Com_Port_DeviceDescriptor        0x08002be4   Data          18  usb_desc.o(.constdata)
    __I$use$fp                               0x08002be4   Number         0  usenofp.o(x$fpl$usenofp)
    Virtual_Com_Port_ConfigDescriptor        0x08002bf6   Data          67  usb_desc.o(.constdata)
    Virtual_Com_Port_StringLangID            0x08002c39   Data           4  usb_desc.o(.constdata)
    Virtual_Com_Port_StringVendor            0x08002c3d   Data          38  usb_desc.o(.constdata)
    Virtual_Com_Port_StringProduct           0x08002c63   Data          50  usb_desc.o(.constdata)
    Region$$Table$$Base                      0x08002c98   Number         0  anon$$obj.o(Region$$Table)
    Region$$Table$$Limit                     0x08002cb8   Number         0  anon$$obj.o(Region$$Table)
    sys_clk_var                              0x20000000   Data           1  stm32_delay_asm.o(.data)
    __ticks                                  0x20000004   Data           4  stm32_delay_asm.o(.data)
    packet_sent                              0x20000008   Data           4  hxdonor_main.o(.data)
    packet_receive                           0x2000000c   Data           4  hxdonor_main.o(.data)
    err_flag                                 0x20000010   Data           1  hxdonor_main.o(.data)
    pmaovr_flag                              0x20000011   Data           1  hxdonor_main.o(.data)
    spi_upd                                  0x20000012   Data           1  hxdonor_main.o(.data)
    ep3_sof                                  0x20000013   Data           1  hxdonor_main.o(.data)
    byte_cnt                                 0x20000014   Data           1  hxdonor_main.o(.data)
    data_size                                0x20000018   Data           4  hxdonor_main.o(.data)
    HSEStartUpStatus                         0x2000001c   Data           1  hw_config.o(.data)
    EXTI_InitStructure                       0x20000020   Data           8  hw_config.o(.data)
    Send_length                              0x20000028   Data           4  hw_config.o(.data)
    Virtual_Com_Port_StringSerial            0x2000002c   Data          26  usb_desc.o(.data)
    Receive_length                           0x20000048   Data           4  usb_endp.o(.data)
    wIstr                                    0x2000004c   Data           2  usb_istr.o(.data)
    bIntPackSOF                              0x2000004e   Data           1  usb_istr.o(.data)
    esof_counter                             0x20000050   Data           4  usb_istr.o(.data)
    wCNTR                                    0x20000054   Data           4  usb_istr.o(.data)
    pEpInt_IN                                0x20000058   Data          28  usb_istr.o(.data)
    pEpInt_OUT                               0x20000074   Data          28  usb_istr.o(.data)
    Request                                  0x20000090   Data           1  usb_prop.o(.data)
    linecoding                               0x20000094   Data           8  usb_prop.o(.data)
    Device_Table                             0x2000009c   Data           2  usb_prop.o(.data)
    Device_Property                          0x200000a0   Data          48  usb_prop.o(.data)
    User_Standard_Requests                   0x200000d0   Data          36  usb_prop.o(.data)
    Device_Descriptor                        0x200000f4   Data           8  usb_prop.o(.data)
    Config_Descriptor                        0x200000fc   Data           8  usb_prop.o(.data)
    String_Descriptor                        0x20000104   Data          32  usb_prop.o(.data)
    bDeviceState                             0x20000124   Data           4  usb_pwr.o(.data)
    fSuspendEnabled                          0x20000128   Data           1  usb_pwr.o(.data)
    ResumeS                                  0x20000129   Data           2  usb_pwr.o(.data)
    remotewakeupon                           0x2000012c   Data           4  usb_pwr.o(.data)
    StatusInfo                               0x20000130   Data           2  usb_core.o(.data)
    Data_Mul_MaxPacketSize                   0x20000132   Data           1  usb_core.o(.data)
    SaveRState                               0x20000134   Data           2  usb_int.o(.data)
    SaveTState                               0x20000136   Data           2  usb_int.o(.data)
    EPindex                                  0x20000138   Data           1  usb_init.o(.data)
    pInformation                             0x2000013c   Data           4  usb_init.o(.data)
    pProperty                                0x20000140   Data           4  usb_init.o(.data)
    SaveState                                0x20000144   Data           2  usb_init.o(.data)
    wInterrupt_Mask                          0x20000146   Data           2  usb_init.o(.data)
    pUser_Standard_Requests                  0x20000148   Data           4  usb_init.o(.data)
    SystemCoreClock                          0x2000014c   Data           4  system_stm32f10x.o(.data)
    AHBPrescTable                            0x20000150   Data          16  system_stm32f10x.o(.data)
    str_tx                                   0x20000160   Data          40  hxdonor_main.o(.bss)
    rx_str                                   0x20000188   Data          64  hxdonor_main.o(.bss)
    Receive_Buffer                           0x200001c8   Data          64  hw_config.o(.bss)
    EP                                       0x20000208   Data          32  usb_pwr.o(.bss)
    Device_Info                              0x20000228   Data          28  usb_init.o(.bss)
    __libspace_start                         0x20000244   Data          96  libspace.o(.bss)
    __temporary_stack_top$libspace           0x200002a4   Data           0  libspace.o(.bss)



==============================================================================

Memory Map of the image

  Image Entry point : 0x080000ed

  Load Region LR_IROM1 (Base: 0x08000000, Size: 0x00002e18, Max: 0x00010000, ABSOLUTE, COMPRESSED[0x00002d48])

    Execution Region ER_IROM1 (Exec base: 0x08000000, Load base: 0x08000000, Size: 0x00002cb8, Max: 0x00010000, ABSOLUTE)

    Exec Addr    Load Addr    Size         Type   Attr      Idx    E Section Name        Object

    0x08000000   0x08000000   0x000000ec   Data   RO         2106    RESET               startup_stm32f10x_md.o
    0x080000ec   0x080000ec   0x00000008   Code   RO         2195  * !!!main             c_w.l(__main.o)
    0x080000f4   0x080000f4   0x00000034   Code   RO         2412    !!!scatter          c_w.l(__scatter.o)
    0x08000128   0x08000128   0x0000005a   Code   RO         2410    !!dczerorl2         c_w.l(__dczerorl2.o)
    0x08000182   0x08000182   0x00000002   PAD
    0x08000184   0x08000184   0x0000001c   Code   RO         2414    !!handler_zi        c_w.l(__scatter_zi.o)
    0x080001a0   0x080001a0   0x00000000   Code   RO         2190    .ARM.Collect$$_printf_percent$$00000000  c_w.l(_printf_percent.o)
    0x080001a0   0x080001a0   0x00000006   Code   RO         2189    .ARM.Collect$$_printf_percent$$00000009  c_w.l(_printf_d.o)
    0x080001a6   0x080001a6   0x00000004   Code   RO         2240    .ARM.Collect$$_printf_percent$$00000017  c_w.l(_printf_percent_end.o)
    0x080001aa   0x080001aa   0x00000002   Code   RO         2280    .ARM.Collect$$libinit$$00000000  c_w.l(libinit.o)
    0x080001ac   0x080001ac   0x00000000   Code   RO         2293    .ARM.Collect$$libinit$$00000002  c_w.l(libinit2.o)
    0x080001ac   0x080001ac   0x00000000   Code   RO         2295    .ARM.Collect$$libinit$$00000004  c_w.l(libinit2.o)
    0x080001ac   0x080001ac   0x00000000   Code   RO         2298    .ARM.Collect$$libinit$$0000000A  c_w.l(libinit2.o)
    0x080001ac   0x080001ac   0x00000000   Code   RO         2300    .ARM.Collect$$libinit$$0000000C  c_w.l(libinit2.o)
    0x080001ac   0x080001ac   0x00000000   Code   RO         2302    .ARM.Collect$$libinit$$0000000E  c_w.l(libinit2.o)
    0x080001ac   0x080001ac   0x00000000   Code   RO         2305    .ARM.Collect$$libinit$$00000011  c_w.l(libinit2.o)
    0x080001ac   0x080001ac   0x00000000   Code   RO         2307    .ARM.Collect$$libinit$$00000013  c_w.l(libinit2.o)
    0x080001ac   0x080001ac   0x00000000   Code   RO         2309    .ARM.Collect$$libinit$$00000015  c_w.l(libinit2.o)
    0x080001ac   0x080001ac   0x00000000   Code   RO         2311    .ARM.Collect$$libinit$$00000017  c_w.l(libinit2.o)
    0x080001ac   0x080001ac   0x00000000   Code   RO         2313    .ARM.Collect$$libinit$$00000019  c_w.l(libinit2.o)
    0x080001ac   0x080001ac   0x00000000   Code   RO         2315    .ARM.Collect$$libinit$$0000001B  c_w.l(libinit2.o)
    0x080001ac   0x080001ac   0x00000000   Code   RO         2317    .ARM.Collect$$libinit$$0000001D  c_w.l(libinit2.o)
    0x080001ac   0x080001ac   0x00000000   Code   RO         2319    .ARM.Collect$$libinit$$0000001F  c_w.l(libinit2.o)
    0x080001ac   0x080001ac   0x00000000   Code   RO         2321    .ARM.Collect$$libinit$$00000021  c_w.l(libinit2.o)
    0x080001ac   0x080001ac   0x00000000   Code   RO         2323    .ARM.Collect$$libinit$$00000023  c_w.l(libinit2.o)
    0x080001ac   0x080001ac   0x00000000   Code   RO         2325    .ARM.Collect$$libinit$$00000025  c_w.l(libinit2.o)
    0x080001ac   0x080001ac   0x00000000   Code   RO         2329    .ARM.Collect$$libinit$$0000002C  c_w.l(libinit2.o)
    0x080001ac   0x080001ac   0x00000000   Code   RO         2331    .ARM.Collect$$libinit$$0000002E  c_w.l(libinit2.o)
    0x080001ac   0x080001ac   0x00000000   Code   RO         2333    .ARM.Collect$$libinit$$00000030  c_w.l(libinit2.o)
    0x080001ac   0x080001ac   0x00000000   Code   RO         2335    .ARM.Collect$$libinit$$00000032  c_w.l(libinit2.o)
    0x080001ac   0x080001ac   0x00000002   Code   RO         2336    .ARM.Collect$$libinit$$00000033  c_w.l(libinit2.o)
    0x080001ae   0x080001ae   0x00000002   Code   RO         2367    .ARM.Collect$$libshutdown$$00000000  c_w.l(libshutdown.o)
    0x080001b0   0x080001b0   0x00000000   Code   RO         2393    .ARM.Collect$$libshutdown$$00000002  c_w.l(libshutdown2.o)
    0x080001b0   0x080001b0   0x00000000   Code   RO         2395    .ARM.Collect$$libshutdown$$00000004  c_w.l(libshutdown2.o)
    0x080001b0   0x080001b0   0x00000000   Code   RO         2398    .ARM.Collect$$libshutdown$$00000007  c_w.l(libshutdown2.o)
    0x080001b0   0x080001b0   0x00000000   Code   RO         2401    .ARM.Collect$$libshutdown$$0000000A  c_w.l(libshutdown2.o)
    0x080001b0   0x080001b0   0x00000000   Code   RO         2403    .ARM.Collect$$libshutdown$$0000000C  c_w.l(libshutdown2.o)
    0x080001b0   0x080001b0   0x00000000   Code   RO         2406    .ARM.Collect$$libshutdown$$0000000F  c_w.l(libshutdown2.o)
    0x080001b0   0x080001b0   0x00000002   Code   RO         2407    .ARM.Collect$$libshutdown$$00000010  c_w.l(libshutdown2.o)
    0x080001b2   0x080001b2   0x00000000   Code   RO         2229    .ARM.Collect$$rtentry$$00000000  c_w.l(__rtentry.o)
    0x080001b2   0x080001b2   0x00000000   Code   RO         2249    .ARM.Collect$$rtentry$$00000002  c_w.l(__rtentry2.o)
    0x080001b2   0x080001b2   0x00000006   Code   RO         2261    .ARM.Collect$$rtentry$$00000004  c_w.l(__rtentry4.o)
    0x080001b8   0x080001b8   0x00000000   Code   RO         2251    .ARM.Collect$$rtentry$$00000009  c_w.l(__rtentry2.o)
    0x080001b8   0x080001b8   0x00000004   Code   RO         2252    .ARM.Collect$$rtentry$$0000000A  c_w.l(__rtentry2.o)
    0x080001bc   0x080001bc   0x00000000   Code   RO         2254    .ARM.Collect$$rtentry$$0000000C  c_w.l(__rtentry2.o)
    0x080001bc   0x080001bc   0x00000008   Code   RO         2255    .ARM.Collect$$rtentry$$0000000D  c_w.l(__rtentry2.o)
    0x080001c4   0x080001c4   0x00000002   Code   RO         2284    .ARM.Collect$$rtexit$$00000000  c_w.l(rtexit.o)
    0x080001c6   0x080001c6   0x00000000   Code   RO         2340    .ARM.Collect$$rtexit$$00000002  c_w.l(rtexit2.o)
    0x080001c6   0x080001c6   0x00000004   Code   RO         2341    .ARM.Collect$$rtexit$$00000003  c_w.l(rtexit2.o)
    0x080001ca   0x080001ca   0x00000006   Code   RO         2342    .ARM.Collect$$rtexit$$00000004  c_w.l(rtexit2.o)
    0x080001d0   0x080001d0   0x00000040   Code   RO         2107    .text               startup_stm32f10x_md.o
    0x08000210   0x08000210   0x00000028   Code   RO         2163    .text               c_w.l(noretval__2sprintf.o)
    0x08000238   0x08000238   0x00000068   Code   RO         2165    .text               c_w.l(__printf.o)
    0x080002a0   0x080002a0   0x00000078   Code   RO         2167    .text               c_w.l(_printf_dec.o)
    0x08000318   0x08000318   0x0000003e   Code   RO         2191    .text               c_w.l(strlen.o)
    0x08000356   0x08000356   0x00000006   Code   RO         2193    .text               c_w.l(heapauxi.o)
    0x0800035c   0x0800035c   0x000000b2   Code   RO         2234    .text               c_w.l(_printf_intcommon.o)
    0x0800040e   0x0800040e   0x00000002   PAD
    0x08000410   0x08000410   0x00000030   Code   RO         2236    .text               c_w.l(_printf_char_common.o)
    0x08000440   0x08000440   0x0000000a   Code   RO         2238    .text               c_w.l(_sputc.o)
    0x0800044a   0x0800044a   0x0000004a   Code   RO         2267    .text               c_w.l(sys_stackheap_outer.o)
    0x08000494   0x08000494   0x00000012   Code   RO         2269    .text               c_w.l(exit.o)
    0x080004a6   0x080004a6   0x00000002   PAD
    0x080004a8   0x080004a8   0x00000008   Code   RO         2281    .text               c_w.l(libspace.o)
    0x080004b0   0x080004b0   0x0000000c   Code   RO         2337    .text               c_w.l(sys_exit.o)
    0x080004bc   0x080004bc   0x00000002   Code   RO         2356    .text               c_w.l(use_no_semi.o)
    0x080004be   0x080004be   0x00000000   Code   RO         2358    .text               c_w.l(indicate_semi.o)
    0x080004be   0x080004be   0x00000004   Code   RO          280    i.BusFault_Handler  stm32_it.o
    0x080004c2   0x080004c2   0x0000000c   Code   RO         1056    i.ByteSwap          usb_regs.o
    0x080004ce   0x080004ce   0x00000002   PAD
    0x080004d0   0x080004d0   0x00000018   Code   RO          507    i.CDC_Receive_DATA  hw_config.o
    0x080004e8   0x080004e8   0x00000038   Code   RO          508    i.CDC_Send_DATA     hw_config.o
    0x08000520   0x08000520   0x00000288   Code   RO          985    i.CTR_LP            usb_int.o
    0x080007a8   0x080007a8   0x00000034   Code   RO         1057    i.ClearDTOG_RX      usb_regs.o
    0x080007dc   0x080007dc   0x00000034   Code   RO         1058    i.ClearDTOG_TX      usb_regs.o
    0x08000810   0x08000810   0x00000028   Code   RO         1063    i.Clear_Status_Out  usb_regs.o
    0x08000838   0x08000838   0x0000006c   Code   RO          413    i.DOVR_Callback     hxdonor_main.o
    0x080008a4   0x080008a4   0x000000c0   Code   RO          853    i.DataStageIn       usb_core.o
    0x08000964   0x08000964   0x000000bc   Code   RO          854    i.DataStageOut      usb_core.o
    0x08000a20   0x08000a20   0x00000298   Code   RO          855    i.Data_Setup0       usb_core.o
    0x08000cb8   0x08000cb8   0x00000002   Code   RO          281    i.DebugMon_Handler  stm32_it.o
    0x08000cba   0x08000cba   0x00000002   PAD
    0x08000cbc   0x08000cbc   0x0000000c   Code   RO          621    i.EP1_IN_Callback   usb_endp.o
    0x08000cc8   0x08000cc8   0x00000050   Code   RO          622    i.EP3_OUT_Callback  usb_endp.o
    0x08000d18   0x08000d18   0x0000000c   Code   RO          414    i.ERR_Callback      hxdonor_main.o
    0x08000d24   0x08000d24   0x0000000c   Code   RO         1548    i.EXTI_ClearITPendingBit  stm32f10x_exti.o
    0x08000d30   0x08000d30   0x00000094   Code   RO         1553    i.EXTI_Init         stm32f10x_exti.o
    0x08000dc4   0x08000dc4   0x00000116   Code   RO         1619    i.GPIO_Init         stm32f10x_gpio.o
    0x08000eda   0x08000eda   0x00000004   Code   RO         1626    i.GPIO_ResetBits    stm32f10x_gpio.o
    0x08000ede   0x08000ede   0x00000004   Code   RO         1627    i.GPIO_SetBits      stm32f10x_gpio.o
    0x08000ee2   0x08000ee2   0x00000002   PAD
    0x08000ee4   0x08000ee4   0x00000020   Code   RO         1075    i.GetEPRxAddr       usb_regs.o
    0x08000f04   0x08000f04   0x00000024   Code   RO         1076    i.GetEPRxCount      usb_regs.o
    0x08000f28   0x08000f28   0x00000018   Code   RO         1077    i.GetEPRxStatus     usb_regs.o
    0x08000f40   0x08000f40   0x00000020   Code   RO         1078    i.GetEPTxAddr       usb_regs.o
    0x08000f60   0x08000f60   0x00000034   Code   RO          510    i.Get_SerialNum     hw_config.o
    0x08000f94   0x08000f94   0x00000004   Code   RO          282    i.HardFault_Handler  stm32_it.o
    0x08000f98   0x08000f98   0x00000070   Code   RO          856    i.In0_Process       usb_core.o
    0x08001008   0x08001008   0x0000003e   Code   RO          511    i.IntToUnicode      hw_config.o
    0x08001046   0x08001046   0x00000002   PAD
    0x08001048   0x08001048   0x00000024   Code   RO          512    i.Leave_LowPowerMode  hw_config.o
    0x0800106c   0x0800106c   0x00000004   Code   RO          283    i.MemManage_Handler  stm32_it.o
    0x08001070   0x08001070   0x00000002   Code   RO          284    i.NMI_Handler       stm32_it.o
    0x08001072   0x08001072   0x00000002   Code   RO          857    i.NOP_Process       usb_core.o
    0x08001074   0x08001074   0x00000070   Code   RO         1499    i.NVIC_Init         misc_1.o
    0x080010e4   0x080010e4   0x00000014   Code   RO         1500    i.NVIC_PriorityGroupConfig  misc_1.o
    0x080010f8   0x080010f8   0x00000138   Code   RO          858    i.NoData_Setup0     usb_core.o
    0x08001230   0x08001230   0x00000050   Code   RO          859    i.Out0_Process      usb_core.o
    0x08001280   0x08001280   0x00000028   Code   RO         1026    i.PMAToUserBufferCopy  usb_mem.o
    0x080012a8   0x080012a8   0x00000002   Code   RO          285    i.PendSV_Handler    stm32_it.o
    0x080012aa   0x080012aa   0x00000002   PAD
    0x080012ac   0x080012ac   0x00000048   Code   RO          860    i.Post0_Process     usb_core.o
    0x080012f4   0x080012f4   0x00000040   Code   RO          799    i.PowerOn           usb_pwr.o
    0x08001334   0x08001334   0x00000020   Code   RO         1741    i.RCC_APB1PeriphClockCmd  stm32f10x_rcc.o
    0x08001354   0x08001354   0x00000020   Code   RO         1743    i.RCC_APB2PeriphClockCmd  stm32f10x_rcc.o
    0x08001374   0x08001374   0x0000000c   Code   RO         1769    i.RCC_USBCLKConfig  stm32f10x_rcc.o
    0x08001380   0x08001380   0x000000d0   Code   RO          800    i.Resume            usb_pwr.o
    0x08001450   0x08001450   0x00000024   Code   RO          801    i.Resume_Init       usb_pwr.o
    0x08001474   0x08001474   0x00000020   Code   RO          415    i.SOF_Callback      hxdonor_main.o
    0x08001494   0x08001494   0x00000018   Code   RO         1955    i.SPI_CalculateCRC  stm32f10x_spi.o
    0x080014ac   0x080014ac   0x00000018   Code   RO         1956    i.SPI_Cmd           stm32f10x_spi.o
    0x080014c4   0x080014c4   0x0000003c   Code   RO         1969    i.SPI_Init          stm32f10x_spi.o
    0x08001500   0x08001500   0x00000002   Code   RO          286    i.SVC_Handler       stm32_it.o
    0x08001502   0x08001502   0x00000002   PAD
    0x08001504   0x08001504   0x00000010   Code   RO         1086    i.SetBTABLE         usb_regs.o
    0x08001514   0x08001514   0x00000050   Code   RO          861    i.SetDeviceAddress  usb_core.o
    0x08001564   0x08001564   0x00000024   Code   RO         1100    i.SetEPRxAddr       usb_regs.o
    0x08001588   0x08001588   0x0000004c   Code   RO         1101    i.SetEPRxCount      usb_regs.o
    0x080015d4   0x080015d4   0x00000040   Code   RO         1102    i.SetEPRxStatus     usb_regs.o
    0x08001614   0x08001614   0x00000034   Code   RO         1103    i.SetEPRxValid      usb_regs.o
    0x08001648   0x08001648   0x00000020   Code   RO         1104    i.SetEPTxAddr       usb_regs.o
    0x08001668   0x08001668   0x0000001c   Code   RO         1105    i.SetEPTxCount      usb_regs.o
    0x08001684   0x08001684   0x00000040   Code   RO         1106    i.SetEPTxStatus     usb_regs.o
    0x080016c4   0x080016c4   0x00000034   Code   RO         1107    i.SetEPTxValid      usb_regs.o
    0x080016f8   0x080016f8   0x00000024   Code   RO         1108    i.SetEPType         usb_regs.o
    0x0800171c   0x0800171c   0x00000008   Code   RO         2114    i.SetSysClock       system_stm32f10x.o
    0x08001724   0x08001724   0x000000e0   Code   RO         2115    i.SetSysClockTo72   system_stm32f10x.o
    0x08001804   0x08001804   0x00000050   Code   RO          513    i.Set_System        hw_config.o
    0x08001854   0x08001854   0x00000012   Code   RO          514    i.Set_USBClock      hw_config.o
    0x08001866   0x08001866   0x00000002   PAD
    0x08001868   0x08001868   0x000000b8   Code   RO          862    i.Setup0_Process    usb_core.o
    0x08001920   0x08001920   0x0000016c   Code   RO          863    i.Standard_ClearFeature  usb_core.o
    0x08001a8c   0x08001a8c   0x0000002c   Code   RO          864    i.Standard_GetConfiguration  usb_core.o
    0x08001ab8   0x08001ab8   0x00000024   Code   RO          865    i.Standard_GetDescriptorData  usb_core.o
    0x08001adc   0x08001adc   0x0000002c   Code   RO          866    i.Standard_GetInterface  usb_core.o
    0x08001b08   0x08001b08   0x00000100   Code   RO          867    i.Standard_GetStatus  usb_core.o
    0x08001c08   0x08001c08   0x00000048   Code   RO          868    i.Standard_SetConfiguration  usb_core.o
    0x08001c50   0x08001c50   0x00000028   Code   RO          869    i.Standard_SetDeviceFeature  usb_core.o
    0x08001c78   0x08001c78   0x000000d0   Code   RO          870    i.Standard_SetEndPointFeature  usb_core.o
    0x08001d48   0x08001d48   0x0000006c   Code   RO          871    i.Standard_SetInterface  usb_core.o
    0x08001db4   0x08001db4   0x00000104   Code   RO          802    i.Suspend           usb_pwr.o
    0x08001eb8   0x08001eb8   0x00000002   Code   RO          287    i.SysTick_Handler   stm32_it.o
    0x08001eba   0x08001eba   0x00000002   PAD
    0x08001ebc   0x08001ebc   0x000000a4   Code   RO         2116    i.SystemCoreClockUpdate  system_stm32f10x.o
    0x08001f60   0x08001f60   0x00000060   Code   RO         2117    i.SystemInit        system_stm32f10x.o
    0x08001fc0   0x08001fc0   0x0000000c   Code   RO          288    i.USBWakeUp_IRQHandler  stm32_it.o
    0x08001fcc   0x08001fcc   0x00000024   Code   RO          515    i.USB_Cable_Config  hw_config.o
    0x08001ff0   0x08001ff0   0x0000003c   Code   RO         1464    i.USB_Init          usb_init.o
    0x0800202c   0x0800202c   0x0000003c   Code   RO          516    i.USB_Interrupts_Config  hw_config.o
    0x08002068   0x08002068   0x000001f0   Code   RO          655    i.USB_Istr          usb_istr.o
    0x08002258   0x08002258   0x00000008   Code   RO          289    i.USB_LP_CAN1_RX0_IRQHandler  stm32_it.o
    0x08002260   0x08002260   0x00000024   Code   RO         1428    i.USB_SIL_Init      usb_sil.o
    0x08002284   0x08002284   0x00000004   Code   RO          290    i.UsageFault_Handler  stm32_it.o
    0x08002288   0x08002288   0x00000038   Code   RO         1027    i.UserToPMABufferCopy  usb_mem.o
    0x080022c0   0x080022c0   0x00000064   Code   RO          685    i.Virtual_Com_Port_Data_Setup  usb_prop.o
    0x08002324   0x08002324   0x00000014   Code   RO          686    i.Virtual_Com_Port_GetConfigDescriptor  usb_prop.o
    0x08002338   0x08002338   0x00000014   Code   RO          687    i.Virtual_Com_Port_GetDeviceDescriptor  usb_prop.o
    0x0800234c   0x0800234c   0x0000001c   Code   RO          688    i.Virtual_Com_Port_GetLineCoding  usb_prop.o
    0x08002368   0x08002368   0x00000028   Code   RO          689    i.Virtual_Com_Port_GetStringDescriptor  usb_prop.o
    0x08002390   0x08002390   0x00000016   Code   RO          690    i.Virtual_Com_Port_Get_Interface_Setting  usb_prop.o
    0x080023a6   0x080023a6   0x00000002   PAD
    0x080023a8   0x080023a8   0x00000028   Code   RO          691    i.Virtual_Com_Port_NoData_Setup  usb_prop.o
    0x080023d0   0x080023d0   0x000000e8   Code   RO          692    i.Virtual_Com_Port_Reset  usb_prop.o
    0x080024b8   0x080024b8   0x00000018   Code   RO          693    i.Virtual_Com_Port_SetConfiguration  usb_prop.o
    0x080024d0   0x080024d0   0x0000000c   Code   RO          694    i.Virtual_Com_Port_SetDeviceAddress  usb_prop.o
    0x080024dc   0x080024dc   0x0000001c   Code   RO          695    i.Virtual_Com_Port_SetLineCoding  usb_prop.o
    0x080024f8   0x080024f8   0x00000014   Code   RO          696    i.Virtual_Com_Port_Status_In  usb_prop.o
    0x0800250c   0x0800250c   0x00000002   Code   RO          697    i.Virtual_Com_Port_Status_Out  usb_prop.o
    0x0800250e   0x0800250e   0x00000002   PAD
    0x08002510   0x08002510   0x00000028   Code   RO          698    i.Virtual_Com_Port_init  usb_prop.o
    0x08002538   0x08002538   0x00000034   Code   RO            7    i.delay_init        stm32_delay_asm.o
    0x0800256c   0x0800256c   0x0000012c   Code   RO          416    i.main              hxdonor_main.o
    0x08002698   0x08002698   0x0000005a   Code   RO          417    i.search_string     hxdonor_main.o
    0x080026f2   0x080026f2   0x00000002   PAD
    0x080026f4   0x080026f4   0x000000dc   Code   RO          419    i.spi1_master_init  hxdonor_main.o
    0x080027d0   0x080027d0   0x0000003c   Code   RO          420    i.spi1_sendbyte     hxdonor_main.o
    0x0800280c   0x0800280c   0x000002b0   Code   RO         2204    x$fpl$ddiv          fz_ws.l(ddiv.o)
    0x08002abc   0x08002abc   0x0000005a   Code   RO         2207    x$fpl$dfixu         fz_ws.l(dfixu.o)
    0x08002b16   0x08002b16   0x00000026   Code   RO         2215    x$fpl$dfltu         fz_ws.l(dflt_clz.o)
    0x08002b3c   0x08002b3c   0x0000009c   Code   RO         2243    x$fpl$dnaninf       fz_ws.l(dnaninf.o)
    0x08002bd8   0x08002bd8   0x0000000c   Code   RO         2245    x$fpl$dretinf       fz_ws.l(dretinf.o)
    0x08002be4   0x08002be4   0x00000000   Code   RO         2247    x$fpl$usenofp       fz_ws.l(usenofp.o)
    0x08002be4   0x08002be4   0x000000b1   Data   RO          596    .constdata          usb_desc.o
    0x08002c95   0x08002c95   0x00000003   PAD
    0x08002c98   0x08002c98   0x00000020   Data   RO         2408    Region$$Table       anon$$obj.o


    Execution Region RW_IRAM1 (Exec base: 0x20000000, Load base: 0x08002cb8, Size: 0x000008a8, Max: 0x00005000, ABSOLUTE, COMPRESSED[0x00000090])

    Exec Addr    Load Addr    Size         Type   Attr      Idx    E Section Name        Object

    0x20000000   COMPRESSED   0x00000008   Data   RW            8    .data               stm32_delay_asm.o
    0x20000008   COMPRESSED   0x00000014   Data   RW          422    .data               hxdonor_main.o
    0x2000001c   COMPRESSED   0x00000010   Data   RW          518    .data               hw_config.o
    0x2000002c   COMPRESSED   0x0000001a   Data   RW          597    .data               usb_desc.o
    0x20000046   COMPRESSED   0x00000002   PAD
    0x20000048   COMPRESSED   0x00000004   Data   RW          623    .data               usb_endp.o
    0x2000004c   COMPRESSED   0x00000044   Data   RW          656    .data               usb_istr.o
    0x20000090   COMPRESSED   0x00000094   Data   RW          699    .data               usb_prop.o
    0x20000124   COMPRESSED   0x0000000c   Data   RW          804    .data               usb_pwr.o
    0x20000130   COMPRESSED   0x00000003   Data   RW          872    .data               usb_core.o
    0x20000133   COMPRESSED   0x00000001   PAD
    0x20000134   COMPRESSED   0x00000004   Data   RW          986    .data               usb_int.o
    0x20000138   COMPRESSED   0x00000014   Data   RW         1466    .data               usb_init.o
    0x2000014c   COMPRESSED   0x00000014   Data   RW         2118    .data               system_stm32f10x.o
    0x20000160        -       0x00000068   Zero   RW          421    .bss                hxdonor_main.o
    0x200001c8        -       0x00000040   Zero   RW          517    .bss                hw_config.o
    0x20000208        -       0x00000020   Zero   RW          803    .bss                usb_pwr.o
    0x20000228        -       0x0000001c   Zero   RW         1465    .bss                usb_init.o
    0x20000244        -       0x00000060   Zero   RW         2282    .bss                c_w.l(libspace.o)
    0x200002a4   COMPRESSED   0x00000004   PAD
    0x200002a8        -       0x00000200   Zero   RW         2105    HEAP                startup_stm32f10x_md.o
    0x200004a8        -       0x00000400   Zero   RW         2104    STACK               startup_stm32f10x_md.o


==============================================================================

Image component sizes


      Code (inc. data)   RO Data    RW Data    ZI Data      Debug   Object Name

       424         46          0         16         64       7359   hw_config.o
       822        126          0         20        104       5375   hxdonor_main.o
       132         22          0          0          0       1631   misc_1.o
        64         26        236          0       1536        848   startup_stm32f10x_md.o
        52         12          0          8          0     226539   stm32_delay_asm.o
        46          0          0          0          0       8286   stm32_it.o
       160         12          0          0          0       1589   stm32f10x_exti.o
       286          0          0          0          0       3156   stm32f10x_gpio.o
        76         18          0          0          0       1761   stm32f10x_rcc.o
       108          0          0          0          0       2884   stm32f10x_spi.o
       492         50          0         20          0       3157   system_stm32f10x.o
      3058        288          0          3          0      14815   usb_core.o
         0          0        177         26          0       1131   usb_desc.o
        92         22          0          4          0       1298   usb_endp.o
        60         24          0         20         28       4170   usb_init.o
       648         32          0          4          0       1788   usb_int.o
       496         38          0         68          0       1739   usb_istr.o
        96         10          0          0          0       1812   usb_mem.o
       628        102          0        148          0      12245   usb_prop.o
       568         58          0         12         32       4052   usb_pwr.o
       736        106          0          0          0      10631   usb_regs.o
        36          8          0          0          0        503   usb_sil.o

    ----------------------------------------------------------------------
      9102       1000        448        352       1764     316769   Object Totals
         0          0         32          0          0          0   (incl. Generated)
        22          0          3          3          0          0   (incl. Padding)

    ----------------------------------------------------------------------

      Code (inc. data)   RO Data    RW Data    ZI Data      Debug   Library Member Name

        90          0          0          0          0          0   __dczerorl2.o
         8          0          0          0          0         68   __main.o
       104          0          0          0          0         84   __printf.o
         0          0          0          0          0          0   __rtentry.o
        12          0          0          0          0          0   __rtentry2.o
         6          0          0          0          0          0   __rtentry4.o
        52          8          0          0          0          0   __scatter.o
        28          0          0          0          0          0   __scatter_zi.o
        48          6          0          0          0         96   _printf_char_common.o
         6          0          0          0          0          0   _printf_d.o
       120         16          0          0          0         92   _printf_dec.o
       178          0          0          0          0         88   _printf_intcommon.o
         0          0          0          0          0          0   _printf_percent.o
         4          0          0          0          0          0   _printf_percent_end.o
        10          0          0          0          0         68   _sputc.o
        18          0          0          0          0         80   exit.o
         6          0          0          0          0        152   heapauxi.o
         0          0          0          0          0          0   indicate_semi.o
         2          0          0          0          0          0   libinit.o
         2          0          0          0          0          0   libinit2.o
         2          0          0          0          0          0   libshutdown.o
         2          0          0          0          0          0   libshutdown2.o
         8          4          0          0         96         68   libspace.o
        40          6          0          0          0         84   noretval__2sprintf.o
         2          0          0          0          0          0   rtexit.o
        10          0          0          0          0          0   rtexit2.o
        62          0          0          0          0         76   strlen.o
        12          4          0          0          0         68   sys_exit.o
        74          0          0          0          0         80   sys_stackheap_outer.o
         2          0          0          0          0         68   use_no_semi.o
       688        140          0          0          0        208   ddiv.o
        90          4          0          0          0         92   dfixu.o
        38          0          0          0          0         68   dflt_clz.o
       156          4          0          0          0         92   dnaninf.o
        12          0          0          0          0         68   dretinf.o
         0          0          0          0          0          0   usenofp.o

    ----------------------------------------------------------------------
      1898        192          0          0        100       1700   Library Totals
         6          0          0          0          4          0   (incl. Padding)

    ----------------------------------------------------------------------

      Code (inc. data)   RO Data    RW Data    ZI Data      Debug   Library Name

       908         44          0          0         96       1172   c_w.l
       984        148          0          0          0        528   fz_ws.l

    ----------------------------------------------------------------------
      1898        192          0          0        100       1700   Library Totals

    ----------------------------------------------------------------------

==============================================================================


      Code (inc. data)   RO Data    RW Data    ZI Data      Debug   

     11000       1192        448        352       1864     312277   Grand Totals
     11000       1192        448        144       1864     312277   ELF Image Totals (compressed)
     11000       1192        448        144          0          0   ROM Totals

==============================================================================

    Total RO  Size (Code + RO Data)                11448 (  11.18kB)
    Total RW  Size (RW Data + ZI Data)              2216 (   2.16kB)
    Total ROM Size (Code + RO Data + RW Data)      11592 (  11.32kB)

==============================================================================

