Component: ARM Compiler 5.06 update 6 (build 750) Tool: armlink [4d35ed]

==============================================================================

Section Cross References

    stm32_delay_asm.o(i._delay_ms) refers to dflt_clz.o(x$fpl$dflt) for __aeabi_i2d
    stm32_delay_asm.o(i._delay_ms) refers to dmul.o(x$fpl$dmul) for __aeabi_dmul
    stm32_delay_asm.o(i._delay_ms) refers to dfixu.o(x$fpl$dfixu) for __aeabi_d2uiz
    stm32_delay_asm.o(i._delay_ms) refers to stm32_delay_asm.o(.emb_text) for _delay_loop
    stm32_delay_asm.o(i._delay_ms) refers to stm32_delay_asm.o(.data) for sys_clk_var
    stm32_delay_asm.o(i._delay_us) refers to stm32_delay_asm.o(.emb_text) for _delay_loop
    stm32_delay_asm.o(i._delay_us) refers to stm32_delay_asm.o(.data) for sys_clk_var
    stm32_delay_asm.o(i.delay_init) refers to system_stm32f10x.o(i.SystemCoreClockUpdate) for SystemCoreClockUpdate
    stm32_delay_asm.o(i.delay_init) refers to dflt_clz.o(x$fpl$dfltu) for __aeabi_ui2d
    stm32_delay_asm.o(i.delay_init) refers to ddiv.o(x$fpl$ddiv) for __aeabi_ddiv
    stm32_delay_asm.o(i.delay_init) refers to dfixu.o(x$fpl$dfixu) for __aeabi_d2uiz
    stm32_delay_asm.o(i.delay_init) refers to system_stm32f10x.o(.data) for SystemCoreClock
    stm32_delay_asm.o(i.delay_init) refers to stm32_delay_asm.o(.data) for sys_clk_var
    tft_spi.o(i.Switch) refers to tft_spi.o(.data) for zero
    tft_spi.o(i.Switch) refers to tft_spi.o(.bss) for num_arr
    tft_spi.o(i.gpio_all_outOD) refers to stm32f10x_rcc.o(i.RCC_APB2PeriphClockCmd) for RCC_APB2PeriphClockCmd
    tft_spi.o(i.gpio_all_outOD) refers to tft_spi.o(i.gpio_config) for gpio_config
    tft_spi.o(i.gpio_all_outPP) refers to stm32f10x_rcc.o(i.RCC_APB2PeriphClockCmd) for RCC_APB2PeriphClockCmd
    tft_spi.o(i.gpio_all_outPP) refers to tft_spi.o(i.gpio_config) for gpio_config
    tft_spi.o(i.gpio_config) refers to stm32f10x_gpio.o(i.GPIO_Init) for GPIO_Init
    tft_spi.o(i.tft_7x8) refers to tft_spi.o(i.Switch) for Switch
    tft_spi.o(i.tft_7x8) refers to tft_spi.o(i.tft_spi_command) for tft_spi_command
    tft_spi.o(i.tft_7x8) refers to tft_spi.o(i.tft_spi_data) for tft_spi_data
    tft_spi.o(i.tft_7x8) refers to tft_spi.o(.bss) for num_arr
    tft_spi.o(i.tft_7x8) refers to tft_spi.o(.data) for bgR
    tft_spi.o(i.tft_adr) refers to tft_spi.o(.data) for crdX
    tft_spi.o(i.tft_bgr) refers to tft_spi.o(i.tft_spi_command) for tft_spi_command
    tft_spi.o(i.tft_bgr) refers to tft_spi.o(i.tft_spi_data) for tft_spi_data
    tft_spi.o(i.tft_bgr) refers to tft_spi.o(.data) for bgR
    tft_spi.o(i.tft_bksps) refers to tft_spi.o(i.tft_7x8) for tft_7x8
    tft_spi.o(i.tft_bksps) refers to tft_spi.o(.data) for crdX
    tft_spi.o(i.tft_clear) refers to tft_spi.o(i.tft_bgr) for tft_bgr
    tft_spi.o(i.tft_clear) refers to tft_spi.o(i.tft_adr) for tft_adr
    tft_spi.o(i.tft_clear) refers to tft_spi.o(.data) for bgB
    tft_spi.o(i.tft_dec) refers to lludivv7m.o(.text) for __aeabi_uldivmod
    tft_spi.o(i.tft_dec) refers to tft_spi.o(i.tft_7x8) for tft_7x8
    tft_spi.o(i.tft_dec) refers to tft_spi.o(.data) for crdX
    tft_spi.o(i.tft_dec_value) refers to tft_spi.o(i.tft_w) for tft_w
    tft_spi.o(i.tft_dec_value) refers to tft_spi.o(i.tft_dec) for tft_dec
    tft_spi.o(i.tft_float_dec) refers to dleqf.o(x$fpl$dleqf) for __aeabi_cdcmple
    tft_spi.o(i.tft_float_dec) refers to tft_spi.o(i.tft_w) for tft_w
    tft_spi.o(i.tft_float_dec) refers to ddiv.o(x$fpl$ddiv) for __aeabi_ddiv
    tft_spi.o(i.tft_float_dec) refers to dfixull.o(x$fpl$llufromd) for __aeabi_d2ulz
    tft_spi.o(i.tft_float_dec) refers to dmul.o(x$fpl$dmul) for __aeabi_dmul
    tft_spi.o(i.tft_float_dec) refers to tft_spi.o(i.tft_dec) for tft_dec
    tft_spi.o(i.tft_float_dec) refers to dfltll_clz.o(x$fpl$dfltull) for __aeabi_ul2d
    tft_spi.o(i.tft_float_dec) refers to daddsub_clz.o(x$fpl$drsb) for __aeabi_drsub
    tft_spi.o(i.tft_float_dec_value) refers to tft_spi.o(i.tft_w) for tft_w
    tft_spi.o(i.tft_float_dec_value) refers to tft_spi.o(i.tft_float_dec) for tft_float_dec
    tft_spi.o(i.tft_hex) refers to lludivv7m.o(.text) for __aeabi_uldivmod
    tft_spi.o(i.tft_hex) refers to tft_spi.o(i.tft_7x8) for tft_7x8
    tft_spi.o(i.tft_hex) refers to tft_spi.o(.data) for crdX
    tft_spi.o(i.tft_hex_value) refers to tft_spi.o(i.tft_w) for tft_w
    tft_spi.o(i.tft_hex_value) refers to tft_spi.o(i.tft_hex) for tft_hex
    tft_spi.o(i.tft_init) refers to stm32_delay_asm.o(i._delay_ms) for _delay_ms
    tft_spi.o(i.tft_init) refers to tft_spi.o(i.tft_spi_command) for tft_spi_command
    tft_spi.o(i.tft_init) refers to tft_spi.o(i.tft_spi_data) for tft_spi_data
    tft_spi.o(i.tft_init) refers to tft_spi.o(i.tft_bgr) for tft_bgr
    tft_spi.o(i.tft_init_defaults) refers to tft_spi.o(i.tft_spi_init) for tft_spi_init
    tft_spi.o(i.tft_init_defaults) refers to tft_spi.o(i.tft_init) for tft_init
    tft_spi.o(i.tft_newl) refers to tft_spi.o(.data) for crdX
    tft_spi.o(i.tft_pixel_color) refers to tft_spi.o(i.tft_spi_command) for tft_spi_command
    tft_spi.o(i.tft_pixel_color) refers to tft_spi.o(i.tft_spi_data) for tft_spi_data
    tft_spi.o(i.tft_pixel_color) refers to tft_spi.o(.data) for crdX
    tft_spi.o(i.tft_spi_command) refers to stm32f10x_spi.o(i.SPI_Cmd) for SPI_Cmd
    tft_spi.o(i.tft_spi_data) refers to stm32f10x_spi.o(i.SPI_Cmd) for SPI_Cmd
    tft_spi.o(i.tft_spi_init) refers to stm32f10x_rcc.o(i.RCC_APB1PeriphClockCmd) for RCC_APB1PeriphClockCmd
    tft_spi.o(i.tft_spi_init) refers to tft_spi.o(i.gpio_all_outPP) for gpio_all_outPP
    tft_spi.o(i.tft_spi_init) refers to stm32f10x_gpio.o(i.GPIO_Init) for GPIO_Init
    tft_spi.o(i.tft_spi_init) refers to stm32f10x_spi.o(i.SPI_Init) for SPI_Init
    tft_spi.o(i.tft_spi_init) refers to stm32f10x_spi.o(i.SPI_Cmd) for SPI_Cmd
    tft_spi.o(i.tft_w) refers to strlen.o(.text) for strlen
    tft_spi.o(i.tft_w) refers to tft_spi.o(i.tft_newl) for tft_newl
    tft_spi.o(i.tft_w) refers to stm32_delay_asm.o(i._delay_ms) for _delay_ms
    tft_spi.o(i.tft_w) refers to tft_spi.o(i.tft_clear) for tft_clear
    tft_spi.o(i.tft_w) refers to tft_spi.o(i.tft_7x8) for tft_7x8
    tft_spi.o(i.tft_w) refers to tft_spi.o(i.tft_bksps) for tft_bksps
    tft_spi.o(i.tft_w) refers to tft_spi.o(.data) for crdX
    tft_spi.o(i.tft_w_ascii) refers to tft_spi.o(i.tft_w) for tft_w
    btldr_main.o(i.SPI1_IRQHandler) refers to btldr_main.o(.data) for byte_cnt
    btldr_main.o(i.SPI1_IRQHandler) refers to btldr_main.o(.bss) for RX_BUF
    btldr_main.o(i.main) refers to misc.o(i.NVIC_SetVectorTable) for NVIC_SetVectorTable
    btldr_main.o(i.main) refers to stm32_delay_asm.o(i.delay_init) for delay_init
    btldr_main.o(i.main) refers to tft_spi.o(i.tft_clear) for tft_clear
    btldr_main.o(i.main) refers to tft_spi.o(i.tft_w) for tft_w
    btldr_main.o(i.main) refers to tft_spi.o(i.tft_newl) for tft_newl
    btldr_main.o(i.main) refers to btldr_main.o(i.spi1_slave_init) for spi1_slave_init
    btldr_main.o(i.main) refers to stm32f10x_gpio.o(i.GPIO_SetBits) for GPIO_SetBits
    btldr_main.o(i.main) refers to btldr_main.o(.bss) for RX_BUF
    btldr_main.o(i.main) refers to btldr_main.o(.data) for byte_cnt
    btldr_main.o(i.spi1_slave_init) refers to stm32f10x_rcc.o(i.RCC_APB2PeriphClockCmd) for RCC_APB2PeriphClockCmd
    btldr_main.o(i.spi1_slave_init) refers to stm32f10x_gpio.o(i.GPIO_Init) for GPIO_Init
    btldr_main.o(i.spi1_slave_init) refers to stm32f10x_spi.o(i.SPI_Init) for SPI_Init
    btldr_main.o(i.spi1_slave_init) refers to stm32f10x_spi.o(i.SPI_CalculateCRC) for SPI_CalculateCRC
    btldr_main.o(i.spi1_slave_init) refers to stm32f10x_spi.o(i.SPI_I2S_ITConfig) for SPI_I2S_ITConfig
    btldr_main.o(i.spi1_slave_init) refers to stm32f10x_spi.o(i.SPI_Cmd) for SPI_Cmd
    stm32f10x_gpio.o(i.GPIO_AFIODeInit) refers to stm32f10x_rcc.o(i.RCC_APB2PeriphResetCmd) for RCC_APB2PeriphResetCmd
    stm32f10x_gpio.o(i.GPIO_DeInit) refers to stm32f10x_rcc.o(i.RCC_APB2PeriphResetCmd) for RCC_APB2PeriphResetCmd
    stm32f10x_rcc.o(i.RCC_GetClocksFreq) refers to stm32f10x_rcc.o(.data) for APBAHBPrescTable
    stm32f10x_rcc.o(i.RCC_WaitForHSEStartUp) refers to stm32f10x_rcc.o(i.RCC_GetFlagStatus) for RCC_GetFlagStatus
    stm32f10x_spi.o(i.I2S_Init) refers to stm32f10x_rcc.o(i.RCC_GetClocksFreq) for RCC_GetClocksFreq
    stm32f10x_spi.o(i.SPI_I2S_DeInit) refers to stm32f10x_rcc.o(i.RCC_APB2PeriphResetCmd) for RCC_APB2PeriphResetCmd
    stm32f10x_spi.o(i.SPI_I2S_DeInit) refers to stm32f10x_rcc.o(i.RCC_APB1PeriphResetCmd) for RCC_APB1PeriphResetCmd
    startup_stm32f10x_md.o(STACK) refers (Special) to heapauxi.o(.text) for __use_two_region_memory
    startup_stm32f10x_md.o(HEAP) refers (Special) to heapauxi.o(.text) for __use_two_region_memory
    startup_stm32f10x_md.o(RESET) refers (Special) to heapauxi.o(.text) for __use_two_region_memory
    startup_stm32f10x_md.o(RESET) refers to startup_stm32f10x_md.o(STACK) for __initial_sp
    startup_stm32f10x_md.o(RESET) refers to startup_stm32f10x_md.o(.text) for Reset_Handler
    startup_stm32f10x_md.o(RESET) refers to btldr_main.o(i.SPI1_IRQHandler) for SPI1_IRQHandler
    startup_stm32f10x_md.o(.text) refers (Special) to heapauxi.o(.text) for __use_two_region_memory
    startup_stm32f10x_md.o(.text) refers to system_stm32f10x.o(i.SystemInit) for SystemInit
    startup_stm32f10x_md.o(.text) refers to __main.o(!!!main) for __main
    startup_stm32f10x_md.o(.text) refers to startup_stm32f10x_md.o(HEAP) for Heap_Mem
    startup_stm32f10x_md.o(.text) refers to startup_stm32f10x_md.o(STACK) for Stack_Mem
    system_stm32f10x.o(i.SetSysClock) refers to system_stm32f10x.o(i.SetSysClockTo72) for SetSysClockTo72
    system_stm32f10x.o(i.SystemCoreClockUpdate) refers to system_stm32f10x.o(.data) for SystemCoreClock
    system_stm32f10x.o(i.SystemInit) refers to system_stm32f10x.o(i.SetSysClock) for SetSysClock
    __main.o(!!!main) refers to __rtentry.o(.ARM.Collect$$rtentry$$00000000) for __rt_entry
    daddsub_clz.o(x$fpl$dadd) refers (Special) to usenofp.o(x$fpl$usenofp) for __I$use$fp
    daddsub_clz.o(x$fpl$dadd) refers to daddsub_clz.o(x$fpl$dsub) for _dsub1
    daddsub_clz.o(x$fpl$dadd) refers to dretinf.o(x$fpl$dretinf) for __fpl_dretinf
    daddsub_clz.o(x$fpl$dadd) refers to dnaninf.o(x$fpl$dnaninf) for __fpl_dnaninf
    daddsub_clz.o(x$fpl$drsb) refers (Special) to usenofp.o(x$fpl$usenofp) for __I$use$fp
    daddsub_clz.o(x$fpl$drsb) refers to daddsub_clz.o(x$fpl$dadd) for _dadd1
    daddsub_clz.o(x$fpl$drsb) refers to daddsub_clz.o(x$fpl$dsub) for _dsub1
    daddsub_clz.o(x$fpl$dsub) refers (Special) to usenofp.o(x$fpl$usenofp) for __I$use$fp
    daddsub_clz.o(x$fpl$dsub) refers to daddsub_clz.o(x$fpl$dadd) for _dadd1
    daddsub_clz.o(x$fpl$dsub) refers to dnaninf.o(x$fpl$dnaninf) for __fpl_dnaninf
    ddiv.o(x$fpl$drdiv) refers (Special) to usenofp.o(x$fpl$usenofp) for __I$use$fp
    ddiv.o(x$fpl$drdiv) refers to ddiv.o(x$fpl$ddiv) for ddiv_entry
    ddiv.o(x$fpl$ddiv) refers (Special) to usenofp.o(x$fpl$usenofp) for __I$use$fp
    ddiv.o(x$fpl$ddiv) refers to dretinf.o(x$fpl$dretinf) for __fpl_dretinf
    ddiv.o(x$fpl$ddiv) refers to dnaninf.o(x$fpl$dnaninf) for __fpl_dnaninf
    dfixu.o(x$fpl$dfixu) refers (Special) to usenofp.o(x$fpl$usenofp) for __I$use$fp
    dfixu.o(x$fpl$dfixu) refers to dnaninf.o(x$fpl$dnaninf) for __fpl_dnaninf
    dfixu.o(x$fpl$dfixur) refers (Special) to usenofp.o(x$fpl$usenofp) for __I$use$fp
    dfixu.o(x$fpl$dfixur) refers to dnaninf.o(x$fpl$dnaninf) for __fpl_dnaninf
    dfixull.o(x$fpl$llufromd) refers (Special) to usenofp.o(x$fpl$usenofp) for __I$use$fp
    dfixull.o(x$fpl$llufromd) refers to dnaninf.o(x$fpl$dnaninf) for __fpl_dnaninf
    dfixull.o(x$fpl$llufromdr) refers (Special) to usenofp.o(x$fpl$usenofp) for __I$use$fp
    dfixull.o(x$fpl$llufromdr) refers to dnaninf.o(x$fpl$dnaninf) for __fpl_dnaninf
    dflt_clz.o(x$fpl$dfltu) refers (Special) to usenofp.o(x$fpl$usenofp) for __I$use$fp
    dflt_clz.o(x$fpl$dflt) refers (Special) to usenofp.o(x$fpl$usenofp) for __I$use$fp
    dflt_clz.o(x$fpl$dfltn) refers (Special) to usenofp.o(x$fpl$usenofp) for __I$use$fp
    dfltll_clz.o(x$fpl$dfltll) refers (Special) to usenofp.o(x$fpl$usenofp) for __I$use$fp
    dfltll_clz.o(x$fpl$dfltull) refers (Special) to usenofp.o(x$fpl$usenofp) for __I$use$fp
    dleqf.o(x$fpl$dleqf) refers (Special) to usenofp.o(x$fpl$usenofp) for __I$use$fp
    dleqf.o(x$fpl$dleqf) refers to dnaninf.o(x$fpl$dnaninf) for __fpl_dnaninf
    dleqf.o(x$fpl$dleqf) refers to dcmpi.o(x$fpl$dcmpinf) for __fpl_dcmp_Inf
    dmul.o(x$fpl$dmul) refers (Special) to usenofp.o(x$fpl$usenofp) for __I$use$fp
    dmul.o(x$fpl$dmul) refers to dretinf.o(x$fpl$dretinf) for __fpl_dretinf
    dmul.o(x$fpl$dmul) refers to dnaninf.o(x$fpl$dnaninf) for __fpl_dnaninf
    __rtentry.o(.ARM.Collect$$rtentry$$00000000) refers (Special) to __rtentry2.o(.ARM.Collect$$rtentry$$0000000A) for __rt_entry_li
    __rtentry.o(.ARM.Collect$$rtentry$$00000000) refers (Special) to __rtentry2.o(.ARM.Collect$$rtentry$$0000000D) for __rt_entry_main
    __rtentry.o(.ARM.Collect$$rtentry$$00000000) refers (Special) to __rtentry2.o(.ARM.Collect$$rtentry$$0000000C) for __rt_entry_postli_1
    __rtentry.o(.ARM.Collect$$rtentry$$00000000) refers (Special) to __rtentry2.o(.ARM.Collect$$rtentry$$00000009) for __rt_entry_postsh_1
    __rtentry.o(.ARM.Collect$$rtentry$$00000000) refers (Special) to __rtentry2.o(.ARM.Collect$$rtentry$$00000002) for __rt_entry_presh_1
    __rtentry.o(.ARM.Collect$$rtentry$$00000000) refers (Special) to __rtentry4.o(.ARM.Collect$$rtentry$$00000004) for __rt_entry_sh
    aeabi_ldiv0_sigfpe.o(.text) refers to rt_div0.o(.text) for __rt_div0
    dcmpi.o(x$fpl$dcmpinf) refers (Special) to usenofp.o(x$fpl$usenofp) for __I$use$fp
    dnaninf.o(x$fpl$dnaninf) refers (Special) to usenofp.o(x$fpl$usenofp) for __I$use$fp
    dretinf.o(x$fpl$dretinf) refers (Special) to usenofp.o(x$fpl$usenofp) for __I$use$fp
    __rtentry2.o(.ARM.Collect$$rtentry$$00000008) refers to boardinit2.o(.text) for _platform_post_stackheap_init
    __rtentry2.o(.ARM.Collect$$rtentry$$0000000A) refers to libinit.o(.ARM.Collect$$libinit$$00000000) for __rt_lib_init
    __rtentry2.o(.ARM.Collect$$rtentry$$0000000B) refers to boardinit3.o(.text) for _platform_post_lib_init
    __rtentry2.o(.ARM.Collect$$rtentry$$0000000D) refers to btldr_main.o(i.main) for main
    __rtentry2.o(.ARM.Collect$$rtentry$$0000000D) refers to exit.o(.text) for exit
    __rtentry2.o(.ARM.exidx) refers to __rtentry2.o(.ARM.Collect$$rtentry$$00000001) for .ARM.Collect$$rtentry$$00000001
    __rtentry2.o(.ARM.exidx) refers to __rtentry2.o(.ARM.Collect$$rtentry$$00000008) for .ARM.Collect$$rtentry$$00000008
    __rtentry2.o(.ARM.exidx) refers to __rtentry2.o(.ARM.Collect$$rtentry$$0000000A) for .ARM.Collect$$rtentry$$0000000A
    __rtentry2.o(.ARM.exidx) refers to __rtentry2.o(.ARM.Collect$$rtentry$$0000000B) for .ARM.Collect$$rtentry$$0000000B
    __rtentry2.o(.ARM.exidx) refers to __rtentry2.o(.ARM.Collect$$rtentry$$0000000D) for .ARM.Collect$$rtentry$$0000000D
    __rtentry4.o(.ARM.Collect$$rtentry$$00000004) refers to sys_stackheap_outer.o(.text) for __user_setup_stackheap
    __rtentry4.o(.ARM.exidx) refers to __rtentry4.o(.ARM.Collect$$rtentry$$00000004) for .ARM.Collect$$rtentry$$00000004
    rt_div0.o(.text) refers to defsig_fpe_outer.o(.text) for __rt_SIGFPE
    sys_stackheap_outer.o(.text) refers to libspace.o(.text) for __user_perproc_libspace
    sys_stackheap_outer.o(.text) refers to startup_stm32f10x_md.o(.text) for __user_initial_stackheap
    exit.o(.text) refers to rtexit.o(.ARM.Collect$$rtexit$$00000000) for __rt_exit
    defsig_fpe_outer.o(.text) refers to defsig_fpe_inner.o(.text) for __rt_SIGFPE_inner
    defsig_fpe_outer.o(.text) refers to defsig_exit.o(.text) for __sig_exit
    defsig_fpe_formal.o(.text) refers to rt_raise.o(.text) for __rt_raise
    libinit.o(.ARM.Collect$$libinit$$00000000) refers (Special) to libinit2.o(.ARM.Collect$$libinit$$0000002E) for __rt_lib_init_alloca_1
    libinit.o(.ARM.Collect$$libinit$$00000000) refers (Special) to libinit2.o(.ARM.Collect$$libinit$$0000002C) for __rt_lib_init_argv_1
    libinit.o(.ARM.Collect$$libinit$$00000000) refers (Special) to libinit2.o(.ARM.Collect$$libinit$$0000001B) for __rt_lib_init_atexit_1
    libinit.o(.ARM.Collect$$libinit$$00000000) refers (Special) to libinit2.o(.ARM.Collect$$libinit$$00000021) for __rt_lib_init_clock_1
    libinit.o(.ARM.Collect$$libinit$$00000000) refers (Special) to libinit2.o(.ARM.Collect$$libinit$$00000032) for __rt_lib_init_cpp_1
    libinit.o(.ARM.Collect$$libinit$$00000000) refers (Special) to libinit2.o(.ARM.Collect$$libinit$$00000030) for __rt_lib_init_exceptions_1
    libinit.o(.ARM.Collect$$libinit$$00000000) refers (Special) to libinit2.o(.ARM.Collect$$libinit$$00000002) for __rt_lib_init_fp_1
    libinit.o(.ARM.Collect$$libinit$$00000000) refers (Special) to libinit2.o(.ARM.Collect$$libinit$$0000001F) for __rt_lib_init_fp_trap_1
    libinit.o(.ARM.Collect$$libinit$$00000000) refers (Special) to libinit2.o(.ARM.Collect$$libinit$$00000023) for __rt_lib_init_getenv_1
    libinit.o(.ARM.Collect$$libinit$$00000000) refers (Special) to libinit2.o(.ARM.Collect$$libinit$$0000000A) for __rt_lib_init_heap_1
    libinit.o(.ARM.Collect$$libinit$$00000000) refers (Special) to libinit2.o(.ARM.Collect$$libinit$$00000011) for __rt_lib_init_lc_collate_1
    libinit.o(.ARM.Collect$$libinit$$00000000) refers (Special) to libinit2.o(.ARM.Collect$$libinit$$00000013) for __rt_lib_init_lc_ctype_1
    libinit.o(.ARM.Collect$$libinit$$00000000) refers (Special) to libinit2.o(.ARM.Collect$$libinit$$00000015) for __rt_lib_init_lc_monetary_1
    libinit.o(.ARM.Collect$$libinit$$00000000) refers (Special) to libinit2.o(.ARM.Collect$$libinit$$00000017) for __rt_lib_init_lc_numeric_1
    libinit.o(.ARM.Collect$$libinit$$00000000) refers (Special) to libinit2.o(.ARM.Collect$$libinit$$00000019) for __rt_lib_init_lc_time_1
    libinit.o(.ARM.Collect$$libinit$$00000000) refers (Special) to libinit2.o(.ARM.Collect$$libinit$$00000004) for __rt_lib_init_preinit_1
    libinit.o(.ARM.Collect$$libinit$$00000000) refers (Special) to libinit2.o(.ARM.Collect$$libinit$$0000000E) for __rt_lib_init_rand_1
    libinit.o(.ARM.Collect$$libinit$$00000000) refers (Special) to libinit2.o(.ARM.Collect$$libinit$$00000033) for __rt_lib_init_return
    libinit.o(.ARM.Collect$$libinit$$00000000) refers (Special) to libinit2.o(.ARM.Collect$$libinit$$0000001D) for __rt_lib_init_signal_1
    libinit.o(.ARM.Collect$$libinit$$00000000) refers (Special) to libinit2.o(.ARM.Collect$$libinit$$00000025) for __rt_lib_init_stdio_1
    libinit.o(.ARM.Collect$$libinit$$00000000) refers (Special) to libinit2.o(.ARM.Collect$$libinit$$0000000C) for __rt_lib_init_user_alloc_1
    libspace.o(.text) refers to libspace.o(.bss) for __libspace_start
    rtexit.o(.ARM.Collect$$rtexit$$00000000) refers (Special) to rtexit2.o(.ARM.Collect$$rtexit$$00000004) for __rt_exit_exit
    rtexit.o(.ARM.Collect$$rtexit$$00000000) refers (Special) to rtexit2.o(.ARM.Collect$$rtexit$$00000003) for __rt_exit_ls
    rtexit.o(.ARM.Collect$$rtexit$$00000000) refers (Special) to rtexit2.o(.ARM.Collect$$rtexit$$00000002) for __rt_exit_prels_1
    rtexit.o(.ARM.exidx) refers (Special) to rtexit2.o(.ARM.Collect$$rtexit$$00000004) for __rt_exit_exit
    rtexit.o(.ARM.exidx) refers (Special) to rtexit2.o(.ARM.Collect$$rtexit$$00000003) for __rt_exit_ls
    rtexit.o(.ARM.exidx) refers (Special) to rtexit2.o(.ARM.Collect$$rtexit$$00000002) for __rt_exit_prels_1
    rtexit.o(.ARM.exidx) refers to rtexit.o(.ARM.Collect$$rtexit$$00000000) for .ARM.Collect$$rtexit$$00000000
    rt_raise.o(.text) refers to __raise.o(.text) for __raise
    rt_raise.o(.text) refers to sys_exit.o(.text) for _sys_exit
    defsig_exit.o(.text) refers to sys_exit.o(.text) for _sys_exit
    defsig_fpe_inner.o(.text) refers to defsig_general.o(.text) for __default_signal_display
    libinit2.o(.ARM.Collect$$libinit$$00000010) refers to libinit2.o(.ARM.Collect$$libinit$$0000000F) for .ARM.Collect$$libinit$$0000000F
    libinit2.o(.ARM.Collect$$libinit$$00000012) refers to libinit2.o(.ARM.Collect$$libinit$$0000000F) for .ARM.Collect$$libinit$$0000000F
    libinit2.o(.ARM.Collect$$libinit$$00000014) refers to libinit2.o(.ARM.Collect$$libinit$$0000000F) for .ARM.Collect$$libinit$$0000000F
    libinit2.o(.ARM.Collect$$libinit$$00000016) refers to libinit2.o(.ARM.Collect$$libinit$$0000000F) for .ARM.Collect$$libinit$$0000000F
    libinit2.o(.ARM.Collect$$libinit$$00000018) refers to libinit2.o(.ARM.Collect$$libinit$$0000000F) for .ARM.Collect$$libinit$$0000000F
    libinit2.o(.ARM.Collect$$libinit$$00000026) refers to argv_veneer.o(.emb_text) for __ARM_argv_veneer
    libinit2.o(.ARM.Collect$$libinit$$00000027) refers to argv_veneer.o(.emb_text) for __ARM_argv_veneer
    sys_exit.o(.text) refers (Special) to use_no_semi.o(.text) for __I$use$semihosting
    sys_exit.o(.text) refers (Special) to indicate_semi.o(.text) for __semihosting_library_function
    rtexit2.o(.ARM.Collect$$rtexit$$00000003) refers to libshutdown.o(.ARM.Collect$$libshutdown$$00000000) for __rt_lib_shutdown
    rtexit2.o(.ARM.Collect$$rtexit$$00000004) refers to sys_exit.o(.text) for _sys_exit
    rtexit2.o(.ARM.exidx) refers to rtexit2.o(.ARM.Collect$$rtexit$$00000001) for .ARM.Collect$$rtexit$$00000001
    rtexit2.o(.ARM.exidx) refers to rtexit2.o(.ARM.Collect$$rtexit$$00000003) for .ARM.Collect$$rtexit$$00000003
    rtexit2.o(.ARM.exidx) refers to rtexit2.o(.ARM.Collect$$rtexit$$00000004) for .ARM.Collect$$rtexit$$00000004
    __raise.o(.text) refers to defsig.o(CL$$defsig) for __default_signal_handler
    defsig_general.o(.text) refers to sys_wrch.o(.text) for _ttywrch
    argv_veneer.o(.emb_text) refers to no_argv.o(.text) for __ARM_get_argv
    sys_wrch.o(.text) refers (Special) to use_no_semi.o(.text) for __I$use$semihosting
    sys_wrch.o(.text) refers (Special) to indicate_semi.o(.text) for __semihosting_library_function
    defsig.o(CL$$defsig) refers to defsig_fpe_inner.o(.text) for __rt_SIGFPE_inner
    defsig.o(CL$$defsig) refers to defsig_rtmem_inner.o(.text) for __rt_SIGRTMEM_inner
    _get_argv_nomalloc.o(.text) refers (Special) to hrguard.o(.text) for __heap_region$guard
    _get_argv_nomalloc.o(.text) refers to defsig_rtmem_outer.o(.text) for __rt_SIGRTMEM
    _get_argv_nomalloc.o(.text) refers to sys_command.o(.text) for _sys_command_string
    libshutdown.o(.ARM.Collect$$libshutdown$$00000000) refers (Special) to libshutdown2.o(.ARM.Collect$$libshutdown$$00000002) for __rt_lib_shutdown_cpp_1
    libshutdown.o(.ARM.Collect$$libshutdown$$00000000) refers (Special) to libshutdown2.o(.ARM.Collect$$libshutdown$$00000007) for __rt_lib_shutdown_fp_trap_1
    libshutdown.o(.ARM.Collect$$libshutdown$$00000000) refers (Special) to libshutdown2.o(.ARM.Collect$$libshutdown$$0000000F) for __rt_lib_shutdown_heap_1
    libshutdown.o(.ARM.Collect$$libshutdown$$00000000) refers (Special) to libshutdown2.o(.ARM.Collect$$libshutdown$$00000010) for __rt_lib_shutdown_return
    libshutdown.o(.ARM.Collect$$libshutdown$$00000000) refers (Special) to libshutdown2.o(.ARM.Collect$$libshutdown$$0000000A) for __rt_lib_shutdown_signal_1
    libshutdown.o(.ARM.Collect$$libshutdown$$00000000) refers (Special) to libshutdown2.o(.ARM.Collect$$libshutdown$$00000004) for __rt_lib_shutdown_stdio_1
    libshutdown.o(.ARM.Collect$$libshutdown$$00000000) refers (Special) to libshutdown2.o(.ARM.Collect$$libshutdown$$0000000C) for __rt_lib_shutdown_user_alloc_1
    sys_command.o(.text) refers (Special) to use_no_semi.o(.text) for __I$use$semihosting
    sys_command.o(.text) refers (Special) to indicate_semi.o(.text) for __semihosting_library_function
    defsig_abrt_inner.o(.text) refers to defsig_general.o(.text) for __default_signal_display
    defsig_rtred_inner.o(.text) refers to defsig_general.o(.text) for __default_signal_display
    defsig_rtmem_inner.o(.text) refers to defsig_general.o(.text) for __default_signal_display
    defsig_rtmem_outer.o(.text) refers to defsig_rtmem_inner.o(.text) for __rt_SIGRTMEM_inner
    defsig_rtmem_outer.o(.text) refers to defsig_exit.o(.text) for __sig_exit
    defsig_rtmem_formal.o(.text) refers to rt_raise.o(.text) for __rt_raise
    defsig_stak_inner.o(.text) refers to defsig_general.o(.text) for __default_signal_display
    defsig_pvfn_inner.o(.text) refers to defsig_general.o(.text) for __default_signal_display
    defsig_cppl_inner.o(.text) refers to defsig_general.o(.text) for __default_signal_display
    defsig_segv_inner.o(.text) refers to defsig_general.o(.text) for __default_signal_display
    defsig_other.o(.text) refers to defsig_general.o(.text) for __default_signal_display


==============================================================================

Removing Unused input sections from the image.

    Removing stm32_delay_asm.o(.rev16_text), (4 bytes).
    Removing stm32_delay_asm.o(.revsh_text), (4 bytes).
    Removing stm32_delay_asm.o(.rrx_text), (6 bytes).
    Removing stm32_delay_asm.o(i._delay_us), (32 bytes).
    Removing tft_spi.o(.rev16_text), (4 bytes).
    Removing tft_spi.o(.revsh_text), (4 bytes).
    Removing tft_spi.o(.rrx_text), (6 bytes).
    Removing tft_spi.o(i.gpio_all_outOD), (64 bytes).
    Removing tft_spi.o(i.gpio_all_outPP), (64 bytes).
    Removing tft_spi.o(i.gpio_config), (28 bytes).
    Removing tft_spi.o(i.tft_dec), (192 bytes).
    Removing tft_spi.o(i.tft_dec_value), (24 bytes).
    Removing tft_spi.o(i.tft_float_dec), (204 bytes).
    Removing tft_spi.o(i.tft_float_dec_value), (32 bytes).
    Removing tft_spi.o(i.tft_hex), (216 bytes).
    Removing tft_spi.o(i.tft_hex_value), (24 bytes).
    Removing tft_spi.o(i.tft_init), (128 bytes).
    Removing tft_spi.o(i.tft_init_defaults), (22 bytes).
    Removing tft_spi.o(i.tft_pixel_color), (112 bytes).
    Removing tft_spi.o(i.tft_spi_init), (168 bytes).
    Removing tft_spi.o(i.tft_w_ascii), (14 bytes).
    Removing btldr_main.o(.rev16_text), (4 bytes).
    Removing btldr_main.o(.revsh_text), (4 bytes).
    Removing btldr_main.o(.rrx_text), (6 bytes).
    Removing misc.o(.rev16_text), (4 bytes).
    Removing misc.o(.revsh_text), (4 bytes).
    Removing misc.o(.rrx_text), (6 bytes).
    Removing misc.o(i.NVIC_Init), (112 bytes).
    Removing misc.o(i.NVIC_PriorityGroupConfig), (20 bytes).
    Removing misc.o(i.NVIC_SystemLPConfig), (32 bytes).
    Removing misc.o(i.SysTick_CLKSourceConfig), (40 bytes).
    Removing stm32f10x_gpio.o(.rev16_text), (4 bytes).
    Removing stm32f10x_gpio.o(.revsh_text), (4 bytes).
    Removing stm32f10x_gpio.o(.rrx_text), (6 bytes).
    Removing stm32f10x_gpio.o(i.GPIO_AFIODeInit), (20 bytes).
    Removing stm32f10x_gpio.o(i.GPIO_DeInit), (200 bytes).
    Removing stm32f10x_gpio.o(i.GPIO_ETH_MediaInterfaceConfig), (12 bytes).
    Removing stm32f10x_gpio.o(i.GPIO_EXTILineConfig), (64 bytes).
    Removing stm32f10x_gpio.o(i.GPIO_EventOutputCmd), (12 bytes).
    Removing stm32f10x_gpio.o(i.GPIO_EventOutputConfig), (32 bytes).
    Removing stm32f10x_gpio.o(i.GPIO_PinLockConfig), (18 bytes).
    Removing stm32f10x_gpio.o(i.GPIO_PinRemapConfig), (144 bytes).
    Removing stm32f10x_gpio.o(i.GPIO_ReadInputData), (8 bytes).
    Removing stm32f10x_gpio.o(i.GPIO_ReadInputDataBit), (18 bytes).
    Removing stm32f10x_gpio.o(i.GPIO_ReadOutputData), (8 bytes).
    Removing stm32f10x_gpio.o(i.GPIO_ReadOutputDataBit), (18 bytes).
    Removing stm32f10x_gpio.o(i.GPIO_ResetBits), (4 bytes).
    Removing stm32f10x_gpio.o(i.GPIO_StructInit), (16 bytes).
    Removing stm32f10x_gpio.o(i.GPIO_Write), (4 bytes).
    Removing stm32f10x_gpio.o(i.GPIO_WriteBit), (10 bytes).
    Removing stm32f10x_rcc.o(.rev16_text), (4 bytes).
    Removing stm32f10x_rcc.o(.revsh_text), (4 bytes).
    Removing stm32f10x_rcc.o(.rrx_text), (6 bytes).
    Removing stm32f10x_rcc.o(i.RCC_ADCCLKConfig), (24 bytes).
    Removing stm32f10x_rcc.o(i.RCC_AHBPeriphClockCmd), (32 bytes).
    Removing stm32f10x_rcc.o(i.RCC_APB1PeriphClockCmd), (32 bytes).
    Removing stm32f10x_rcc.o(i.RCC_APB1PeriphResetCmd), (32 bytes).
    Removing stm32f10x_rcc.o(i.RCC_APB2PeriphResetCmd), (32 bytes).
    Removing stm32f10x_rcc.o(i.RCC_AdjustHSICalibrationValue), (24 bytes).
    Removing stm32f10x_rcc.o(i.RCC_BackupResetCmd), (12 bytes).
    Removing stm32f10x_rcc.o(i.RCC_ClearFlag), (20 bytes).
    Removing stm32f10x_rcc.o(i.RCC_ClearITPendingBit), (12 bytes).
    Removing stm32f10x_rcc.o(i.RCC_ClockSecuritySystemCmd), (12 bytes).
    Removing stm32f10x_rcc.o(i.RCC_DeInit), (76 bytes).
    Removing stm32f10x_rcc.o(i.RCC_GetClocksFreq), (212 bytes).
    Removing stm32f10x_rcc.o(i.RCC_GetFlagStatus), (60 bytes).
    Removing stm32f10x_rcc.o(i.RCC_GetITStatus), (24 bytes).
    Removing stm32f10x_rcc.o(i.RCC_GetSYSCLKSource), (16 bytes).
    Removing stm32f10x_rcc.o(i.RCC_HCLKConfig), (24 bytes).
    Removing stm32f10x_rcc.o(i.RCC_HSEConfig), (76 bytes).
    Removing stm32f10x_rcc.o(i.RCC_HSICmd), (12 bytes).
    Removing stm32f10x_rcc.o(i.RCC_ITConfig), (32 bytes).
    Removing stm32f10x_rcc.o(i.RCC_LSEConfig), (52 bytes).
    Removing stm32f10x_rcc.o(i.RCC_LSICmd), (12 bytes).
    Removing stm32f10x_rcc.o(i.RCC_MCOConfig), (12 bytes).
    Removing stm32f10x_rcc.o(i.RCC_PCLK1Config), (24 bytes).
    Removing stm32f10x_rcc.o(i.RCC_PCLK2Config), (24 bytes).
    Removing stm32f10x_rcc.o(i.RCC_PLLCmd), (12 bytes).
    Removing stm32f10x_rcc.o(i.RCC_PLLConfig), (28 bytes).
    Removing stm32f10x_rcc.o(i.RCC_RTCCLKCmd), (12 bytes).
    Removing stm32f10x_rcc.o(i.RCC_RTCCLKConfig), (16 bytes).
    Removing stm32f10x_rcc.o(i.RCC_SYSCLKConfig), (24 bytes).
    Removing stm32f10x_rcc.o(i.RCC_USBCLKConfig), (12 bytes).
    Removing stm32f10x_rcc.o(i.RCC_WaitForHSEStartUp), (56 bytes).
    Removing stm32f10x_rcc.o(.data), (20 bytes).
    Removing stm32f10x_spi.o(.rev16_text), (4 bytes).
    Removing stm32f10x_spi.o(.revsh_text), (4 bytes).
    Removing stm32f10x_spi.o(.rrx_text), (6 bytes).
    Removing stm32f10x_spi.o(i.I2S_Cmd), (24 bytes).
    Removing stm32f10x_spi.o(i.I2S_Init), (232 bytes).
    Removing stm32f10x_spi.o(i.I2S_StructInit), (20 bytes).
    Removing stm32f10x_spi.o(i.SPI_BiDirectionalLineConfig), (28 bytes).
    Removing stm32f10x_spi.o(i.SPI_DataSizeConfig), (18 bytes).
    Removing stm32f10x_spi.o(i.SPI_GetCRC), (16 bytes).
    Removing stm32f10x_spi.o(i.SPI_GetCRCPolynomial), (6 bytes).
    Removing stm32f10x_spi.o(i.SPI_I2S_ClearFlag), (6 bytes).
    Removing stm32f10x_spi.o(i.SPI_I2S_ClearITPendingBit), (20 bytes).
    Removing stm32f10x_spi.o(i.SPI_I2S_DMACmd), (18 bytes).
    Removing stm32f10x_spi.o(i.SPI_I2S_DeInit), (88 bytes).
    Removing stm32f10x_spi.o(i.SPI_I2S_GetFlagStatus), (18 bytes).
    Removing stm32f10x_spi.o(i.SPI_I2S_GetITStatus), (52 bytes).
    Removing stm32f10x_spi.o(i.SPI_I2S_ReceiveData), (6 bytes).
    Removing stm32f10x_spi.o(i.SPI_I2S_SendData), (4 bytes).
    Removing stm32f10x_spi.o(i.SPI_NSSInternalSoftwareConfig), (30 bytes).
    Removing stm32f10x_spi.o(i.SPI_SSOutputCmd), (24 bytes).
    Removing stm32f10x_spi.o(i.SPI_StructInit), (24 bytes).
    Removing stm32f10x_spi.o(i.SPI_TransmitCRC), (10 bytes).
    Removing system_stm32f10x.o(.rev16_text), (4 bytes).
    Removing system_stm32f10x.o(.revsh_text), (4 bytes).
    Removing system_stm32f10x.o(.rrx_text), (6 bytes).

110 unused section(s) (total 3940 bytes) removed from the image.

==============================================================================

Image Symbol Table

    Local Symbols

    Symbol Name                              Value     Ov Type        Size  Object(Section)

    ../clib/angel/boardlib.s                 0x00000000   Number         0  boardinit3.o ABSOLUTE
    ../clib/angel/boardlib.s                 0x00000000   Number         0  boardshut.o ABSOLUTE
    ../clib/angel/boardlib.s                 0x00000000   Number         0  boardinit2.o ABSOLUTE
    ../clib/angel/boardlib.s                 0x00000000   Number         0  boardinit1.o ABSOLUTE
    ../clib/angel/dclz77c.s                  0x00000000   Number         0  __dclz77c.o ABSOLUTE
    ../clib/angel/kernel.s                   0x00000000   Number         0  __rtentry.o ABSOLUTE
    ../clib/angel/kernel.s                   0x00000000   Number         0  __rtentry2.o ABSOLUTE
    ../clib/angel/kernel.s                   0x00000000   Number         0  __rtentry4.o ABSOLUTE
    ../clib/angel/kernel.s                   0x00000000   Number         0  rtexit2.o ABSOLUTE
    ../clib/angel/kernel.s                   0x00000000   Number         0  rtexit.o ABSOLUTE
    ../clib/angel/rt.s                       0x00000000   Number         0  aeabi_ldiv0.o ABSOLUTE
    ../clib/angel/rt.s                       0x00000000   Number         0  rt_raise.o ABSOLUTE
    ../clib/angel/rt.s                       0x00000000   Number         0  aeabi_ldiv0_sigfpe.o ABSOLUTE
    ../clib/angel/rt.s                       0x00000000   Number         0  rt_div0.o ABSOLUTE
    ../clib/angel/scatter.s                  0x00000000   Number         0  __scatter.o ABSOLUTE
    ../clib/angel/startup.s                  0x00000000   Number         0  __main.o ABSOLUTE
    ../clib/angel/sys.s                      0x00000000   Number         0  use_no_semi.o ABSOLUTE
    ../clib/angel/sys.s                      0x00000000   Number         0  sys_stackheap_outer.o ABSOLUTE
    ../clib/angel/sys.s                      0x00000000   Number         0  indicate_semi.o ABSOLUTE
    ../clib/angel/sys.s                      0x00000000   Number         0  libspace.o ABSOLUTE
    ../clib/angel/sysapp.c                   0x00000000   Number         0  sys_command.o ABSOLUTE
    ../clib/angel/sysapp.c                   0x00000000   Number         0  sys_wrch.o ABSOLUTE
    ../clib/angel/sysapp.c                   0x00000000   Number         0  sys_exit.o ABSOLUTE
    ../clib/armsys.c                         0x00000000   Number         0  _get_argv_nomalloc.o ABSOLUTE
    ../clib/armsys.c                         0x00000000   Number         0  argv_veneer.o ABSOLUTE
    ../clib/armsys.c                         0x00000000   Number         0  no_argv.o ABSOLUTE
    ../clib/armsys.c                         0x00000000   Number         0  argv_veneer.o ABSOLUTE
    ../clib/heapalloc.c                      0x00000000   Number         0  hrguard.o ABSOLUTE
    ../clib/heapaux.c                        0x00000000   Number         0  heapauxi.o ABSOLUTE
    ../clib/libinit.s                        0x00000000   Number         0  libshutdown.o ABSOLUTE
    ../clib/libinit.s                        0x00000000   Number         0  libshutdown2.o ABSOLUTE
    ../clib/libinit.s                        0x00000000   Number         0  libinit2.o ABSOLUTE
    ../clib/libinit.s                        0x00000000   Number         0  libinit.o ABSOLUTE
    ../clib/longlong.s                       0x00000000   Number         0  lludivv7m.o ABSOLUTE
    ../clib/signal.c                         0x00000000   Number         0  defsig_rtmem_inner.o ABSOLUTE
    ../clib/signal.c                         0x00000000   Number         0  defsig_other.o ABSOLUTE
    ../clib/signal.c                         0x00000000   Number         0  defsig_fpe_inner.o ABSOLUTE
    ../clib/signal.c                         0x00000000   Number         0  defsig_exit.o ABSOLUTE
    ../clib/signal.c                         0x00000000   Number         0  defsig_segv_inner.o ABSOLUTE
    ../clib/signal.c                         0x00000000   Number         0  defsig_cppl_inner.o ABSOLUTE
    ../clib/signal.c                         0x00000000   Number         0  defsig_pvfn_inner.o ABSOLUTE
    ../clib/signal.c                         0x00000000   Number         0  defsig_stak_inner.o ABSOLUTE
    ../clib/signal.c                         0x00000000   Number         0  defsig_rtmem_formal.o ABSOLUTE
    ../clib/signal.c                         0x00000000   Number         0  defsig_rtmem_outer.o ABSOLUTE
    ../clib/signal.c                         0x00000000   Number         0  defsig_rtred_inner.o ABSOLUTE
    ../clib/signal.c                         0x00000000   Number         0  defsig_abrt_inner.o ABSOLUTE
    ../clib/signal.c                         0x00000000   Number         0  __raise.o ABSOLUTE
    ../clib/signal.c                         0x00000000   Number         0  defsig_fpe_formal.o ABSOLUTE
    ../clib/signal.c                         0x00000000   Number         0  defsig_fpe_outer.o ABSOLUTE
    ../clib/signal.c                         0x00000000   Number         0  defsig_general.o ABSOLUTE
    ../clib/signal.s                         0x00000000   Number         0  defsig.o ABSOLUTE
    ../clib/stdlib.c                         0x00000000   Number         0  exit.o ABSOLUTE
    ../clib/string.c                         0x00000000   Number         0  strlen.o ABSOLUTE
    ../fplib/daddsub.s                       0x00000000   Number         0  daddsub_clz.o ABSOLUTE
    ../fplib/dcmpi.s                         0x00000000   Number         0  dcmpi.o ABSOLUTE
    ../fplib/ddiv.s                          0x00000000   Number         0  ddiv.o ABSOLUTE
    ../fplib/dfixu.s                         0x00000000   Number         0  dfixu.o ABSOLUTE
    ../fplib/dfixull.s                       0x00000000   Number         0  dfixull.o ABSOLUTE
    ../fplib/dflt.s                          0x00000000   Number         0  dflt_clz.o ABSOLUTE
    ../fplib/dfltll.s                        0x00000000   Number         0  dfltll_clz.o ABSOLUTE
    ../fplib/dleqf.s                         0x00000000   Number         0  dleqf.o ABSOLUTE
    ../fplib/dmul.s                          0x00000000   Number         0  dmul.o ABSOLUTE
    ../fplib/dnaninf.s                       0x00000000   Number         0  dnaninf.o ABSOLUTE
    ../fplib/dretinf.s                       0x00000000   Number         0  dretinf.o ABSOLUTE
    ../fplib/fpinit.s                        0x00000000   Number         0  fpinit.o ABSOLUTE
    ../fplib/usenofp.s                       0x00000000   Number         0  usenofp.o ABSOLUTE
    0src\TFT_SPI.c                           0x00000000   Number         0  tft_spi.o ABSOLUTE
    0src\\TFT_SPI.c                          0x00000000   Number         0  tft_spi.o ABSOLUTE
    0src\\stm32_delay_asm.c                  0x00000000   Number         0  stm32_delay_asm.o ABSOLUTE
    0src\stm32_delay_asm.c                   0x00000000   Number         0  stm32_delay_asm.o ABSOLUTE
    C:\Keil_v5\ARM\PACK\Keil\STM32F1xx_DFP\2.2.0\Device\StdPeriph_Driver\src\misc.c 0x00000000   Number         0  misc.o ABSOLUTE
    C:\Keil_v5\ARM\PACK\Keil\STM32F1xx_DFP\2.2.0\Device\StdPeriph_Driver\src\stm32f10x_gpio.c 0x00000000   Number         0  stm32f10x_gpio.o ABSOLUTE
    C:\Keil_v5\ARM\PACK\Keil\STM32F1xx_DFP\2.2.0\Device\StdPeriph_Driver\src\stm32f10x_rcc.c 0x00000000   Number         0  stm32f10x_rcc.o ABSOLUTE
    C:\Keil_v5\ARM\PACK\Keil\STM32F1xx_DFP\2.2.0\Device\StdPeriph_Driver\src\stm32f10x_spi.c 0x00000000   Number         0  stm32f10x_spi.o ABSOLUTE
    C:\\Keil_v5\\ARM\\PACK\\Keil\\STM32F1xx_DFP\\2.2.0\\Device\\StdPeriph_Driver\\src\\misc.c 0x00000000   Number         0  misc.o ABSOLUTE
    C:\\Keil_v5\\ARM\\PACK\\Keil\\STM32F1xx_DFP\\2.2.0\\Device\\StdPeriph_Driver\\src\\stm32f10x_gpio.c 0x00000000   Number         0  stm32f10x_gpio.o ABSOLUTE
    C:\\Keil_v5\\ARM\\PACK\\Keil\\STM32F1xx_DFP\\2.2.0\\Device\\StdPeriph_Driver\\src\\stm32f10x_rcc.c 0x00000000   Number         0  stm32f10x_rcc.o ABSOLUTE
    C:\\Keil_v5\\ARM\\PACK\\Keil\\STM32F1xx_DFP\\2.2.0\\Device\\StdPeriph_Driver\\src\\stm32f10x_spi.c 0x00000000   Number         0  stm32f10x_spi.o ABSOLUTE
    RTE\Device\STM32F103C8\startup_stm32f10x_md.s 0x00000000   Number         0  startup_stm32f10x_md.o ABSOLUTE
    RTE\Device\STM32F103C8\system_stm32f10x.c 0x00000000   Number         0  system_stm32f10x.o ABSOLUTE
    RTE\\Device\\STM32F103C8\\system_stm32f10x.c 0x00000000   Number         0  system_stm32f10x.o ABSOLUTE
    btldr_main.c                             0x00000000   Number         0  btldr_main.o ABSOLUTE
    btldr_main.c                             0x00000000   Number         0  btldr_main.o ABSOLUTE
    dc.s                                     0x00000000   Number         0  dc.o ABSOLUTE
    RESET                                    0x08018000   Section      236  startup_stm32f10x_md.o(RESET)
    !!!main                                  0x080180ec   Section        8  __main.o(!!!main)
    !!!scatter                               0x080180f4   Section       52  __scatter.o(!!!scatter)
    !!dclz77c                                0x08018128   Section      100  __dclz77c.o(!!dclz77c)
    .ARM.Collect$$libinit$$00000000          0x0801818c   Section        2  libinit.o(.ARM.Collect$$libinit$$00000000)
    .ARM.Collect$$libinit$$00000002          0x0801818e   Section        0  libinit2.o(.ARM.Collect$$libinit$$00000002)
    .ARM.Collect$$libinit$$00000004          0x0801818e   Section        0  libinit2.o(.ARM.Collect$$libinit$$00000004)
    .ARM.Collect$$libinit$$0000000A          0x0801818e   Section        0  libinit2.o(.ARM.Collect$$libinit$$0000000A)
    .ARM.Collect$$libinit$$0000000C          0x0801818e   Section        0  libinit2.o(.ARM.Collect$$libinit$$0000000C)
    .ARM.Collect$$libinit$$0000000E          0x0801818e   Section        0  libinit2.o(.ARM.Collect$$libinit$$0000000E)
    .ARM.Collect$$libinit$$00000011          0x0801818e   Section        0  libinit2.o(.ARM.Collect$$libinit$$00000011)
    .ARM.Collect$$libinit$$00000013          0x0801818e   Section        0  libinit2.o(.ARM.Collect$$libinit$$00000013)
    .ARM.Collect$$libinit$$00000015          0x0801818e   Section        0  libinit2.o(.ARM.Collect$$libinit$$00000015)
    .ARM.Collect$$libinit$$00000017          0x0801818e   Section        0  libinit2.o(.ARM.Collect$$libinit$$00000017)
    .ARM.Collect$$libinit$$00000019          0x0801818e   Section        0  libinit2.o(.ARM.Collect$$libinit$$00000019)
    .ARM.Collect$$libinit$$0000001B          0x0801818e   Section        0  libinit2.o(.ARM.Collect$$libinit$$0000001B)
    .ARM.Collect$$libinit$$0000001D          0x0801818e   Section        0  libinit2.o(.ARM.Collect$$libinit$$0000001D)
    .ARM.Collect$$libinit$$0000001F          0x0801818e   Section        0  libinit2.o(.ARM.Collect$$libinit$$0000001F)
    .ARM.Collect$$libinit$$00000021          0x0801818e   Section        0  libinit2.o(.ARM.Collect$$libinit$$00000021)
    .ARM.Collect$$libinit$$00000023          0x0801818e   Section        0  libinit2.o(.ARM.Collect$$libinit$$00000023)
    .ARM.Collect$$libinit$$00000025          0x0801818e   Section        0  libinit2.o(.ARM.Collect$$libinit$$00000025)
    .ARM.Collect$$libinit$$0000002C          0x0801818e   Section        0  libinit2.o(.ARM.Collect$$libinit$$0000002C)
    .ARM.Collect$$libinit$$0000002E          0x0801818e   Section        0  libinit2.o(.ARM.Collect$$libinit$$0000002E)
    .ARM.Collect$$libinit$$00000030          0x0801818e   Section        0  libinit2.o(.ARM.Collect$$libinit$$00000030)
    .ARM.Collect$$libinit$$00000032          0x0801818e   Section        0  libinit2.o(.ARM.Collect$$libinit$$00000032)
    .ARM.Collect$$libinit$$00000033          0x0801818e   Section        2  libinit2.o(.ARM.Collect$$libinit$$00000033)
    .ARM.Collect$$libshutdown$$00000000      0x08018190   Section        2  libshutdown.o(.ARM.Collect$$libshutdown$$00000000)
    .ARM.Collect$$libshutdown$$00000002      0x08018192   Section        0  libshutdown2.o(.ARM.Collect$$libshutdown$$00000002)
    .ARM.Collect$$libshutdown$$00000004      0x08018192   Section        0  libshutdown2.o(.ARM.Collect$$libshutdown$$00000004)
    .ARM.Collect$$libshutdown$$00000007      0x08018192   Section        0  libshutdown2.o(.ARM.Collect$$libshutdown$$00000007)
    .ARM.Collect$$libshutdown$$0000000A      0x08018192   Section        0  libshutdown2.o(.ARM.Collect$$libshutdown$$0000000A)
    .ARM.Collect$$libshutdown$$0000000C      0x08018192   Section        0  libshutdown2.o(.ARM.Collect$$libshutdown$$0000000C)
    .ARM.Collect$$libshutdown$$0000000F      0x08018192   Section        0  libshutdown2.o(.ARM.Collect$$libshutdown$$0000000F)
    .ARM.Collect$$libshutdown$$00000010      0x08018192   Section        2  libshutdown2.o(.ARM.Collect$$libshutdown$$00000010)
    .ARM.Collect$$rtentry$$00000000          0x08018194   Section        0  __rtentry.o(.ARM.Collect$$rtentry$$00000000)
    .ARM.Collect$$rtentry$$00000002          0x08018194   Section        0  __rtentry2.o(.ARM.Collect$$rtentry$$00000002)
    .ARM.Collect$$rtentry$$00000004          0x08018194   Section        6  __rtentry4.o(.ARM.Collect$$rtentry$$00000004)
    .ARM.Collect$$rtentry$$00000009          0x0801819a   Section        0  __rtentry2.o(.ARM.Collect$$rtentry$$00000009)
    .ARM.Collect$$rtentry$$0000000A          0x0801819a   Section        4  __rtentry2.o(.ARM.Collect$$rtentry$$0000000A)
    .ARM.Collect$$rtentry$$0000000C          0x0801819e   Section        0  __rtentry2.o(.ARM.Collect$$rtentry$$0000000C)
    .ARM.Collect$$rtentry$$0000000D          0x0801819e   Section        8  __rtentry2.o(.ARM.Collect$$rtentry$$0000000D)
    .ARM.Collect$$rtexit$$00000000           0x080181a6   Section        2  rtexit.o(.ARM.Collect$$rtexit$$00000000)
    .ARM.Collect$$rtexit$$00000002           0x080181a8   Section        0  rtexit2.o(.ARM.Collect$$rtexit$$00000002)
    .ARM.Collect$$rtexit$$00000003           0x080181a8   Section        4  rtexit2.o(.ARM.Collect$$rtexit$$00000003)
    .ARM.Collect$$rtexit$$00000004           0x080181ac   Section        6  rtexit2.o(.ARM.Collect$$rtexit$$00000004)
    .emb_text                                0x080181b4   Section        6  stm32_delay_asm.o(.emb_text)
    .text                                    0x080181bc   Section       64  startup_stm32f10x_md.o(.text)
    .text                                    0x080181fc   Section        0  strlen.o(.text)
    .text                                    0x0801823a   Section        0  heapauxi.o(.text)
    .text                                    0x08018240   Section       74  sys_stackheap_outer.o(.text)
    .text                                    0x0801828a   Section        0  exit.o(.text)
    .text                                    0x0801829c   Section        8  libspace.o(.text)
    .text                                    0x080182a4   Section        0  sys_exit.o(.text)
    .text                                    0x080182b0   Section        2  use_no_semi.o(.text)
    .text                                    0x080182b2   Section        0  indicate_semi.o(.text)
    i.GPIO_Init                              0x080182b2   Section        0  stm32f10x_gpio.o(i.GPIO_Init)
    i.GPIO_SetBits                           0x080183c8   Section        0  stm32f10x_gpio.o(i.GPIO_SetBits)
    i.NVIC_SetVectorTable                    0x080183cc   Section        0  misc.o(i.NVIC_SetVectorTable)
    i.RCC_APB2PeriphClockCmd                 0x080183e0   Section        0  stm32f10x_rcc.o(i.RCC_APB2PeriphClockCmd)
    i.SPI1_IRQHandler                        0x08018400   Section        0  btldr_main.o(i.SPI1_IRQHandler)
    i.SPI_CalculateCRC                       0x08018444   Section        0  stm32f10x_spi.o(i.SPI_CalculateCRC)
    i.SPI_Cmd                                0x0801845c   Section        0  stm32f10x_spi.o(i.SPI_Cmd)
    i.SPI_I2S_ITConfig                       0x08018474   Section        0  stm32f10x_spi.o(i.SPI_I2S_ITConfig)
    i.SPI_Init                               0x08018494   Section        0  stm32f10x_spi.o(i.SPI_Init)
    i.SetSysClock                            0x080184d0   Section        0  system_stm32f10x.o(i.SetSysClock)
    SetSysClock                              0x080184d1   Thumb Code     8  system_stm32f10x.o(i.SetSysClock)
    i.SetSysClockTo72                        0x080184d8   Section        0  system_stm32f10x.o(i.SetSysClockTo72)
    SetSysClockTo72                          0x080184d9   Thumb Code   214  system_stm32f10x.o(i.SetSysClockTo72)
    i.Switch                                 0x080185b8   Section        0  tft_spi.o(i.Switch)
    i.SystemCoreClockUpdate                  0x08018c0c   Section        0  system_stm32f10x.o(i.SystemCoreClockUpdate)
    i.SystemInit                             0x08018cb0   Section        0  system_stm32f10x.o(i.SystemInit)
    i._delay_ms                              0x08018d10   Section        0  stm32_delay_asm.o(i._delay_ms)
    i.delay_init                             0x08018d58   Section        0  stm32_delay_asm.o(i.delay_init)
    i.main                                   0x08018d8c   Section        0  btldr_main.o(i.main)
    i.spi1_slave_init                        0x08018e10   Section        0  btldr_main.o(i.spi1_slave_init)
    i.tft_7x8                                0x08018ee0   Section        0  tft_spi.o(i.tft_7x8)
    i.tft_adr                                0x08018fc8   Section        0  tft_spi.o(i.tft_adr)
    i.tft_bgr                                0x08018fdc   Section        0  tft_spi.o(i.tft_bgr)
    i.tft_bksps                              0x08019064   Section        0  tft_spi.o(i.tft_bksps)
    i.tft_clear                              0x080190a0   Section        0  tft_spi.o(i.tft_clear)
    i.tft_newl                               0x080190c8   Section        0  tft_spi.o(i.tft_newl)
    i.tft_spi_command                        0x080190f4   Section        0  tft_spi.o(i.tft_spi_command)
    i.tft_spi_data                           0x08019168   Section        0  tft_spi.o(i.tft_spi_data)
    i.tft_w                                  0x080191dc   Section        0  tft_spi.o(i.tft_w)
    x$fpl$ddiv                               0x08019298   Section      688  ddiv.o(x$fpl$ddiv)
    ddiv_entry                               0x0801929f   Thumb Code     0  ddiv.o(x$fpl$ddiv)
    x$fpl$dfixu                              0x08019548   Section       90  dfixu.o(x$fpl$dfixu)
    x$fpl$dflt                               0x080195a2   Section       46  dflt_clz.o(x$fpl$dflt)
    x$fpl$dfltu                              0x080195d0   Section       38  dflt_clz.o(x$fpl$dfltu)
    x$fpl$dmul                               0x080195f8   Section      340  dmul.o(x$fpl$dmul)
    x$fpl$dnaninf                            0x0801974c   Section      156  dnaninf.o(x$fpl$dnaninf)
    x$fpl$dretinf                            0x080197e8   Section       12  dretinf.o(x$fpl$dretinf)
    x$fpl$usenofp                            0x080197f4   Section        0  usenofp.o(x$fpl$usenofp)
    .data                                    0x20000000   Section        8  stm32_delay_asm.o(.data)
    .data                                    0x20000008   Section      865  tft_spi.o(.data)
    .data                                    0x20000369   Section        1  btldr_main.o(.data)
    byte_cnt                                 0x20000369   Data           1  btldr_main.o(.data)
    .data                                    0x2000036c   Section       20  system_stm32f10x.o(.data)
    .bss                                     0x20000380   Section       20  tft_spi.o(.bss)
    .bss                                     0x20000394   Section       64  btldr_main.o(.bss)
    RX_BUF                                   0x20000394   Data          64  btldr_main.o(.bss)
    .bss                                     0x200003d4   Section       96  libspace.o(.bss)
    HEAP                                     0x20000438   Section      512  startup_stm32f10x_md.o(HEAP)
    Heap_Mem                                 0x20000438   Data         512  startup_stm32f10x_md.o(HEAP)
    STACK                                    0x20000638   Section     1024  startup_stm32f10x_md.o(STACK)
    Stack_Mem                                0x20000638   Data        1024  startup_stm32f10x_md.o(STACK)
    __initial_sp                             0x20000a38   Data           0  startup_stm32f10x_md.o(STACK)

    Global Symbols

    Symbol Name                              Value     Ov Type        Size  Object(Section)

    BuildAttributes$$THM_ISAv4$P$D$K$B$S$PE$A:L22UL41UL21$X:L11$S22US41US21$IEEE1$IW$USESV6$~STKCKD$USESV7$~SHL$OSPACE$ROPI$EBA8$UX$STANDARDLIB$REQ8$PRES8$EABIv2 0x00000000   Number         0  anon$$obj.o ABSOLUTE
    __ARM_use_no_argv                        0x00000000   Number         0  btldr_main.o ABSOLUTE
    __ARM_exceptions_init                     - Undefined Weak Reference
    __alloca_initialize                       - Undefined Weak Reference
    __arm_preinit_                            - Undefined Weak Reference
    __cpp_initialize__aeabi_                  - Undefined Weak Reference
    __cxa_finalize                            - Undefined Weak Reference
    __rt_locale                               - Undefined Weak Reference
    __sigvec_lookup                           - Undefined Weak Reference
    _atexit_init                              - Undefined Weak Reference
    _call_atexit_fns                          - Undefined Weak Reference
    _clock_init                               - Undefined Weak Reference
    _fp_trap_init                             - Undefined Weak Reference
    _fp_trap_shutdown                         - Undefined Weak Reference
    _get_lc_collate                           - Undefined Weak Reference
    _get_lc_ctype                             - Undefined Weak Reference
    _get_lc_monetary                          - Undefined Weak Reference
    _get_lc_numeric                           - Undefined Weak Reference
    _get_lc_time                              - Undefined Weak Reference
    _getenv_init                              - Undefined Weak Reference
    _handle_redirection                       - Undefined Weak Reference
    _init_alloc                               - Undefined Weak Reference
    _init_user_alloc                          - Undefined Weak Reference
    _initio                                   - Undefined Weak Reference
    _rand_init                                - Undefined Weak Reference
    _signal_finish                            - Undefined Weak Reference
    _signal_init                              - Undefined Weak Reference
    _terminate_alloc                          - Undefined Weak Reference
    _terminate_user_alloc                     - Undefined Weak Reference
    _terminateio                              - Undefined Weak Reference
    __Vectors_Size                           0x000000ec   Number         0  startup_stm32f10x_md.o ABSOLUTE
    __Vectors                                0x08018000   Data           4  startup_stm32f10x_md.o(RESET)
    __Vectors_End                            0x080180ec   Data           0  startup_stm32f10x_md.o(RESET)
    __main                                   0x080180ed   Thumb Code     8  __main.o(!!!main)
    __scatterload                            0x080180f5   Thumb Code     0  __scatter.o(!!!scatter)
    __scatterload_rt2                        0x080180f5   Thumb Code    44  __scatter.o(!!!scatter)
    __scatterload_rt2_thumb_only             0x080180f5   Thumb Code     0  __scatter.o(!!!scatter)
    __scatterload_null                       0x08018103   Thumb Code     0  __scatter.o(!!!scatter)
    __decompress                             0x08018129   Thumb Code   100  __dclz77c.o(!!dclz77c)
    __decompress2                            0x08018129   Thumb Code     0  __dclz77c.o(!!dclz77c)
    __rt_lib_init                            0x0801818d   Thumb Code     0  libinit.o(.ARM.Collect$$libinit$$00000000)
    __rt_lib_init_alloca_1                   0x0801818f   Thumb Code     0  libinit2.o(.ARM.Collect$$libinit$$0000002E)
    __rt_lib_init_argv_1                     0x0801818f   Thumb Code     0  libinit2.o(.ARM.Collect$$libinit$$0000002C)
    __rt_lib_init_atexit_1                   0x0801818f   Thumb Code     0  libinit2.o(.ARM.Collect$$libinit$$0000001B)
    __rt_lib_init_clock_1                    0x0801818f   Thumb Code     0  libinit2.o(.ARM.Collect$$libinit$$00000021)
    __rt_lib_init_cpp_1                      0x0801818f   Thumb Code     0  libinit2.o(.ARM.Collect$$libinit$$00000032)
    __rt_lib_init_exceptions_1               0x0801818f   Thumb Code     0  libinit2.o(.ARM.Collect$$libinit$$00000030)
    __rt_lib_init_fp_1                       0x0801818f   Thumb Code     0  libinit2.o(.ARM.Collect$$libinit$$00000002)
    __rt_lib_init_fp_trap_1                  0x0801818f   Thumb Code     0  libinit2.o(.ARM.Collect$$libinit$$0000001F)
    __rt_lib_init_getenv_1                   0x0801818f   Thumb Code     0  libinit2.o(.ARM.Collect$$libinit$$00000023)
    __rt_lib_init_heap_1                     0x0801818f   Thumb Code     0  libinit2.o(.ARM.Collect$$libinit$$0000000A)
    __rt_lib_init_lc_collate_1               0x0801818f   Thumb Code     0  libinit2.o(.ARM.Collect$$libinit$$00000011)
    __rt_lib_init_lc_ctype_1                 0x0801818f   Thumb Code     0  libinit2.o(.ARM.Collect$$libinit$$00000013)
    __rt_lib_init_lc_monetary_1              0x0801818f   Thumb Code     0  libinit2.o(.ARM.Collect$$libinit$$00000015)
    __rt_lib_init_lc_numeric_1               0x0801818f   Thumb Code     0  libinit2.o(.ARM.Collect$$libinit$$00000017)
    __rt_lib_init_lc_time_1                  0x0801818f   Thumb Code     0  libinit2.o(.ARM.Collect$$libinit$$00000019)
    __rt_lib_init_preinit_1                  0x0801818f   Thumb Code     0  libinit2.o(.ARM.Collect$$libinit$$00000004)
    __rt_lib_init_rand_1                     0x0801818f   Thumb Code     0  libinit2.o(.ARM.Collect$$libinit$$0000000E)
    __rt_lib_init_return                     0x0801818f   Thumb Code     0  libinit2.o(.ARM.Collect$$libinit$$00000033)
    __rt_lib_init_signal_1                   0x0801818f   Thumb Code     0  libinit2.o(.ARM.Collect$$libinit$$0000001D)
    __rt_lib_init_stdio_1                    0x0801818f   Thumb Code     0  libinit2.o(.ARM.Collect$$libinit$$00000025)
    __rt_lib_init_user_alloc_1               0x0801818f   Thumb Code     0  libinit2.o(.ARM.Collect$$libinit$$0000000C)
    __rt_lib_shutdown                        0x08018191   Thumb Code     0  libshutdown.o(.ARM.Collect$$libshutdown$$00000000)
    __rt_lib_shutdown_cpp_1                  0x08018193   Thumb Code     0  libshutdown2.o(.ARM.Collect$$libshutdown$$00000002)
    __rt_lib_shutdown_fp_trap_1              0x08018193   Thumb Code     0  libshutdown2.o(.ARM.Collect$$libshutdown$$00000007)
    __rt_lib_shutdown_heap_1                 0x08018193   Thumb Code     0  libshutdown2.o(.ARM.Collect$$libshutdown$$0000000F)
    __rt_lib_shutdown_return                 0x08018193   Thumb Code     0  libshutdown2.o(.ARM.Collect$$libshutdown$$00000010)
    __rt_lib_shutdown_signal_1               0x08018193   Thumb Code     0  libshutdown2.o(.ARM.Collect$$libshutdown$$0000000A)
    __rt_lib_shutdown_stdio_1                0x08018193   Thumb Code     0  libshutdown2.o(.ARM.Collect$$libshutdown$$00000004)
    __rt_lib_shutdown_user_alloc_1           0x08018193   Thumb Code     0  libshutdown2.o(.ARM.Collect$$libshutdown$$0000000C)
    __rt_entry                               0x08018195   Thumb Code     0  __rtentry.o(.ARM.Collect$$rtentry$$00000000)
    __rt_entry_presh_1                       0x08018195   Thumb Code     0  __rtentry2.o(.ARM.Collect$$rtentry$$00000002)
    __rt_entry_sh                            0x08018195   Thumb Code     0  __rtentry4.o(.ARM.Collect$$rtentry$$00000004)
    __rt_entry_li                            0x0801819b   Thumb Code     0  __rtentry2.o(.ARM.Collect$$rtentry$$0000000A)
    __rt_entry_postsh_1                      0x0801819b   Thumb Code     0  __rtentry2.o(.ARM.Collect$$rtentry$$00000009)
    __rt_entry_main                          0x0801819f   Thumb Code     0  __rtentry2.o(.ARM.Collect$$rtentry$$0000000D)
    __rt_entry_postli_1                      0x0801819f   Thumb Code     0  __rtentry2.o(.ARM.Collect$$rtentry$$0000000C)
    __rt_exit                                0x080181a7   Thumb Code     0  rtexit.o(.ARM.Collect$$rtexit$$00000000)
    __rt_exit_ls                             0x080181a9   Thumb Code     0  rtexit2.o(.ARM.Collect$$rtexit$$00000003)
    __rt_exit_prels_1                        0x080181a9   Thumb Code     0  rtexit2.o(.ARM.Collect$$rtexit$$00000002)
    __rt_exit_exit                           0x080181ad   Thumb Code     0  rtexit2.o(.ARM.Collect$$rtexit$$00000004)
    _delay_loop                              0x080181b5   Thumb Code     6  stm32_delay_asm.o(.emb_text)
    Reset_Handler                            0x080181bd   Thumb Code     8  startup_stm32f10x_md.o(.text)
    NMI_Handler                              0x080181c5   Thumb Code     2  startup_stm32f10x_md.o(.text)
    HardFault_Handler                        0x080181c7   Thumb Code     2  startup_stm32f10x_md.o(.text)
    MemManage_Handler                        0x080181c9   Thumb Code     2  startup_stm32f10x_md.o(.text)
    BusFault_Handler                         0x080181cb   Thumb Code     2  startup_stm32f10x_md.o(.text)
    UsageFault_Handler                       0x080181cd   Thumb Code     2  startup_stm32f10x_md.o(.text)
    SVC_Handler                              0x080181cf   Thumb Code     2  startup_stm32f10x_md.o(.text)
    DebugMon_Handler                         0x080181d1   Thumb Code     2  startup_stm32f10x_md.o(.text)
    PendSV_Handler                           0x080181d3   Thumb Code     2  startup_stm32f10x_md.o(.text)
    SysTick_Handler                          0x080181d5   Thumb Code     2  startup_stm32f10x_md.o(.text)
    ADC1_2_IRQHandler                        0x080181d7   Thumb Code     0  startup_stm32f10x_md.o(.text)
    CAN1_RX1_IRQHandler                      0x080181d7   Thumb Code     0  startup_stm32f10x_md.o(.text)
    CAN1_SCE_IRQHandler                      0x080181d7   Thumb Code     0  startup_stm32f10x_md.o(.text)
    DMA1_Channel1_IRQHandler                 0x080181d7   Thumb Code     0  startup_stm32f10x_md.o(.text)
    DMA1_Channel2_IRQHandler                 0x080181d7   Thumb Code     0  startup_stm32f10x_md.o(.text)
    DMA1_Channel3_IRQHandler                 0x080181d7   Thumb Code     0  startup_stm32f10x_md.o(.text)
    DMA1_Channel4_IRQHandler                 0x080181d7   Thumb Code     0  startup_stm32f10x_md.o(.text)
    DMA1_Channel5_IRQHandler                 0x080181d7   Thumb Code     0  startup_stm32f10x_md.o(.text)
    DMA1_Channel6_IRQHandler                 0x080181d7   Thumb Code     0  startup_stm32f10x_md.o(.text)
    DMA1_Channel7_IRQHandler                 0x080181d7   Thumb Code     0  startup_stm32f10x_md.o(.text)
    EXTI0_IRQHandler                         0x080181d7   Thumb Code     0  startup_stm32f10x_md.o(.text)
    EXTI15_10_IRQHandler                     0x080181d7   Thumb Code     0  startup_stm32f10x_md.o(.text)
    EXTI1_IRQHandler                         0x080181d7   Thumb Code     0  startup_stm32f10x_md.o(.text)
    EXTI2_IRQHandler                         0x080181d7   Thumb Code     0  startup_stm32f10x_md.o(.text)
    EXTI3_IRQHandler                         0x080181d7   Thumb Code     0  startup_stm32f10x_md.o(.text)
    EXTI4_IRQHandler                         0x080181d7   Thumb Code     0  startup_stm32f10x_md.o(.text)
    EXTI9_5_IRQHandler                       0x080181d7   Thumb Code     0  startup_stm32f10x_md.o(.text)
    FLASH_IRQHandler                         0x080181d7   Thumb Code     0  startup_stm32f10x_md.o(.text)
    I2C1_ER_IRQHandler                       0x080181d7   Thumb Code     0  startup_stm32f10x_md.o(.text)
    I2C1_EV_IRQHandler                       0x080181d7   Thumb Code     0  startup_stm32f10x_md.o(.text)
    I2C2_ER_IRQHandler                       0x080181d7   Thumb Code     0  startup_stm32f10x_md.o(.text)
    I2C2_EV_IRQHandler                       0x080181d7   Thumb Code     0  startup_stm32f10x_md.o(.text)
    PVD_IRQHandler                           0x080181d7   Thumb Code     0  startup_stm32f10x_md.o(.text)
    RCC_IRQHandler                           0x080181d7   Thumb Code     0  startup_stm32f10x_md.o(.text)
    RTCAlarm_IRQHandler                      0x080181d7   Thumb Code     0  startup_stm32f10x_md.o(.text)
    RTC_IRQHandler                           0x080181d7   Thumb Code     0  startup_stm32f10x_md.o(.text)
    SPI2_IRQHandler                          0x080181d7   Thumb Code     0  startup_stm32f10x_md.o(.text)
    TAMPER_IRQHandler                        0x080181d7   Thumb Code     0  startup_stm32f10x_md.o(.text)
    TIM1_BRK_IRQHandler                      0x080181d7   Thumb Code     0  startup_stm32f10x_md.o(.text)
    TIM1_CC_IRQHandler                       0x080181d7   Thumb Code     0  startup_stm32f10x_md.o(.text)
    TIM1_TRG_COM_IRQHandler                  0x080181d7   Thumb Code     0  startup_stm32f10x_md.o(.text)
    TIM1_UP_IRQHandler                       0x080181d7   Thumb Code     0  startup_stm32f10x_md.o(.text)
    TIM2_IRQHandler                          0x080181d7   Thumb Code     0  startup_stm32f10x_md.o(.text)
    TIM3_IRQHandler                          0x080181d7   Thumb Code     0  startup_stm32f10x_md.o(.text)
    TIM4_IRQHandler                          0x080181d7   Thumb Code     0  startup_stm32f10x_md.o(.text)
    USART1_IRQHandler                        0x080181d7   Thumb Code     0  startup_stm32f10x_md.o(.text)
    USART2_IRQHandler                        0x080181d7   Thumb Code     0  startup_stm32f10x_md.o(.text)
    USART3_IRQHandler                        0x080181d7   Thumb Code     0  startup_stm32f10x_md.o(.text)
    USBWakeUp_IRQHandler                     0x080181d7   Thumb Code     0  startup_stm32f10x_md.o(.text)
    USB_HP_CAN1_TX_IRQHandler                0x080181d7   Thumb Code     0  startup_stm32f10x_md.o(.text)
    USB_LP_CAN1_RX0_IRQHandler               0x080181d7   Thumb Code     0  startup_stm32f10x_md.o(.text)
    WWDG_IRQHandler                          0x080181d7   Thumb Code     0  startup_stm32f10x_md.o(.text)
    __user_initial_stackheap                 0x080181d9   Thumb Code     0  startup_stm32f10x_md.o(.text)
    strlen                                   0x080181fd   Thumb Code    62  strlen.o(.text)
    __use_two_region_memory                  0x0801823b   Thumb Code     2  heapauxi.o(.text)
    __rt_heap_escrow$2region                 0x0801823d   Thumb Code     2  heapauxi.o(.text)
    __rt_heap_expand$2region                 0x0801823f   Thumb Code     2  heapauxi.o(.text)
    __user_setup_stackheap                   0x08018241   Thumb Code    74  sys_stackheap_outer.o(.text)
    exit                                     0x0801828b   Thumb Code    18  exit.o(.text)
    __user_libspace                          0x0801829d   Thumb Code     8  libspace.o(.text)
    __user_perproc_libspace                  0x0801829d   Thumb Code     0  libspace.o(.text)
    __user_perthread_libspace                0x0801829d   Thumb Code     0  libspace.o(.text)
    _sys_exit                                0x080182a5   Thumb Code     8  sys_exit.o(.text)
    __I$use$semihosting                      0x080182b1   Thumb Code     0  use_no_semi.o(.text)
    __use_no_semihosting_swi                 0x080182b1   Thumb Code     2  use_no_semi.o(.text)
    GPIO_Init                                0x080182b3   Thumb Code   278  stm32f10x_gpio.o(i.GPIO_Init)
    __semihosting_library_function           0x080182b3   Thumb Code     0  indicate_semi.o(.text)
    GPIO_SetBits                             0x080183c9   Thumb Code     4  stm32f10x_gpio.o(i.GPIO_SetBits)
    NVIC_SetVectorTable                      0x080183cd   Thumb Code    12  misc.o(i.NVIC_SetVectorTable)
    RCC_APB2PeriphClockCmd                   0x080183e1   Thumb Code    26  stm32f10x_rcc.o(i.RCC_APB2PeriphClockCmd)
    SPI1_IRQHandler                          0x08018401   Thumb Code    54  btldr_main.o(i.SPI1_IRQHandler)
    SPI_CalculateCRC                         0x08018445   Thumb Code    24  stm32f10x_spi.o(i.SPI_CalculateCRC)
    SPI_Cmd                                  0x0801845d   Thumb Code    24  stm32f10x_spi.o(i.SPI_Cmd)
    SPI_I2S_ITConfig                         0x08018475   Thumb Code    32  stm32f10x_spi.o(i.SPI_I2S_ITConfig)
    SPI_Init                                 0x08018495   Thumb Code    60  stm32f10x_spi.o(i.SPI_Init)
    Switch                                   0x080185b9   Thumb Code  1588  tft_spi.o(i.Switch)
    SystemCoreClockUpdate                    0x08018c0d   Thumb Code   142  system_stm32f10x.o(i.SystemCoreClockUpdate)
    SystemInit                               0x08018cb1   Thumb Code    78  system_stm32f10x.o(i.SystemInit)
    _delay_ms                                0x08018d11   Thumb Code    62  stm32_delay_asm.o(i._delay_ms)
    delay_init                               0x08018d59   Thumb Code    40  stm32_delay_asm.o(i.delay_init)
    main                                     0x08018d8d   Thumb Code    84  btldr_main.o(i.main)
    spi1_slave_init                          0x08018e11   Thumb Code   194  btldr_main.o(i.spi1_slave_init)
    tft_7x8                                  0x08018ee1   Thumb Code   214  tft_spi.o(i.tft_7x8)
    tft_adr                                  0x08018fc9   Thumb Code    10  tft_spi.o(i.tft_adr)
    tft_bgr                                  0x08018fdd   Thumb Code   124  tft_spi.o(i.tft_bgr)
    tft_bksps                                0x08019065   Thumb Code    52  tft_spi.o(i.tft_bksps)
    tft_clear                                0x080190a1   Thumb Code    28  tft_spi.o(i.tft_clear)
    tft_newl                                 0x080190c9   Thumb Code    34  tft_spi.o(i.tft_newl)
    tft_spi_command                          0x080190f5   Thumb Code   108  tft_spi.o(i.tft_spi_command)
    tft_spi_data                             0x08019169   Thumb Code   108  tft_spi.o(i.tft_spi_data)
    tft_w                                    0x080191dd   Thumb Code   174  tft_spi.o(i.tft_w)
    __aeabi_ddiv                             0x08019299   Thumb Code     0  ddiv.o(x$fpl$ddiv)
    _ddiv                                    0x08019299   Thumb Code   552  ddiv.o(x$fpl$ddiv)
    __aeabi_d2uiz                            0x08019549   Thumb Code     0  dfixu.o(x$fpl$dfixu)
    _dfixu                                   0x08019549   Thumb Code    90  dfixu.o(x$fpl$dfixu)
    __aeabi_i2d                              0x080195a3   Thumb Code     0  dflt_clz.o(x$fpl$dflt)
    _dflt                                    0x080195a3   Thumb Code    46  dflt_clz.o(x$fpl$dflt)
    __aeabi_ui2d                             0x080195d1   Thumb Code     0  dflt_clz.o(x$fpl$dfltu)
    _dfltu                                   0x080195d1   Thumb Code    38  dflt_clz.o(x$fpl$dfltu)
    __aeabi_dmul                             0x080195f9   Thumb Code     0  dmul.o(x$fpl$dmul)
    _dmul                                    0x080195f9   Thumb Code   332  dmul.o(x$fpl$dmul)
    __fpl_dnaninf                            0x0801974d   Thumb Code   156  dnaninf.o(x$fpl$dnaninf)
    __fpl_dretinf                            0x080197e9   Thumb Code    12  dretinf.o(x$fpl$dretinf)
    Region$$Table$$Base                      0x080197f4   Number         0  anon$$obj.o(Region$$Table)
    __I$use$fp                               0x080197f4   Number         0  usenofp.o(x$fpl$usenofp)
    Region$$Table$$Limit                     0x08019804   Number         0  anon$$obj.o(Region$$Table)
    sys_clk_var                              0x20000000   Data           1  stm32_delay_asm.o(.data)
    __ticks                                  0x20000004   Data           4  stm32_delay_asm.o(.data)
    zero                                     0x20000008   Data          20  tft_spi.o(.data)
    uno                                      0x2000001c   Data          20  tft_spi.o(.data)
    two                                      0x20000030   Data          20  tft_spi.o(.data)
    three                                    0x20000044   Data          20  tft_spi.o(.data)
    four                                     0x20000058   Data          20  tft_spi.o(.data)
    five                                     0x2000006c   Data          20  tft_spi.o(.data)
    six                                      0x20000080   Data          20  tft_spi.o(.data)
    seven                                    0x20000094   Data          20  tft_spi.o(.data)
    eight                                    0x200000a8   Data          20  tft_spi.o(.data)
    nine                                     0x200000bc   Data          20  tft_spi.o(.data)
    point                                    0x200000d0   Data          20  tft_spi.o(.data)
    comma                                    0x200000e4   Data          20  tft_spi.o(.data)
    colon                                    0x200000f8   Data          20  tft_spi.o(.data)
    underscore                               0x2000010c   Data          20  tft_spi.o(.data)
    minus                                    0x20000120   Data          20  tft_spi.o(.data)
    plus                                     0x20000134   Data          20  tft_spi.o(.data)
    equals                                   0x20000148   Data          20  tft_spi.o(.data)
    A                                        0x2000015c   Data          20  tft_spi.o(.data)
    B                                        0x20000170   Data          20  tft_spi.o(.data)
    C                                        0x20000184   Data          20  tft_spi.o(.data)
    D                                        0x20000198   Data          20  tft_spi.o(.data)
    E                                        0x200001ac   Data          20  tft_spi.o(.data)
    F                                        0x200001c0   Data          20  tft_spi.o(.data)
    G                                        0x200001d4   Data          20  tft_spi.o(.data)
    H                                        0x200001e8   Data          20  tft_spi.o(.data)
    I                                        0x200001fc   Data          20  tft_spi.o(.data)
    J                                        0x20000210   Data          20  tft_spi.o(.data)
    K                                        0x20000224   Data          20  tft_spi.o(.data)
    L                                        0x20000238   Data          20  tft_spi.o(.data)
    M                                        0x2000024c   Data          20  tft_spi.o(.data)
    N                                        0x20000260   Data          20  tft_spi.o(.data)
    O                                        0x20000274   Data          20  tft_spi.o(.data)
    P                                        0x20000288   Data          20  tft_spi.o(.data)
    Q                                        0x2000029c   Data          20  tft_spi.o(.data)
    R                                        0x200002b0   Data          20  tft_spi.o(.data)
    S                                        0x200002c4   Data          20  tft_spi.o(.data)
    T                                        0x200002d8   Data          20  tft_spi.o(.data)
    U                                        0x200002ec   Data          20  tft_spi.o(.data)
    V                                        0x20000300   Data          20  tft_spi.o(.data)
    W                                        0x20000314   Data          20  tft_spi.o(.data)
    X                                        0x20000328   Data          20  tft_spi.o(.data)
    Y                                        0x2000033c   Data          20  tft_spi.o(.data)
    Z                                        0x20000350   Data          20  tft_spi.o(.data)
    bgR                                      0x20000364   Data           1  tft_spi.o(.data)
    bgG                                      0x20000365   Data           1  tft_spi.o(.data)
    bgB                                      0x20000366   Data           1  tft_spi.o(.data)
    crdX                                     0x20000367   Data           1  tft_spi.o(.data)
    crdY                                     0x20000368   Data           1  tft_spi.o(.data)
    SystemCoreClock                          0x2000036c   Data           4  system_stm32f10x.o(.data)
    AHBPrescTable                            0x20000370   Data          16  system_stm32f10x.o(.data)
    num_arr                                  0x20000380   Data          20  tft_spi.o(.bss)
    __libspace_start                         0x200003d4   Data          96  libspace.o(.bss)
    __temporary_stack_top$libspace           0x20000434   Data           0  libspace.o(.bss)



==============================================================================

Memory Map of the image

  Image Entry point : 0x080180ed

  Load Region LR_IROM1 (Base: 0x08018000, Size: 0x00001b84, Max: 0x00008000, ABSOLUTE, COMPRESSED[0x00001974])

    Execution Region ER_IROM1 (Exec base: 0x08018000, Load base: 0x08018000, Size: 0x00001804, Max: 0x00008000, ABSOLUTE)

    Exec Addr    Load Addr    Size         Type   Attr      Idx    E Section Name        Object

    0x08018000   0x08018000   0x000000ec   Data   RO          861    RESET               startup_stm32f10x_md.o
    0x080180ec   0x080180ec   0x00000008   Code   RO          920  * !!!main             c_w.l(__main.o)
    0x080180f4   0x080180f4   0x00000034   Code   RO         1128    !!!scatter          c_w.l(__scatter.o)
    0x08018128   0x08018128   0x00000064   Code   RO         1126    !!dclz77c           c_w.l(__dclz77c.o)
    0x0801818c   0x0801818c   0x00000002   Code   RO          996    .ARM.Collect$$libinit$$00000000  c_w.l(libinit.o)
    0x0801818e   0x0801818e   0x00000000   Code   RO         1009    .ARM.Collect$$libinit$$00000002  c_w.l(libinit2.o)
    0x0801818e   0x0801818e   0x00000000   Code   RO         1011    .ARM.Collect$$libinit$$00000004  c_w.l(libinit2.o)
    0x0801818e   0x0801818e   0x00000000   Code   RO         1014    .ARM.Collect$$libinit$$0000000A  c_w.l(libinit2.o)
    0x0801818e   0x0801818e   0x00000000   Code   RO         1016    .ARM.Collect$$libinit$$0000000C  c_w.l(libinit2.o)
    0x0801818e   0x0801818e   0x00000000   Code   RO         1018    .ARM.Collect$$libinit$$0000000E  c_w.l(libinit2.o)
    0x0801818e   0x0801818e   0x00000000   Code   RO         1021    .ARM.Collect$$libinit$$00000011  c_w.l(libinit2.o)
    0x0801818e   0x0801818e   0x00000000   Code   RO         1023    .ARM.Collect$$libinit$$00000013  c_w.l(libinit2.o)
    0x0801818e   0x0801818e   0x00000000   Code   RO         1025    .ARM.Collect$$libinit$$00000015  c_w.l(libinit2.o)
    0x0801818e   0x0801818e   0x00000000   Code   RO         1027    .ARM.Collect$$libinit$$00000017  c_w.l(libinit2.o)
    0x0801818e   0x0801818e   0x00000000   Code   RO         1029    .ARM.Collect$$libinit$$00000019  c_w.l(libinit2.o)
    0x0801818e   0x0801818e   0x00000000   Code   RO         1031    .ARM.Collect$$libinit$$0000001B  c_w.l(libinit2.o)
    0x0801818e   0x0801818e   0x00000000   Code   RO         1033    .ARM.Collect$$libinit$$0000001D  c_w.l(libinit2.o)
    0x0801818e   0x0801818e   0x00000000   Code   RO         1035    .ARM.Collect$$libinit$$0000001F  c_w.l(libinit2.o)
    0x0801818e   0x0801818e   0x00000000   Code   RO         1037    .ARM.Collect$$libinit$$00000021  c_w.l(libinit2.o)
    0x0801818e   0x0801818e   0x00000000   Code   RO         1039    .ARM.Collect$$libinit$$00000023  c_w.l(libinit2.o)
    0x0801818e   0x0801818e   0x00000000   Code   RO         1041    .ARM.Collect$$libinit$$00000025  c_w.l(libinit2.o)
    0x0801818e   0x0801818e   0x00000000   Code   RO         1045    .ARM.Collect$$libinit$$0000002C  c_w.l(libinit2.o)
    0x0801818e   0x0801818e   0x00000000   Code   RO         1047    .ARM.Collect$$libinit$$0000002E  c_w.l(libinit2.o)
    0x0801818e   0x0801818e   0x00000000   Code   RO         1049    .ARM.Collect$$libinit$$00000030  c_w.l(libinit2.o)
    0x0801818e   0x0801818e   0x00000000   Code   RO         1051    .ARM.Collect$$libinit$$00000032  c_w.l(libinit2.o)
    0x0801818e   0x0801818e   0x00000002   Code   RO         1052    .ARM.Collect$$libinit$$00000033  c_w.l(libinit2.o)
    0x08018190   0x08018190   0x00000002   Code   RO         1083    .ARM.Collect$$libshutdown$$00000000  c_w.l(libshutdown.o)
    0x08018192   0x08018192   0x00000000   Code   RO         1109    .ARM.Collect$$libshutdown$$00000002  c_w.l(libshutdown2.o)
    0x08018192   0x08018192   0x00000000   Code   RO         1111    .ARM.Collect$$libshutdown$$00000004  c_w.l(libshutdown2.o)
    0x08018192   0x08018192   0x00000000   Code   RO         1114    .ARM.Collect$$libshutdown$$00000007  c_w.l(libshutdown2.o)
    0x08018192   0x08018192   0x00000000   Code   RO         1117    .ARM.Collect$$libshutdown$$0000000A  c_w.l(libshutdown2.o)
    0x08018192   0x08018192   0x00000000   Code   RO         1119    .ARM.Collect$$libshutdown$$0000000C  c_w.l(libshutdown2.o)
    0x08018192   0x08018192   0x00000000   Code   RO         1122    .ARM.Collect$$libshutdown$$0000000F  c_w.l(libshutdown2.o)
    0x08018192   0x08018192   0x00000002   Code   RO         1123    .ARM.Collect$$libshutdown$$00000010  c_w.l(libshutdown2.o)
    0x08018194   0x08018194   0x00000000   Code   RO          954    .ARM.Collect$$rtentry$$00000000  c_w.l(__rtentry.o)
    0x08018194   0x08018194   0x00000000   Code   RO          967    .ARM.Collect$$rtentry$$00000002  c_w.l(__rtentry2.o)
    0x08018194   0x08018194   0x00000006   Code   RO          979    .ARM.Collect$$rtentry$$00000004  c_w.l(__rtentry4.o)
    0x0801819a   0x0801819a   0x00000000   Code   RO          969    .ARM.Collect$$rtentry$$00000009  c_w.l(__rtentry2.o)
    0x0801819a   0x0801819a   0x00000004   Code   RO          970    .ARM.Collect$$rtentry$$0000000A  c_w.l(__rtentry2.o)
    0x0801819e   0x0801819e   0x00000000   Code   RO          972    .ARM.Collect$$rtentry$$0000000C  c_w.l(__rtentry2.o)
    0x0801819e   0x0801819e   0x00000008   Code   RO          973    .ARM.Collect$$rtentry$$0000000D  c_w.l(__rtentry2.o)
    0x080181a6   0x080181a6   0x00000002   Code   RO         1000    .ARM.Collect$$rtexit$$00000000  c_w.l(rtexit.o)
    0x080181a8   0x080181a8   0x00000000   Code   RO         1056    .ARM.Collect$$rtexit$$00000002  c_w.l(rtexit2.o)
    0x080181a8   0x080181a8   0x00000004   Code   RO         1057    .ARM.Collect$$rtexit$$00000003  c_w.l(rtexit2.o)
    0x080181ac   0x080181ac   0x00000006   Code   RO         1058    .ARM.Collect$$rtexit$$00000004  c_w.l(rtexit2.o)
    0x080181b2   0x080181b2   0x00000002   PAD
    0x080181b4   0x080181b4   0x00000006   Code   RO            4    .emb_text           stm32_delay_asm.o
    0x080181ba   0x080181ba   0x00000002   PAD
    0x080181bc   0x080181bc   0x00000040   Code   RO          862    .text               startup_stm32f10x_md.o
    0x080181fc   0x080181fc   0x0000003e   Code   RO          916    .text               c_w.l(strlen.o)
    0x0801823a   0x0801823a   0x00000006   Code   RO          918    .text               c_w.l(heapauxi.o)
    0x08018240   0x08018240   0x0000004a   Code   RO          983    .text               c_w.l(sys_stackheap_outer.o)
    0x0801828a   0x0801828a   0x00000012   Code   RO          985    .text               c_w.l(exit.o)
    0x0801829c   0x0801829c   0x00000008   Code   RO          997    .text               c_w.l(libspace.o)
    0x080182a4   0x080182a4   0x0000000c   Code   RO         1053    .text               c_w.l(sys_exit.o)
    0x080182b0   0x080182b0   0x00000002   Code   RO         1072    .text               c_w.l(use_no_semi.o)
    0x080182b2   0x080182b2   0x00000000   Code   RO         1074    .text               c_w.l(indicate_semi.o)
    0x080182b2   0x080182b2   0x00000116   Code   RO          374    i.GPIO_Init         stm32f10x_gpio.o
    0x080183c8   0x080183c8   0x00000004   Code   RO          382    i.GPIO_SetBits      stm32f10x_gpio.o
    0x080183cc   0x080183cc   0x00000014   Code   RO          322    i.NVIC_SetVectorTable  misc.o
    0x080183e0   0x080183e0   0x00000020   Code   RO          498    i.RCC_APB2PeriphClockCmd  stm32f10x_rcc.o
    0x08018400   0x08018400   0x00000044   Code   RO          277    i.SPI1_IRQHandler   btldr_main.o
    0x08018444   0x08018444   0x00000018   Code   RO          710    i.SPI_CalculateCRC  stm32f10x_spi.o
    0x0801845c   0x0801845c   0x00000018   Code   RO          711    i.SPI_Cmd           stm32f10x_spi.o
    0x08018474   0x08018474   0x00000020   Code   RO          721    i.SPI_I2S_ITConfig  stm32f10x_spi.o
    0x08018494   0x08018494   0x0000003c   Code   RO          724    i.SPI_Init          stm32f10x_spi.o
    0x080184d0   0x080184d0   0x00000008   Code   RO          869    i.SetSysClock       system_stm32f10x.o
    0x080184d8   0x080184d8   0x000000e0   Code   RO          870    i.SetSysClockTo72   system_stm32f10x.o
    0x080185b8   0x080185b8   0x00000654   Code   RO           94    i.Switch            tft_spi.o
    0x08018c0c   0x08018c0c   0x000000a4   Code   RO          871    i.SystemCoreClockUpdate  system_stm32f10x.o
    0x08018cb0   0x08018cb0   0x00000060   Code   RO          872    i.SystemInit        system_stm32f10x.o
    0x08018d10   0x08018d10   0x00000048   Code   RO            5    i._delay_ms         stm32_delay_asm.o
    0x08018d58   0x08018d58   0x00000034   Code   RO            7    i.delay_init        stm32_delay_asm.o
    0x08018d8c   0x08018d8c   0x00000084   Code   RO          278    i.main              btldr_main.o
    0x08018e10   0x08018e10   0x000000d0   Code   RO          279    i.spi1_slave_init   btldr_main.o
    0x08018ee0   0x08018ee0   0x000000e8   Code   RO           98    i.tft_7x8           tft_spi.o
    0x08018fc8   0x08018fc8   0x00000014   Code   RO           99    i.tft_adr           tft_spi.o
    0x08018fdc   0x08018fdc   0x00000088   Code   RO          100    i.tft_bgr           tft_spi.o
    0x08019064   0x08019064   0x0000003c   Code   RO          101    i.tft_bksps         tft_spi.o
    0x080190a0   0x080190a0   0x00000028   Code   RO          102    i.tft_clear         tft_spi.o
    0x080190c8   0x080190c8   0x0000002c   Code   RO          111    i.tft_newl          tft_spi.o
    0x080190f4   0x080190f4   0x00000074   Code   RO          113    i.tft_spi_command   tft_spi.o
    0x08019168   0x08019168   0x00000074   Code   RO          114    i.tft_spi_data      tft_spi.o
    0x080191dc   0x080191dc   0x000000bc   Code   RO          116    i.tft_w             tft_spi.o
    0x08019298   0x08019298   0x000002b0   Code   RO          929    x$fpl$ddiv          fz_ws.l(ddiv.o)
    0x08019548   0x08019548   0x0000005a   Code   RO          932    x$fpl$dfixu         fz_ws.l(dfixu.o)
    0x080195a2   0x080195a2   0x0000002e   Code   RO          941    x$fpl$dflt          fz_ws.l(dflt_clz.o)
    0x080195d0   0x080195d0   0x00000026   Code   RO          940    x$fpl$dfltu         fz_ws.l(dflt_clz.o)
    0x080195f6   0x080195f6   0x00000002   PAD
    0x080195f8   0x080195f8   0x00000154   Code   RO          952    x$fpl$dmul          fz_ws.l(dmul.o)
    0x0801974c   0x0801974c   0x0000009c   Code   RO          961    x$fpl$dnaninf       fz_ws.l(dnaninf.o)
    0x080197e8   0x080197e8   0x0000000c   Code   RO          963    x$fpl$dretinf       fz_ws.l(dretinf.o)
    0x080197f4   0x080197f4   0x00000000   Code   RO          965    x$fpl$usenofp       fz_ws.l(usenofp.o)
    0x080197f4   0x080197f4   0x00000010   Data   RO         1124    Region$$Table       anon$$obj.o


    Execution Region RW_IRAM1 (Exec base: 0x20000000, Load base: 0x08019804, Size: 0x00000a38, Max: 0x00005000, ABSOLUTE, UNINIT, COMPRESSED[0x00000170])

    Exec Addr    Load Addr    Size         Type   Attr      Idx    E Section Name        Object

    0x20000000   COMPRESSED   0x00000008   Data   RW            8    .data               stm32_delay_asm.o
    0x20000008   COMPRESSED   0x00000361   Data   RW          119    .data               tft_spi.o
    0x20000369   COMPRESSED   0x00000001   Data   RW          281    .data               btldr_main.o
    0x2000036a   COMPRESSED   0x00000002   PAD
    0x2000036c   COMPRESSED   0x00000014   Data   RW          873    .data               system_stm32f10x.o
    0x20000380        -       0x00000014   Zero   RW          118    .bss                tft_spi.o
    0x20000394        -       0x00000040   Zero   RW          280    .bss                btldr_main.o
    0x200003d4        -       0x00000060   Zero   RW          998    .bss                c_w.l(libspace.o)
    0x20000434   COMPRESSED   0x00000004   PAD
    0x20000438        -       0x00000200   Zero   RW          860    HEAP                startup_stm32f10x_md.o
    0x20000638        -       0x00000400   Zero   RW          859    STACK               startup_stm32f10x_md.o


==============================================================================

Image component sizes


      Code (inc. data)   RO Data    RW Data    ZI Data      Debug   Object Name

       408         76          0          1         64      27202   btldr_main.o
        20          8          0          0          0        570   misc.o
        64         26        236          0       1536        828   startup_stm32f10x_md.o
       130         22          0          8          0     223383   stm32_delay_asm.o
       282          0          0          0          0       2583   stm32f10x_gpio.o
        32          6          0          0          0        605   stm32f10x_rcc.o
       140          0          0          0          0       3615   stm32f10x_spi.o
       492         50          0         20          0       3037   system_stm32f10x.o
      2572        378          0        865         20      11592   tft_spi.o

    ----------------------------------------------------------------------
      4142        566        252        896       1620     273415   Object Totals
         0          0         16          0          0          0   (incl. Generated)
         2          0          0          2          0          0   (incl. Padding)

    ----------------------------------------------------------------------

      Code (inc. data)   RO Data    RW Data    ZI Data      Debug   Library Member Name

       100          0          0          0          0          0   __dclz77c.o
         8          0          0          0          0         68   __main.o
         0          0          0          0          0          0   __rtentry.o
        12          0          0          0          0          0   __rtentry2.o
         6          0          0          0          0          0   __rtentry4.o
        52          8          0          0          0          0   __scatter.o
        18          0          0          0          0         80   exit.o
         6          0          0          0          0        152   heapauxi.o
         0          0          0          0          0          0   indicate_semi.o
         2          0          0          0          0          0   libinit.o
         2          0          0          0          0          0   libinit2.o
         2          0          0          0          0          0   libshutdown.o
         2          0          0          0          0          0   libshutdown2.o
         8          4          0          0         96         68   libspace.o
         2          0          0          0          0          0   rtexit.o
        10          0          0          0          0          0   rtexit2.o
        62          0          0          0          0         76   strlen.o
        12          4          0          0          0         68   sys_exit.o
        74          0          0          0          0         80   sys_stackheap_outer.o
         2          0          0          0          0         68   use_no_semi.o
       688        140          0          0          0        208   ddiv.o
        90          4          0          0          0         92   dfixu.o
        84          0          0          0          0        136   dflt_clz.o
       340         12          0          0          0        104   dmul.o
       156          4          0          0          0         92   dnaninf.o
        12          0          0          0          0         68   dretinf.o
         0          0          0          0          0          0   usenofp.o

    ----------------------------------------------------------------------
      1754        176          0          0        100       1360   Library Totals
         4          0          0          0          4          0   (incl. Padding)

    ----------------------------------------------------------------------

      Code (inc. data)   RO Data    RW Data    ZI Data      Debug   Library Name

       380         16          0          0         96        660   c_w.l
      1370        160          0          0          0        700   fz_ws.l

    ----------------------------------------------------------------------
      1754        176          0          0        100       1360   Library Totals

    ----------------------------------------------------------------------

==============================================================================


      Code (inc. data)   RO Data    RW Data    ZI Data      Debug   

      5896        742        252        896       1720     272831   Grand Totals
      5896        742        252        368       1720     272831   ELF Image Totals (compressed)
      5896        742        252        368          0          0   ROM Totals

==============================================================================

    Total RO  Size (Code + RO Data)                 6148 (   6.00kB)
    Total RW  Size (RW Data + ZI Data)              2616 (   2.55kB)
    Total ROM Size (Code + RO Data + RW Data)       6516 (   6.36kB)

==============================================================================

